Archive member included to satisfy reference by file (symbol)

../../libDaisy//build/libdaisy.a(daisy_seed.o)
                              build/touchTest.o (daisy::DaisySeed::GetPin(unsigned char))
../../libDaisy//build/libdaisy.a(codec_ak4556.o)
                              ../../libDaisy//build/libdaisy.a(daisy_seed.o) (daisy::Ak4556::Init(dsy_gpio_pin))
../../libDaisy//build/libdaisy.a(codec_wm8731.o)
                              ../../libDaisy//build/libdaisy.a(daisy_seed.o) (daisy::Wm8731::Init(daisy::Wm8731::Config const&, daisy::I2CHandle))
../../libDaisy//build/libdaisy.a(sdram.o)
                              ../../libDaisy//build/libdaisy.a(daisy_seed.o) (SdramHandle::Init())
../../libDaisy//build/libdaisy.a(audio.o)
                              ../../libDaisy//build/libdaisy.a(daisy_seed.o) (daisy::AudioHandle::Init(daisy::AudioHandle::Config const&, daisy::SaiHandle))
../../libDaisy//build/libdaisy.a(gpio.o)
                              build/touchTest.o (dsy_gpio_init)
../../libDaisy//build/libdaisy.a(i2c.o)
                              build/touchTest.o (daisy::I2CHandle::Init(daisy::I2CHandle::Config const&))
../../libDaisy//build/libdaisy.a(qspi.o)
                              ../../libDaisy//build/libdaisy.a(daisy_seed.o) (daisy::QSPIHandle::Init(daisy::QSPIHandle::Config const&))
../../libDaisy//build/libdaisy.a(sai.o)
                              ../../libDaisy//build/libdaisy.a(daisy_seed.o) (daisy::SaiHandle::Init(daisy::SaiHandle::Config const&))
../../libDaisy//build/libdaisy.a(spi.o)
                              build/touchTest.o (daisy::SpiHandle::Init(daisy::SpiHandle::Config const&))
../../libDaisy//build/libdaisy.a(system.o)
                              ../../libDaisy//build/libdaisy.a(daisy_seed.o) (daisy::System::DeInit())
../../libDaisy//build/libdaisy.a(system_stm32h7xx.o)
                              build/startup_stm32h750xx.o (SystemInit)
../../libDaisy//build/libdaisy.a(usbd_conf.o)
                              ../../libDaisy//build/libdaisy.a(system.o) (hpcd_USB_OTG_HS)
../../libDaisy//build/libdaisy.a(usbh_conf.o)
                              ../../libDaisy//build/libdaisy.a(system.o) (hhcd_USB_OTG_HS)
../../libDaisy//build/libdaisy.a(hal_map.o)
                              ../../libDaisy//build/libdaisy.a(gpio.o) (dsy_hal_map_get_port)
../../libDaisy//build/libdaisy.a(oled_fonts.o)
                              build/touchTest.o (Font_11x18)
../../libDaisy//build/libdaisy.a(stm32h7xx_hal.o)
                              ../../libDaisy//build/libdaisy.a(system.o) (HAL_Init)
../../libDaisy//build/libdaisy.a(stm32h7xx_hal_cortex.o)
                              ../../libDaisy//build/libdaisy.a(stm32h7xx_hal.o) (HAL_NVIC_SetPriorityGrouping)
../../libDaisy//build/libdaisy.a(stm32h7xx_hal_dma.o)
                              ../../libDaisy//build/libdaisy.a(i2c.o) (HAL_DMA_Init)
../../libDaisy//build/libdaisy.a(stm32h7xx_hal_gpio.o)
                              ../../libDaisy//build/libdaisy.a(sdram.o) (HAL_GPIO_Init)
../../libDaisy//build/libdaisy.a(stm32h7xx_hal_hcd.o)
                              ../../libDaisy//build/libdaisy.a(usbh_conf.o) (HAL_HCD_HC_Init)
../../libDaisy//build/libdaisy.a(stm32h7xx_hal_i2c.o)
                              ../../libDaisy//build/libdaisy.a(i2c.o) (HAL_I2C_Init)
../../libDaisy//build/libdaisy.a(stm32h7xx_hal_i2c_ex.o)
                              ../../libDaisy//build/libdaisy.a(i2c.o) (HAL_I2CEx_ConfigAnalogFilter)
../../libDaisy//build/libdaisy.a(stm32h7xx_hal_pcd.o)
                              ../../libDaisy//build/libdaisy.a(usbd_conf.o) (HAL_PCD_Init)
../../libDaisy//build/libdaisy.a(stm32h7xx_hal_pcd_ex.o)
                              ../../libDaisy//build/libdaisy.a(usbd_conf.o) (HAL_PCDEx_SetTxFiFo)
../../libDaisy//build/libdaisy.a(stm32h7xx_hal_pwr_ex.o)
                              ../../libDaisy//build/libdaisy.a(system.o) (HAL_PWREx_ConfigSupply)
../../libDaisy//build/libdaisy.a(stm32h7xx_hal_qspi.o)
                              ../../libDaisy//build/libdaisy.a(qspi.o) (HAL_QSPI_Init)
../../libDaisy//build/libdaisy.a(stm32h7xx_hal_rcc.o)
                              ../../libDaisy//build/libdaisy.a(system.o) (HAL_RCC_OscConfig)
../../libDaisy//build/libdaisy.a(stm32h7xx_hal_rcc_ex.o)
                              ../../libDaisy//build/libdaisy.a(system.o) (HAL_RCCEx_PeriphCLKConfig)
../../libDaisy//build/libdaisy.a(stm32h7xx_hal_sai.o)
                              ../../libDaisy//build/libdaisy.a(sai.o) (HAL_SAI_InitProtocol)
../../libDaisy//build/libdaisy.a(stm32h7xx_hal_sdram.o)
                              ../../libDaisy//build/libdaisy.a(sdram.o) (HAL_SDRAM_Init)
../../libDaisy//build/libdaisy.a(stm32h7xx_hal_spi.o)
                              ../../libDaisy//build/libdaisy.a(spi.o) (HAL_SPI_Init)
../../libDaisy//build/libdaisy.a(stm32h7xx_ll_fmc.o)
                              ../../libDaisy//build/libdaisy.a(stm32h7xx_hal_sdram.o) (FMC_SDRAM_Init)
[...]
Memory Configuration

Name             Origin             Length             Attributes
FLASH            0x0000000008000000 0x0000000000020000 xr
DTCMRAM          0x0000000020000000 0x0000000000020000 xrw
SRAM             0x0000000024000000 0x0000000000080000 xrw
RAM_D2           0x0000000030000000 0x0000000000048000 xrw
RAM_D3           0x0000000038000000 0x0000000000010000 xrw
ITCMRAM          0x0000000000000000 0x0000000000010000 xrw
SDRAM            0x00000000c0000000 0x0000000004000000 xrw
QSPIFLASH        0x0000000090000000 0x0000000000800000 xr
*default*        0x0000000000000000 0xffffffffffffffff

Linker script and memory map

LOAD /opt/homebrew/Cellar/arm-none-eabi-gcc/10.3-2021.07/gcc/bin/../lib/gcc/arm-none-eabi/10.3.1/thumb/v7e-m+dp/hard/crti.o
LOAD /opt/homebrew/Cellar/arm-none-eabi-gcc/10.3-2021.07/gcc/bin/../lib/gcc/arm-none-eabi/10.3.1/thumb/v7e-m+dp/hard/crtbegin.o
LOAD /opt/homebrew/Cellar/arm-none-eabi-gcc/10.3-2021.07/gcc/bin/../lib/gcc/arm-none-eabi/10.3.1/../../../../arm-none-eabi/lib/thumb/v7e-m+dp/hard/crt0.o
LOAD build/startup_stm32h750xx.o
LOAD build/touchTest.o
LOAD ../../libDaisy//build/libdaisy.a
LOAD /opt/homebrew/Cellar/arm-none-eabi-gcc/10.3-2021.07/gcc/bin/../lib/gcc/arm-none-eabi/10.3.1/../../../../arm-none-eabi/lib/thumb/v7e-m+dp/hard/libnosys.a
LOAD ../../DaisySP//build/libdaisysp.a
LOAD /opt/homebrew/Cellar/arm-none-eabi-gcc/10.3-2021.07/gcc/bin/../lib/gcc/arm-none-eabi/10.3.1/../../../../arm-none-eabi/lib/thumb/v7e-m+dp/hard/libstdc++_nano.a
LOAD /opt/homebrew/Cellar/arm-none-eabi-gcc/10.3-2021.07/gcc/bin/../lib/gcc/arm-none-eabi/10.3.1/../../../../arm-none-eabi/lib/thumb/v7e-m+dp/hard/libm.a
LOAD /opt/homebrew/Cellar/arm-none-eabi-gcc/10.3-2021.07/gcc/bin/../lib/gcc/arm-none-eabi/10.3.1/../../../../arm-none-eabi/lib/thumb/v7e-m+dp/hard/libc_nano.a
START GROUP
LOAD /opt/homebrew/Cellar/arm-none-eabi-gcc/10.3-2021.07/gcc/bin/../lib/gcc/arm-none-eabi/10.3.1/thumb/v7e-m+dp/hard/libgcc.a
LOAD /opt/homebrew/Cellar/arm-none-eabi-gcc/10.3-2021.07/gcc/bin/../lib/gcc/arm-none-eabi/10.3.1/../../../../arm-none-eabi/lib/thumb/v7e-m+dp/hard/libc_nano.a
END GROUP
START GROUP
LOAD /opt/homebrew/Cellar/arm-none-eabi-gcc/10.3-2021.07/gcc/bin/../lib/gcc/arm-none-eabi/10.3.1/thumb/v7e-m+dp/hard/libgcc.a
LOAD /opt/homebrew/Cellar/arm-none-eabi-gcc/10.3-2021.07/gcc/bin/../lib/gcc/arm-none-eabi/10.3.1/../../../../arm-none-eabi/lib/thumb/v7e-m+dp/hard/libc_nano.a
LOAD /opt/homebrew/Cellar/arm-none-eabi-gcc/10.3-2021.07/gcc/bin/../lib/gcc/arm-none-eabi/10.3.1/../../../../arm-none-eabi/lib/thumb/v7e-m+dp/hard/libnosys.a
END GROUP
START GROUP
LOAD /opt/homebrew/Cellar/arm-none-eabi-gcc/10.3-2021.07/gcc/bin/../lib/gcc/arm-none-eabi/10.3.1/thumb/v7e-m+dp/hard/libgcc.a
LOAD /opt/homebrew/Cellar/arm-none-eabi-gcc/10.3-2021.07/gcc/bin/../lib/gcc/arm-none-eabi/10.3.1/../../../../arm-none-eabi/lib/thumb/v7e-m+dp/hard/libc_nano.a
LOAD /opt/homebrew/Cellar/arm-none-eabi-gcc/10.3-2021.07/gcc/bin/../lib/gcc/arm-none-eabi/10.3.1/../../../../arm-none-eabi/lib/thumb/v7e-m+dp/hard/libnosys.a
END GROUP
LOAD /opt/homebrew/Cellar/arm-none-eabi-gcc/10.3-2021.07/gcc/bin/../lib/gcc/arm-none-eabi/10.3.1/thumb/v7e-m+dp/hard/crtend.o
LOAD /opt/homebrew/Cellar/arm-none-eabi-gcc/10.3-2021.07/gcc/bin/../lib/gcc/arm-none-eabi/10.3.1/thumb/v7e-m+dp/hard/crtn.o
                0x0000000020020000                _estack = 0x20020000

.isr_vector     0x0000000008000000      0x298
                0x0000000008000000                . = ALIGN (0x4)
 *(.isr_vector)
 .isr_vector    0x0000000008000000      0x298 build/startup_stm32h750xx.o
                0x0000000008000000                g_pfnVectors
                0x0000000008000298                . = ALIGN (0x4)

.text           0x00000000080002a0    0x14854
                0x00000000080002a0                . = ALIGN (0x4)
                0x00000000080002a0                _stext = .
 *(.text)
 .text          0x00000000080002a0       0x40 /opt/homebrew/Cellar/arm-none-eabi-gcc/10.3-2021.07/gcc/bin/../lib/gcc/arm-none-eabi/10.3.1/thumb/v7e-m+dp/hard/crtbegin.o
 .text          0x00000000080002e0       0xa0 /opt/homebrew/Cellar/arm-none-eabi-gcc/10.3-2021.07/gcc/bin/../lib/gcc/arm-none-eabi/10.3.1/../../../../arm-none-eabi/lib/thumb/v7e-m+dp/hard/libc_nano.a(lib_a-memchr.o)
                0x00000000080002e0                memchr
 .text          0x0000000008000380      0x378 /opt/homebrew/Cellar/arm-none-eabi-gcc/10.3-2021.07/gcc/bin/../lib/gcc/arm-none-eabi/10.3.1/thumb/v7e-m+dp/hard/libgcc.a(_arm_addsubdf3.o)
                0x0000000008000380                __aeabi_drsub
                0x0000000008000388                __subdf3
                0x0000000008000388                __aeabi_dsub
                0x000000000800038c                __aeabi_dadd
                0x000000000800038c                __adddf3
                0x0000000008000604                __aeabi_ui2d
                0x0000000008000604                __floatunsidf
                0x0000000008000624                __floatsidf
                0x0000000008000624                __aeabi_i2d
                0x0000000008000648                __extendsfdf2
                0x0000000008000648                __aeabi_f2d
                0x000000000800068c                __aeabi_ul2d
                0x000000000800068c                __floatundidf
                0x000000000800069c                __aeabi_l2d
                0x000000000800069c                __floatdidf
 .text          0x00000000080006f8       0x30 /opt/homebrew/Cellar/arm-none-eabi-gcc/10.3-2021.07/gcc/bin/../lib/gcc/arm-none-eabi/10.3.1/thumb/v7e-m+dp/hard/libgcc.a(_aeabi_uldivmod.o)
                0x00000000080006f8                __aeabi_uldivmod
 .text          0x0000000008000728      0x2d0 /opt/homebrew/Cellar/arm-none-eabi-gcc/10.3-2021.07/gcc/bin/../lib/gcc/arm-none-eabi/10.3.1/thumb/v7e-m+dp/hard/libgcc.a(_udivmoddi4.o)
                0x0000000008000728                __udivmoddi4
 .text          0x00000000080009f8        0x4 /opt/homebrew/Cellar/arm-none-eabi-gcc/10.3-2021.07/gcc/bin/../lib/gcc/arm-none-eabi/10.3.1/thumb/v7e-m+dp/hard/libgcc.a(_dvmd_tls.o)
                0x00000000080009f8                __aeabi_ldiv0
                0x00000000080009f8                __aeabi_idiv0
 *(.text*)
 .text.Default_Handler
                0x00000000080009fc        0x4 build/startup_stm32h750xx.o
                0x00000000080009fc                SAI1_IRQHandler
                0x00000000080009fc                HASH_RNG_IRQHandler
                0x00000000080009fc                EXTI2_IRQHandler
                0x00000000080009fc                TIM8_CC_IRQHandler
                0x00000000080009fc                HRTIM1_Master_IRQHandler
                0x00000000080009fc                DebugMon_Handler
                0x00000000080009fc                TIM1_CC_IRQHandler
                0x00000000080009fc                BDMA_Channel6_IRQHandler
                0x00000000080009fc                DMA2_Stream5_IRQHandler
                0x00000000080009fc                HRTIM1_FLT_IRQHandler
                0x00000000080009fc                JPEG_IRQHandler
                0x00000000080009fc                BDMA_Channel1_IRQHandler
                0x00000000080009fc                HRTIM1_TIMD_IRQHandler
                0x00000000080009fc                TAMP_STAMP_IRQHandler
                0x00000000080009fc                PendSV_Handler
                0x00000000080009fc                NMI_Handler
                0x00000000080009fc                EXTI3_IRQHandler
                0x00000000080009fc                LPTIM4_IRQHandler
                0x00000000080009fc                TIM8_TRG_COM_TIM14_IRQHandler
                0x00000000080009fc                LPTIM2_IRQHandler
                0x00000000080009fc                DFSDM1_FLT1_IRQHandler
                0x00000000080009fc                DMAMUX2_OVR_IRQHandler
                0x00000000080009fc                TIM8_UP_TIM13_IRQHandler
                0x00000000080009fc                I2C3_ER_IRQHandler
                0x00000000080009fc                DFSDM1_FLT2_IRQHandler
                0x00000000080009fc                MDMA_IRQHandler
                0x00000000080009fc                LPTIM3_IRQHandler
                0x00000000080009fc                HSEM1_IRQHandler
                0x00000000080009fc                EXTI0_IRQHandler
                0x00000000080009fc                DMA1_Stream2_IRQHandler
                0x00000000080009fc                FPU_IRQHandler
                0x00000000080009fc                OTG_HS_WKUP_IRQHandler
                0x00000000080009fc                FDCAN1_IT1_IRQHandler
                0x00000000080009fc                UsageFault_Handler
                0x00000000080009fc                LTDC_ER_IRQHandler
                0x00000000080009fc                HRTIM1_TIME_IRQHandler
                0x00000000080009fc                TIM6_DAC_IRQHandler
                0x00000000080009fc                DCMI_IRQHandler
                0x00000000080009fc                HRTIM1_TIMC_IRQHandler
                0x00000000080009fc                SAI2_IRQHandler
                0x00000000080009fc                DFSDM1_FLT3_IRQHandler
                0x00000000080009fc                TIM17_IRQHandler
                0x00000000080009fc                CRYP_IRQHandler
                0x00000000080009fc                BDMA_Channel7_IRQHandler
                0x00000000080009fc                LPTIM5_IRQHandler
                0x00000000080009fc                ADC3_IRQHandler
                0x00000000080009fc                DMA2_Stream0_IRQHandler
                0x00000000080009fc                BDMA_Channel2_IRQHandler
                0x00000000080009fc                DMAMUX1_OVR_IRQHandler
                0x00000000080009fc                TIM16_IRQHandler
                0x00000000080009fc                BDMA_Channel5_IRQHandler
                0x00000000080009fc                RCC_IRQHandler
                0x00000000080009fc                TIM8_BRK_TIM12_IRQHandler
                0x00000000080009fc                TIM1_TRG_COM_IRQHandler
                0x00000000080009fc                Default_Handler
                0x00000000080009fc                ECC_IRQHandler
                0x00000000080009fc                CEC_IRQHandler
                0x00000000080009fc                EXTI15_10_IRQHandler
                0x00000000080009fc                BDMA_Channel0_IRQHandler
                0x00000000080009fc                ADC_IRQHandler
                0x00000000080009fc                DMA1_Stream7_IRQHandler
                0x00000000080009fc                HRTIM1_TIMA_IRQHandler
                0x00000000080009fc                TIM7_IRQHandler
                0x00000000080009fc                SDMMC1_IRQHandler
                0x00000000080009fc                DMA2_Stream7_IRQHandler
                0x00000000080009fc                TIM15_IRQHandler
                0x00000000080009fc                PVD_AVD_IRQHandler
                0x00000000080009fc                EXTI9_5_IRQHandler
                0x00000000080009fc                RTC_WKUP_IRQHandler
                0x00000000080009fc                LTDC_IRQHandler
                0x00000000080009fc                SAI3_IRQHandler
                0x00000000080009fc                ETH_WKUP_IRQHandler
                0x00000000080009fc                SPDIF_RX_IRQHandler
                0x00000000080009fc                MemManage_Handler
                0x00000000080009fc                SVC_Handler
                0x00000000080009fc                CRS_IRQHandler
                0x00000000080009fc                EXTI4_IRQHandler
                0x00000000080009fc                HRTIM1_TIMB_IRQHandler
                0x00000000080009fc                FDCAN2_IT1_IRQHandler
                0x00000000080009fc                ETH_IRQHandler
                0x00000000080009fc                TIM1_UP_IRQHandler
                0x00000000080009fc                BDMA_Channel4_IRQHandler
                0x00000000080009fc                WWDG_IRQHandler
                0x00000000080009fc                SPI6_IRQHandler
                0x00000000080009fc                I2C4_EV_IRQHandler
                0x00000000080009fc                MDIOS_IRQHandler
                0x00000000080009fc                FDCAN2_IT0_IRQHandler
                0x00000000080009fc                FDCAN1_IT0_IRQHandler
                0x00000000080009fc                OTG_FS_WKUP_IRQHandler
                0x00000000080009fc                DMA2D_IRQHandler
                0x00000000080009fc                TIM1_BRK_IRQHandler
                0x00000000080009fc                EXTI1_IRQHandler
                0x00000000080009fc                SDMMC2_IRQHandler
                0x00000000080009fc                OTG_FS_EP1_OUT_IRQHandler
                0x00000000080009fc                BDMA_Channel3_IRQHandler
                0x00000000080009fc                MDIOS_WKUP_IRQHandler
                0x00000000080009fc                DFSDM1_FLT0_IRQHandler
                0x00000000080009fc                SAI4_IRQHandler
                0x00000000080009fc                I2C2_ER_IRQHandler
                0x00000000080009fc                DMA2_Stream1_IRQHandler
                0x00000000080009fc                FLASH_IRQHandler
                0x00000000080009fc                BusFault_Handler
                0x00000000080009fc                OTG_FS_IRQHandler
                0x00000000080009fc                WAKEUP_PIN_IRQHandler
                0x00000000080009fc                OTG_FS_EP1_IN_IRQHandler
                0x00000000080009fc                I2C1_ER_IRQHandler
                0x00000000080009fc                FMC_IRQHandler
                0x00000000080009fc                FDCAN_CAL_IRQHandler
                0x00000000080009fc                SWPMI1_IRQHandler
                0x00000000080009fc                COMP1_IRQHandler
                0x00000000080009fc                LPTIM1_IRQHandler
                0x00000000080009fc                I2C4_ER_IRQHandler
                0x00000000080009fc                DMA2_Stream6_IRQHandler
                0x00000000080009fc                RTC_Alarm_IRQHandler
 .text.Reset_Handler
                0x0000000008000a00       0x44 build/startup_stm32h750xx.o
                0x0000000008000a00                Reset_Handler
 .text._ZN5daisy9DaisySeedD2Ev
                0x0000000008000a44        0x4 build/touchTest.o
                0x0000000008000a44                daisy::DaisySeed::~DaisySeed()
                0x0000000008000a44                daisy::DaisySeed::~DaisySeed()
 .text._ZN7daisysp10OscillatorD2Ev
                0x0000000008000a48        0x4 build/touchTest.o
                0x0000000008000a48                daisysp::Oscillator::~Oscillator()
                0x0000000008000a48                daisysp::Oscillator::~Oscillator()
 .text._ZN5daisy11OledDisplayINS_13SSD130xDriverILj128ELj64ENS_24SSD130x4WireSpiTransportEEEE4FillEb
                0x0000000008000a4c       0x10 build/touchTest.o
                0x0000000008000a4c                daisy::OledDisplay<daisy::SSD130xDriver<128u, 64u, daisy::SSD130x4WireSpiTransport> >::Fill(bool)
 .text._ZN5daisy11OledDisplayINS_13SSD130xDriverILj128ELj64ENS_24SSD130x4WireSpiTransportEEEED2Ev
                0x0000000008000a5c        0x4 build/touchTest.o
                0x0000000008000a5c                daisy::OledDisplay<daisy::SSD130xDriver<128u, 64u, daisy::SSD130x4WireSpiTransport> >::~OledDisplay()
                0x0000000008000a5c                daisy::OledDisplay<daisy::SSD130xDriver<128u, 64u, daisy::SSD130x4WireSpiTransport> >::~OledDisplay()
 .text._ZNK5daisy11OledDisplayINS_13SSD130xDriverILj128ELj64ENS_24SSD130x4WireSpiTransportEEEE6HeightEv
                0x0000000008000a60        0x4 build/touchTest.o
                0x0000000008000a60                daisy::OledDisplay<daisy::SSD130xDriver<128u, 64u, daisy::SSD130x4WireSpiTransport> >::Height() const
 .text._ZNK5daisy11OledDisplayINS_13SSD130xDriverILj128ELj64ENS_24SSD130x4WireSpiTransportEEEE5WidthEv
                0x0000000008000a64        0x4 build/touchTest.o
                0x0000000008000a64                daisy::OledDisplay<daisy::SSD130xDriver<128u, 64u, daisy::SSD130x4WireSpiTransport> >::Width() const
 .text._ZN5daisy6Mpr121INS_18Mpr121I2CTransportEED2Ev
                0x0000000008000a68        0x4 build/touchTest.o
                0x0000000008000a68                daisy::Mpr121<daisy::Mpr121I2CTransport>::~Mpr121()
                0x0000000008000a68                daisy::Mpr121<daisy::Mpr121I2CTransport>::~Mpr121()
 .text._Z13AudioCallbackPKPKfPPfj
                0x0000000008000a6c       0x5c build/touchTest.o
                0x0000000008000a6c                AudioCallback(float const* const*, float**, unsigned int)
 .text._ZN5daisy11OledDisplayINS_13SSD130xDriverILj128ELj64ENS_24SSD130x4WireSpiTransportEEEED0Ev
                0x0000000008000ac8       0x10 build/touchTest.o
                0x0000000008000ac8                daisy::OledDisplay<daisy::SSD130xDriver<128u, 64u, daisy::SSD130x4WireSpiTransport> >::~OledDisplay()
 .text._ZN5daisy11OledDisplayINS_13SSD130xDriverILj128ELj64ENS_24SSD130x4WireSpiTransportEEEE6UpdateEv
                0x0000000008000ad8       0x8c build/touchTest.o
                0x0000000008000ad8                daisy::OledDisplay<daisy::SSD130xDriver<128u, 64u, daisy::SSD130x4WireSpiTransport> >::Update()
 .text._ZN5daisy25OneBitGraphicsDisplayImplINS_11OledDisplayINS_13SSD130xDriverILj128ELj64ENS_24SSD130x4WireSpiTransportEEEEEE9WriteCharEc7FontDefb
                0x0000000008000b64      0x1a0 build/touchTest.o
                0x0000000008000b64                daisy::OneBitGraphicsDisplayImpl<daisy::OledDisplay<daisy::SSD130xDriver<128u, 64u, daisy::SSD130x4WireSpiTransport> > >::WriteChar(char, FontDef, bool)
 .text._ZN5daisy25OneBitGraphicsDisplayImplINS_11OledDisplayINS_13SSD130xDriverILj128ELj64ENS_24SSD130x4WireSpiTransportEEEEEE11WriteStringEPKc7FontDefb
                0x0000000008000d04      0x1c0 build/touchTest.o
                0x0000000008000d04                daisy::OneBitGraphicsDisplayImpl<daisy::OledDisplay<daisy::SSD130xDriver<128u, 64u, daisy::SSD130x4WireSpiTransport> > >::WriteString(char const*, FontDef, bool)
 .text._ZN5daisy11OledDisplayINS_13SSD130xDriverILj128ELj64ENS_24SSD130x4WireSpiTransportEEEE9DrawPixelEjjb
                0x0000000008000ec4       0x44 build/touchTest.o
                0x0000000008000ec4                daisy::OledDisplay<daisy::SSD130xDriver<128u, 64u, daisy::SSD130x4WireSpiTransport> >::DrawPixel(unsigned int, unsigned int, bool)
 .text._ZN5daisy25OneBitGraphicsDisplayImplINS_11OledDisplayINS_13SSD130xDriverILj128ELj64ENS_24SSD130x4WireSpiTransportEEEEEE8DrawLineEjjjjb
                0x0000000008000f08       0xfc build/touchTest.o
                0x0000000008000f08                daisy::OneBitGraphicsDisplayImpl<daisy::OledDisplay<daisy::SSD130xDriver<128u, 64u, daisy::SSD130x4WireSpiTransport> > >::DrawLine(unsigned int, unsigned int, unsigned int, unsigned int, bool)
 *fill*         0x0000000008001004        0x4 
 .text._ZN5daisy25OneBitGraphicsDisplayImplINS_11OledDisplayINS_13SSD130xDriverILj128ELj64ENS_24SSD130x4WireSpiTransportEEEEEE7DrawArcEjjjiib
                0x0000000008001008      0x478 build/touchTest.o
                0x0000000008001008                daisy::OneBitGraphicsDisplayImpl<daisy::OledDisplay<daisy::SSD130xDriver<128u, 64u, daisy::SSD130x4WireSpiTransport> > >::DrawArc(unsigned int, unsigned int, unsigned int, int, int, bool)
 .text._ZN5daisy25OneBitGraphicsDisplayImplINS_11OledDisplayINS_13SSD130xDriverILj128ELj64ENS_24SSD130x4WireSpiTransportEEEEEE18WriteStringAlignedEPKcRK7FontDefNS_9RectangleENS_9AlignmentEb
                0x0000000008001480      0x3ec build/touchTest.o
                0x0000000008001480                daisy::OneBitGraphicsDisplayImpl<daisy::OledDisplay<daisy::SSD130xDriver<128u, 64u, daisy::SSD130x4WireSpiTransport> > >::WriteStringAligned(char const*, FontDef const&, daisy::Rectangle, daisy::Alignment, bool)
 .text._ZN5daisy25OneBitGraphicsDisplayImplINS_11OledDisplayINS_13SSD130xDriverILj128ELj64ENS_24SSD130x4WireSpiTransportEEEEEE8DrawRectEjjjjbb
                0x000000000800186c      0x418 build/touchTest.o
                0x000000000800186c                daisy::OneBitGraphicsDisplayImpl<daisy::OledDisplay<daisy::SSD130xDriver<128u, 64u, daisy::SSD130x4WireSpiTransport> > >::DrawRect(unsigned int, unsigned int, unsigned int, unsigned int, bool, bool)
 .text._Z10touchEventv
                0x0000000008001c84      0x284 build/touchTest.o
                0x0000000008001c84                touchEvent()
 .text._ZN5daisy13SSD130xDriverILj128ELj64ENS_24SSD130x4WireSpiTransportEE4InitENS2_6ConfigE
                0x0000000008001f08      0x2ec build/touchTest.o
                0x0000000008001f08                daisy::SSD130xDriver<128u, 64u, daisy::SSD130x4WireSpiTransport>::Init(daisy::SSD130xDriver<128u, 64u, daisy::SSD130x4WireSpiTransport>::Config)
 .text._Z12InitHardwarev
                0x00000000080021f4      0xed0 build/touchTest.o
                0x00000000080021f4                InitHardware()
 .text.startup.main
                0x00000000080030c4       0xb4 build/touchTest.o
                0x00000000080030c4                main
 .text.startup._GLOBAL__sub_I_touch1
                0x0000000008003178       0x88 build/touchTest.o
 .text._ZN5daisy9DaisySeed6GetPinEh
                0x0000000008003200       0x2c ../../libDaisy//build/libdaisy.a(daisy_seed.o)
                0x0000000008003200                daisy::DaisySeed::GetPin(unsigned char)
 .text._ZN5daisy9DaisySeed10StartAudioEPFvPKPKfPPfjE
                0x000000000800322c        0x8 ../../libDaisy//build/libdaisy.a(daisy_seed.o)
                0x000000000800322c                daisy::DaisySeed::StartAudio(void (*)(float const* const*, float**, unsigned int))
 .text._ZN5daisy9DaisySeed18SetAudioSampleRateENS_9SaiHandle6Config10SampleRateE
                0x0000000008003234       0x38 ../../libDaisy//build/libdaisy.a(daisy_seed.o)
                0x0000000008003234                daisy::DaisySeed::SetAudioSampleRate(daisy::SaiHandle::Config::SampleRate)
 .text._ZN5daisy9DaisySeed15AudioSampleRateEv
                0x000000000800326c        0x8 ../../libDaisy//build/libdaisy.a(daisy_seed.o)
                0x000000000800326c                daisy::DaisySeed::AudioSampleRate()
 .text._ZN5daisy9DaisySeed17SetAudioBlockSizeEj
                0x0000000008003274       0x38 ../../libDaisy//build/libdaisy.a(daisy_seed.o)
                0x0000000008003274                daisy::DaisySeed::SetAudioBlockSize(unsigned int)
 .text._ZN5daisy9DaisySeed6SetLedEb
                0x00000000080032ac        0x8 ../../libDaisy//build/libdaisy.a(daisy_seed.o)
                0x00000000080032ac                daisy::DaisySeed::SetLed(bool)
 .text._ZN5daisy9DaisySeed14ConfigureAudioEv
                0x00000000080032b4       0xd0 ../../libDaisy//build/libdaisy.a(daisy_seed.o)
                0x00000000080032b4                daisy::DaisySeed::ConfigureAudio()
 .text._ZN5daisy9DaisySeed4InitEb
                0x0000000008003384       0xf0 ../../libDaisy//build/libdaisy.a(daisy_seed.o)
                0x0000000008003384                daisy::DaisySeed::Init(bool)
 .text._ZN5daisy6Ak45564InitE12dsy_gpio_pin
                0x0000000008003474       0x44 ../../libDaisy//build/libdaisy.a(codec_ak4556.o)
                0x0000000008003474                daisy::Ak4556::Init(dsy_gpio_pin)
 .text._ZN5daisy6Wm873120WriteControlRegisterEht
                0x00000000080034b8       0x3c ../../libDaisy//build/libdaisy.a(codec_wm8731.o)
                0x00000000080034b8                daisy::Wm8731::WriteControlRegister(unsigned char, unsigned short)
 .text._ZN5daisy6Wm87314InitERKNS0_6ConfigENS_9I2CHandleE
                0x00000000080034f4      0x1bc ../../libDaisy//build/libdaisy.a(codec_wm8731.o)
                0x00000000080034f4                daisy::Wm8731::Init(daisy::Wm8731::Config const&, daisy::I2CHandle)
 .text._ZN11SdramHandle10DeviceInitEv
                0x00000000080036b0       0x98 ../../libDaisy//build/libdaisy.a(sdram.o)
                0x00000000080036b0                SdramHandle::DeviceInit()
 .text._ZN11SdramHandle4InitEv
                0x0000000008003748       0x7c ../../libDaisy//build/libdaisy.a(sdram.o)
                0x0000000008003748                SdramHandle::Init()
 .text.HAL_SDRAM_MspInit
                0x00000000080037c4      0x1a8 ../../libDaisy//build/libdaisy.a(sdram.o)
                0x00000000080037c4                HAL_SDRAM_MspInit
 .text._ZN5daisy11AudioHandle4Impl16InternalCallbackEPlS2_j
                0x000000000800396c      0xbbc ../../libDaisy//build/libdaisy.a(audio.o)
                0x000000000800396c                daisy::AudioHandle::Impl::InternalCallback(long*, long*, unsigned int)
 .text._ZN5daisy11AudioHandle4InitERKNS0_6ConfigENS_9SaiHandleE
                0x0000000008004528       0x70 ../../libDaisy//build/libdaisy.a(audio.o)
                0x0000000008004528                daisy::AudioHandle::Init(daisy::AudioHandle::Config const&, daisy::SaiHandle)
 .text._ZNK5daisy11AudioHandle9GetConfigEv
                0x0000000008004598        0x8 ../../libDaisy//build/libdaisy.a(audio.o)
                0x0000000008004598                daisy::AudioHandle::GetConfig() const
 .text._ZN5daisy11AudioHandle12SetBlockSizeEj
                0x00000000080045a0       0x1c ../../libDaisy//build/libdaisy.a(audio.o)
                0x00000000080045a0                daisy::AudioHandle::SetBlockSize(unsigned int)
 .text._ZN5daisy11AudioHandle13GetSampleRateEv
                0x00000000080045bc        0x8 ../../libDaisy//build/libdaisy.a(audio.o)
                0x00000000080045bc                daisy::AudioHandle::GetSampleRate()
 .text._ZN5daisy11AudioHandle13SetSampleRateENS_9SaiHandle6Config10SampleRateE
                0x00000000080045c4       0x88 ../../libDaisy//build/libdaisy.a(audio.o)
                0x00000000080045c4                daisy::AudioHandle::SetSampleRate(daisy::SaiHandle::Config::SampleRate)
 .text._ZN5daisy11AudioHandle5StartEPFvPKPKfPPfjE
                0x000000000800464c       0x44 ../../libDaisy//build/libdaisy.a(audio.o)
                0x000000000800464c                daisy::AudioHandle::Start(void (*)(float const* const*, float**, unsigned int))
 .text.startup._GLOBAL__sub_I__ZN5daisy11AudioHandle4Impl4InitENS0_6ConfigENS_9SaiHandleE
                0x0000000008004690       0x24 ../../libDaisy//build/libdaisy.a(audio.o)
 .text.dsy_gpio_init
                0x00000000080046b4      0x1b8 ../../libDaisy//build/libdaisy.a(gpio.o)
                0x00000000080046b4                dsy_gpio_init
 .text.dsy_gpio_read
                0x000000000800486c       0x1c ../../libDaisy//build/libdaisy.a(gpio.o)
                0x000000000800486c                dsy_gpio_read
 .text.dsy_gpio_write
                0x0000000008004888       0x24 ../../libDaisy//build/libdaisy.a(gpio.o)
                0x0000000008004888                dsy_gpio_write
 .text._ZN5daisy9I2CHandle4Impl8InitPinsEv
                0x00000000080048ac       0x58 ../../libDaisy//build/libdaisy.a(i2c.o)
                0x00000000080048ac                daisy::I2CHandle::Impl::InitPins()
 .text.HAL_I2C_MspInit
                0x0000000008004904      0x1b4 ../../libDaisy//build/libdaisy.a(i2c.o)
                0x0000000008004904                HAL_I2C_MspInit
 .text.dsy_i2c_global_init
                0x0000000008004ab8       0x78 ../../libDaisy//build/libdaisy.a(i2c.o)
                0x0000000008004ab8                dsy_i2c_global_init
 .text.DMA1_Stream6_IRQHandler
                0x0000000008004b30       0x34 ../../libDaisy//build/libdaisy.a(i2c.o)
                0x0000000008004b30                DMA1_Stream6_IRQHandler
 .text.I2C1_EV_IRQHandler
                0x0000000008004b64        0xc ../../libDaisy//build/libdaisy.a(i2c.o)
                0x0000000008004b64                I2C1_EV_IRQHandler
 .text.I2C2_EV_IRQHandler
                0x0000000008004b70        0xc ../../libDaisy//build/libdaisy.a(i2c.o)
                0x0000000008004b70                I2C2_EV_IRQHandler
 .text.I2C3_EV_IRQHandler
                0x0000000008004b7c        0xc ../../libDaisy//build/libdaisy.a(i2c.o)
                0x0000000008004b7c                I2C3_EV_IRQHandler
 .text._ZN5daisy9I2CHandle4InitERKNS0_6ConfigE
                0x0000000008004b88      0x12c ../../libDaisy//build/libdaisy.a(i2c.o)
                0x0000000008004b88                daisy::I2CHandle::Init(daisy::I2CHandle::Config const&)
 .text._ZN5daisy9I2CHandle16TransmitBlockingEtPhtm
                0x0000000008004cb4       0x50 ../../libDaisy//build/libdaisy.a(i2c.o)
                0x0000000008004cb4                daisy::I2CHandle::TransmitBlocking(unsigned short, unsigned char*, unsigned short, unsigned long)
 .text._ZN5daisy9I2CHandle15ReceiveBlockingEtPhtm
                0x0000000008004d04       0x50 ../../libDaisy//build/libdaisy.a(i2c.o)
                0x0000000008004d04                daisy::I2CHandle::ReceiveBlocking(unsigned short, unsigned char*, unsigned short, unsigned long)
 .text.startup._GLOBAL__sub_I__ZN5daisy9I2CHandle4Impl10GlobalInitEv
                0x0000000008004d54       0x18 ../../libDaisy//build/libdaisy.a(i2c.o)
 .text._ZN5daisy10QSPIHandle4Impl11WriteEnableEv
                0x0000000008004d6c       0x8c ../../libDaisy//build/libdaisy.a(qspi.o)
                0x0000000008004d6c                daisy::QSPIHandle::Impl::WriteEnable()
 .text._ZN5daisy10QSPIHandle4Impl17DummyCyclesConfigENS0_6Config6DeviceE
                0x0000000008004df8      0x118 ../../libDaisy//build/libdaisy.a(qspi.o)
                0x0000000008004df8                daisy::QSPIHandle::Impl::DummyCyclesConfig(daisy::QSPIHandle::Config::Device)
 .text._ZN5daisy10QSPIHandle4Impl10QuadEnableEv
                0x0000000008004f10      0x158 ../../libDaisy//build/libdaisy.a(qspi.o)
                0x0000000008004f10                daisy::QSPIHandle::Impl::QuadEnable()
 .text._ZN5daisy10QSPIHandle4InitERKNS0_6ConfigE
                0x0000000008005068      0x198 ../../libDaisy//build/libdaisy.a(qspi.o)
                0x0000000008005068                daisy::QSPIHandle::Init(daisy::QSPIHandle::Config const&)
 .text.HAL_QSPI_MspInit
                0x0000000008005200      0x11c ../../libDaisy//build/libdaisy.a(qspi.o)
                0x0000000008005200                HAL_QSPI_MspInit
 .text.HAL_QSPI_MspDeInit
                0x000000000800531c       0x54 ../../libDaisy//build/libdaisy.a(qspi.o)
                0x000000000800531c                HAL_QSPI_MspDeInit
 .text.QUADSPI_IRQHandler
                0x0000000008005370        0xc ../../libDaisy//build/libdaisy.a(qspi.o)
                0x0000000008005370                QUADSPI_IRQHandler
 .text.startup._GLOBAL__sub_I__ZN5daisy10QSPIHandle4Impl4InitERKNS0_6ConfigE
                0x000000000800537c       0x28 ../../libDaisy//build/libdaisy.a(qspi.o)
 .text._ZN5daisy9SaiHandle4Impl7InitDmaENS1_15PeripheralBlockE
                0x00000000080053a4       0xa0 ../../libDaisy//build/libdaisy.a(sai.o)
                0x00000000080053a4                daisy::SaiHandle::Impl::InitDma(daisy::SaiHandle::Impl::PeripheralBlock)
 .text._ZN5daisy9SaiHandle4Impl8InitPinsEv
                0x0000000008005444       0xa8 ../../libDaisy//build/libdaisy.a(sai.o)
                0x0000000008005444                daisy::SaiHandle::Impl::InitPins()
 .text.HAL_SAI_MspInit
                0x00000000080054ec      0x164 ../../libDaisy//build/libdaisy.a(sai.o)
                0x00000000080054ec                HAL_SAI_MspInit
 .text.DMA1_Stream0_IRQHandler
                0x0000000008005650        0xc ../../libDaisy//build/libdaisy.a(sai.o)
                0x0000000008005650                DMA1_Stream0_IRQHandler
 .text.DMA1_Stream1_IRQHandler
                0x000000000800565c        0xc ../../libDaisy//build/libdaisy.a(sai.o)
                0x000000000800565c                DMA1_Stream1_IRQHandler
 .text.DMA1_Stream3_IRQHandler
                0x0000000008005668        0xc ../../libDaisy//build/libdaisy.a(sai.o)
                0x0000000008005668                DMA1_Stream3_IRQHandler
 .text.DMA1_Stream4_IRQHandler
                0x0000000008005674        0xc ../../libDaisy//build/libdaisy.a(sai.o)
                0x0000000008005674                DMA1_Stream4_IRQHandler
 .text.HAL_SAI_RxHalfCpltCallback
                0x0000000008005680       0x78 ../../libDaisy//build/libdaisy.a(sai.o)
                0x0000000008005680                HAL_SAI_RxHalfCpltCallback
 .text.HAL_SAI_RxCpltCallback
                0x00000000080056f8       0x70 ../../libDaisy//build/libdaisy.a(sai.o)
                0x00000000080056f8                HAL_SAI_RxCpltCallback
 .text._ZN5daisy9SaiHandle4InitERKNS0_6ConfigE
                0x0000000008005768      0x1f0 ../../libDaisy//build/libdaisy.a(sai.o)
                0x0000000008005768                daisy::SaiHandle::Init(daisy::SaiHandle::Config const&)
 .text._ZNK5daisy9SaiHandle9GetConfigEv
                0x0000000008005958        0x4 ../../libDaisy//build/libdaisy.a(sai.o)
                0x0000000008005958                daisy::SaiHandle::GetConfig() const
 .text._ZN5daisy9SaiHandle8StartDmaEPlS1_jPFvS1_S1_jE
                0x000000000800595c       0xbc ../../libDaisy//build/libdaisy.a(sai.o)
                0x000000000800595c                daisy::SaiHandle::StartDma(long*, long*, unsigned int, void (*)(long*, long*, unsigned int))
 .text._ZN5daisy9SaiHandle13GetSampleRateEv
                0x0000000008005a18       0x24 ../../libDaisy//build/libdaisy.a(sai.o)
                0x0000000008005a18                daisy::SaiHandle::GetSampleRate()
 .text._ZNK5daisy9SaiHandle9GetOffsetEv
                0x0000000008005a3c        0x8 ../../libDaisy//build/libdaisy.a(sai.o)
                0x0000000008005a3c                daisy::SaiHandle::GetOffset() const
 .text._ZN5daisy9SpiHandle4Impl7InitDmaEv
                0x0000000008005a44       0xec ../../libDaisy//build/libdaisy.a(spi.o)
                0x0000000008005a44                daisy::SpiHandle::Impl::InitDma()
 .text._ZN5daisy9SpiHandle4Impl10StartDmaTxEPhjPFvPvEPFvS3_NS0_6ResultEES3_
                0x0000000008005b30       0xc8 ../../libDaisy//build/libdaisy.a(spi.o)
                0x0000000008005b30                daisy::SpiHandle::Impl::StartDmaTx(unsigned char*, unsigned int, void (*)(void*), void (*)(void*, daisy::SpiHandle::Result), void*)
 .text._ZN5daisy9SpiHandle4Impl10StartDmaRxEPhjPFvPvEPFvS3_NS0_6ResultEES3_
                0x0000000008005bf8       0xc8 ../../libDaisy//build/libdaisy.a(spi.o)
                0x0000000008005bf8                daisy::SpiHandle::Impl::StartDmaRx(unsigned char*, unsigned int, void (*)(void*), void (*)(void*, daisy::SpiHandle::Result), void*)
 .text._ZN5daisy9SpiHandle4Impl12StartDmaRxTxEPhS2_jPFvPvEPFvS3_NS0_6ResultEES3_
                0x0000000008005cc0       0xcc ../../libDaisy//build/libdaisy.a(spi.o)
                0x0000000008005cc0                daisy::SpiHandle::Impl::StartDmaRxTx(unsigned char*, unsigned char*, unsigned int, void (*)(void*), void (*)(void*, daisy::SpiHandle::Result), void*)
 .text._ZN5daisy9SpiHandle4Impl8InitPinsEv
                0x0000000008005d8c      0x274 ../../libDaisy//build/libdaisy.a(spi.o)
                0x0000000008005d8c                daisy::SpiHandle::Impl::InitPins()
 .text.HAL_SPI_MspInit
                0x0000000008006000      0x1a8 ../../libDaisy//build/libdaisy.a(spi.o)
                0x0000000008006000                HAL_SPI_MspInit
 .text.dsy_spi_global_init
                0x00000000080061a8       0x80 ../../libDaisy//build/libdaisy.a(spi.o)
                0x00000000080061a8                dsy_spi_global_init
 .text.SPI1_IRQHandler
                0x0000000008006228        0xc ../../libDaisy//build/libdaisy.a(spi.o)
                0x0000000008006228                SPI1_IRQHandler
 .text.SPI2_IRQHandler
                0x0000000008006234        0xc ../../libDaisy//build/libdaisy.a(spi.o)
                0x0000000008006234                SPI2_IRQHandler
 .text.SPI3_IRQHandler
                0x0000000008006240        0xc ../../libDaisy//build/libdaisy.a(spi.o)
                0x0000000008006240                SPI3_IRQHandler
 .text.SPI4_IRQHandler
                0x000000000800624c        0xc ../../libDaisy//build/libdaisy.a(spi.o)
                0x000000000800624c                SPI4_IRQHandler
 .text.SPI5_IRQHandler
                0x0000000008006258        0xc ../../libDaisy//build/libdaisy.a(spi.o)
                0x0000000008006258                SPI5_IRQHandler
 .text.DMA2_Stream2_IRQHandler
                0x0000000008006264       0x34 ../../libDaisy//build/libdaisy.a(spi.o)
                0x0000000008006264                DMA2_Stream2_IRQHandler
 .text.DMA2_Stream3_IRQHandler
                0x0000000008006298       0x38 ../../libDaisy//build/libdaisy.a(spi.o)
                0x0000000008006298                DMA2_Stream3_IRQHandler
 .text.HAL_SPI_TxCpltCallback
                0x00000000080062d0       0xc4 ../../libDaisy//build/libdaisy.a(spi.o)
                0x00000000080062d0                HAL_SPI_TxCpltCallback
 .text.HAL_SPI_RxCpltCallback
                0x0000000008006394       0xc4 ../../libDaisy//build/libdaisy.a(spi.o)
                0x0000000008006394                HAL_SPI_RxCpltCallback
 .text.HAL_SPI_TxRxCpltCallback
                0x0000000008006458       0xc4 ../../libDaisy//build/libdaisy.a(spi.o)
                0x0000000008006458                HAL_SPI_TxRxCpltCallback
 .text.HAL_SPI_ErrorCallback
                0x000000000800651c       0xc8 ../../libDaisy//build/libdaisy.a(spi.o)
                0x000000000800651c                HAL_SPI_ErrorCallback
 .text._ZN5daisy9SpiHandle4InitERKNS0_6ConfigE
                0x00000000080065e4      0x10c ../../libDaisy//build/libdaisy.a(spi.o)
                0x00000000080065e4                daisy::SpiHandle::Init(daisy::SpiHandle::Config const&)
 .text._ZN5daisy9SpiHandle16BlockingTransmitEPhjm
                0x00000000080066f0       0x14 ../../libDaisy//build/libdaisy.a(spi.o)
                0x00000000080066f0                daisy::SpiHandle::BlockingTransmit(unsigned char*, unsigned int, unsigned long)
 .text.startup._GLOBAL__sub_I__Z19MapInstanceToHandleP11SPI_TypeDef
                0x0000000008006704      0x1b0 ../../libDaisy//build/libdaisy.a(spi.o)
 .text._ZN5daisy11TimerHandleD2Ev
                0x00000000080068b4        0x4 ../../libDaisy//build/libdaisy.a(system.o)
                0x00000000080068b4                daisy::TimerHandle::~TimerHandle()
                0x00000000080068b4                daisy::TimerHandle::~TimerHandle()
 .text.SysTick_Handler
                0x00000000080068b8       0x10 ../../libDaisy//build/libdaisy.a(system.o)
                0x00000000080068b8                SysTick_Handler
 .text.OTG_HS_EP1_OUT_IRQHandler
                0x00000000080068c8       0x24 ../../libDaisy//build/libdaisy.a(system.o)
                0x00000000080068c8                OTG_HS_EP1_OUT_IRQHandler
 .text.OTG_HS_EP1_IN_IRQHandler
                0x00000000080068ec       0x24 ../../libDaisy//build/libdaisy.a(system.o)
                0x00000000080068ec                OTG_HS_EP1_IN_IRQHandler
 .text.OTG_HS_IRQHandler
                0x0000000008006910       0x24 ../../libDaisy//build/libdaisy.a(system.o)
                0x0000000008006910                OTG_HS_IRQHandler
 .text.HardFault_Handler
                0x0000000008006934       0xe0 ../../libDaisy//build/libdaisy.a(system.o)
                0x0000000008006934                HardFault_Handler
 .text._ZN5daisy6System5DelayEm
                0x0000000008006a14        0x4 ../../libDaisy//build/libdaisy.a(system.o)
                0x0000000008006a14                daisy::System::Delay(unsigned long)
 .text._ZN5daisy6System15ConfigureClocksEv
                0x0000000008006a18      0x194 ../../libDaisy//build/libdaisy.a(system.o)
                0x0000000008006a18                daisy::System::ConfigureClocks()
 .text._ZN5daisy6System4InitERKNS0_6ConfigE
                0x0000000008006bac      0x140 ../../libDaisy//build/libdaisy.a(system.o)
                0x0000000008006bac                daisy::System::Init(daisy::System::Config const&)
 .text._ZN5daisy6System12GetPClk1FreqEv
                0x0000000008006cec        0x4 ../../libDaisy//build/libdaisy.a(system.o)
                0x0000000008006cec                daisy::System::GetPClk1Freq()
 .text._ZN5daisy6System22GetProgramMemoryRegionEv
                0x0000000008006cf0       0x78 ../../libDaisy//build/libdaisy.a(system.o)
                0x0000000008006cf0                daisy::System::GetProgramMemoryRegion()
 .text.startup._GLOBAL__sub_I_SysTick_Handler
                0x0000000008006d68       0x1c ../../libDaisy//build/libdaisy.a(system.o)
 .text.SystemInit
                0x0000000008006d84       0x9c ../../libDaisy//build/libdaisy.a(system_stm32h7xx.o)
                0x0000000008006d84                SystemInit
 .text.HAL_PCD_SetupStageCallback
                0x0000000008006e20        0xc ../../libDaisy//build/libdaisy.a(usbd_conf.o)
                0x0000000008006e20                HAL_PCD_SetupStageCallback
 .text.HAL_PCD_DataOutStageCallback
                0x0000000008006e2c       0x14 ../../libDaisy//build/libdaisy.a(usbd_conf.o)
                0x0000000008006e2c                HAL_PCD_DataOutStageCallback
 .text.HAL_PCD_DataInStageCallback
                0x0000000008006e40       0x14 ../../libDaisy//build/libdaisy.a(usbd_conf.o)
                0x0000000008006e40                HAL_PCD_DataInStageCallback
 .text.HAL_PCD_SOFCallback
                0x0000000008006e54        0x8 ../../libDaisy//build/libdaisy.a(usbd_conf.o)
                0x0000000008006e54                HAL_PCD_SOFCallback
 .text.HAL_PCD_ResetCallback
                0x0000000008006e5c       0x24 ../../libDaisy//build/libdaisy.a(usbd_conf.o)
                0x0000000008006e5c                HAL_PCD_ResetCallback
 .text.HAL_PCD_SuspendCallback
                0x0000000008006e80       0x30 ../../libDaisy//build/libdaisy.a(usbd_conf.o)
                0x0000000008006e80                HAL_PCD_SuspendCallback
 .text.HAL_PCD_ResumeCallback
                0x0000000008006eb0        0x8 ../../libDaisy//build/libdaisy.a(usbd_conf.o)
                0x0000000008006eb0                HAL_PCD_ResumeCallback
 .text.HAL_PCD_ISOOUTIncompleteCallback
                0x0000000008006eb8        0x8 ../../libDaisy//build/libdaisy.a(usbd_conf.o)
                0x0000000008006eb8                HAL_PCD_ISOOUTIncompleteCallback
 .text.HAL_PCD_ISOINIncompleteCallback
                0x0000000008006ec0        0x8 ../../libDaisy//build/libdaisy.a(usbd_conf.o)
                0x0000000008006ec0                HAL_PCD_ISOINIncompleteCallback
 .text.HAL_PCD_ConnectCallback
                0x0000000008006ec8        0x8 ../../libDaisy//build/libdaisy.a(usbd_conf.o)
                0x0000000008006ec8                HAL_PCD_ConnectCallback
 .text.HAL_PCD_DisconnectCallback
                0x0000000008006ed0        0x8 ../../libDaisy//build/libdaisy.a(usbd_conf.o)
                0x0000000008006ed0                HAL_PCD_DisconnectCallback
 .text.USBD_LL_OpenEP
                0x0000000008006ed8       0x24 ../../libDaisy//build/libdaisy.a(usbd_conf.o)
                0x0000000008006ed8                USBD_LL_OpenEP
 .text.USBD_LL_StallEP
                0x0000000008006efc       0x1c ../../libDaisy//build/libdaisy.a(usbd_conf.o)
                0x0000000008006efc                USBD_LL_StallEP
 .text.USBD_LL_ClearStallEP
                0x0000000008006f18       0x1c ../../libDaisy//build/libdaisy.a(usbd_conf.o)
                0x0000000008006f18                USBD_LL_ClearStallEP
 .text.USBD_LL_IsStallEP
                0x0000000008006f34       0x28 ../../libDaisy//build/libdaisy.a(usbd_conf.o)
                0x0000000008006f34                USBD_LL_IsStallEP
 .text.USBD_LL_SetUSBAddress
                0x0000000008006f5c       0x1c ../../libDaisy//build/libdaisy.a(usbd_conf.o)
                0x0000000008006f5c                USBD_LL_SetUSBAddress
 .text.USBD_LL_Transmit
                0x0000000008006f78       0x1c ../../libDaisy//build/libdaisy.a(usbd_conf.o)
                0x0000000008006f78                USBD_LL_Transmit
 .text.USBD_LL_PrepareReceive
                0x0000000008006f94       0x1c ../../libDaisy//build/libdaisy.a(usbd_conf.o)
                0x0000000008006f94                USBD_LL_PrepareReceive
 .text.HAL_HCD_SOF_Callback
                0x0000000008006fb0        0x8 ../../libDaisy//build/libdaisy.a(usbh_conf.o)
                0x0000000008006fb0                HAL_HCD_SOF_Callback
 .text.HAL_HCD_Connect_Callback
                0x0000000008006fb8        0x8 ../../libDaisy//build/libdaisy.a(usbh_conf.o)
                0x0000000008006fb8                HAL_HCD_Connect_Callback
 .text.HAL_HCD_Disconnect_Callback
                0x0000000008006fc0        0x8 ../../libDaisy//build/libdaisy.a(usbh_conf.o)
                0x0000000008006fc0                HAL_HCD_Disconnect_Callback
 .text.HAL_HCD_HC_NotifyURBChange_Callback
                0x0000000008006fc8        0x4 ../../libDaisy//build/libdaisy.a(usbh_conf.o)
                0x0000000008006fc8                HAL_HCD_HC_NotifyURBChange_Callback
 .text.HAL_HCD_PortEnabled_Callback
                0x0000000008006fcc        0x8 ../../libDaisy//build/libdaisy.a(usbh_conf.o)
                0x0000000008006fcc                HAL_HCD_PortEnabled_Callback
 .text.HAL_HCD_PortDisabled_Callback
                0x0000000008006fd4        0x8 ../../libDaisy//build/libdaisy.a(usbh_conf.o)
                0x0000000008006fd4                HAL_HCD_PortDisabled_Callback
 .text.USBH_LL_Stop
                0x0000000008006fdc       0x1c ../../libDaisy//build/libdaisy.a(usbh_conf.o)
                0x0000000008006fdc                USBH_LL_Stop
 .text.dsy_hal_map_get_port
                0x0000000008006ff8       0x10 ../../libDaisy//build/libdaisy.a(hal_map.o)
                0x0000000008006ff8                dsy_hal_map_get_port
 .text.dsy_hal_map_get_pin
                0x0000000008007008       0x10 ../../libDaisy//build/libdaisy.a(hal_map.o)
                0x0000000008007008                dsy_hal_map_get_pin
 .text.dsy_hal_map_gpio_clk_enable
                0x0000000008007018      0x150 ../../libDaisy//build/libdaisy.a(hal_map.o)
                0x0000000008007018                dsy_hal_map_gpio_clk_enable
 .text.HAL_MspInit
                0x0000000008007168        0x4 ../../libDaisy//build/libdaisy.a(stm32h7xx_hal.o)
                0x0000000008007168                HAL_MspInit
 .text.HAL_InitTick
                0x000000000800716c       0x4c ../../libDaisy//build/libdaisy.a(stm32h7xx_hal.o)
                0x000000000800716c                HAL_InitTick
 .text.HAL_Init
                0x00000000080071b8       0x60 ../../libDaisy//build/libdaisy.a(stm32h7xx_hal.o)
                0x00000000080071b8                HAL_Init
 .text.HAL_IncTick
                0x0000000008007218       0x18 ../../libDaisy//build/libdaisy.a(stm32h7xx_hal.o)
                0x0000000008007218                HAL_IncTick
 .text.HAL_GetTick
                0x0000000008007230        0xc ../../libDaisy//build/libdaisy.a(stm32h7xx_hal.o)
                0x0000000008007230                HAL_GetTick
 .text.HAL_Delay
                0x000000000800723c       0x24 ../../libDaisy//build/libdaisy.a(stm32h7xx_hal.o)
                0x000000000800723c                HAL_Delay
 .text.HAL_GetREVID
                0x0000000008007260        0xc ../../libDaisy//build/libdaisy.a(stm32h7xx_hal.o)
                0x0000000008007260                HAL_GetREVID
 .text.HAL_NVIC_SetPriorityGrouping
                0x000000000800726c       0x24 ../../libDaisy//build/libdaisy.a(stm32h7xx_hal_cortex.o)
                0x000000000800726c                HAL_NVIC_SetPriorityGrouping
 .text.HAL_NVIC_SetPriority
                0x0000000008007290       0x7c ../../libDaisy//build/libdaisy.a(stm32h7xx_hal_cortex.o)
                0x0000000008007290                HAL_NVIC_SetPriority
 .text.HAL_NVIC_EnableIRQ
                0x000000000800730c       0x1c ../../libDaisy//build/libdaisy.a(stm32h7xx_hal_cortex.o)
                0x000000000800730c                HAL_NVIC_EnableIRQ
 .text.HAL_NVIC_DisableIRQ
                0x0000000008007328       0x28 ../../libDaisy//build/libdaisy.a(stm32h7xx_hal_cortex.o)
                0x0000000008007328                HAL_NVIC_DisableIRQ
 .text.HAL_SYSTICK_Config
                0x0000000008007350       0x2c ../../libDaisy//build/libdaisy.a(stm32h7xx_hal_cortex.o)
                0x0000000008007350                HAL_SYSTICK_Config
 .text.HAL_MPU_Disable
                0x000000000800737c       0x1c ../../libDaisy//build/libdaisy.a(stm32h7xx_hal_cortex.o)
                0x000000000800737c                HAL_MPU_Disable
 .text.HAL_MPU_Enable
                0x0000000008007398       0x20 ../../libDaisy//build/libdaisy.a(stm32h7xx_hal_cortex.o)
                0x0000000008007398                HAL_MPU_Enable
 .text.HAL_MPU_ConfigRegion
                0x00000000080073b8       0x64 ../../libDaisy//build/libdaisy.a(stm32h7xx_hal_cortex.o)
                0x00000000080073b8                HAL_MPU_ConfigRegion
 .text.HAL_SYSTICK_Callback
                0x000000000800741c        0x4 ../../libDaisy//build/libdaisy.a(stm32h7xx_hal_cortex.o)
                0x000000000800741c                HAL_SYSTICK_Callback
 .text.HAL_SYSTICK_IRQHandler
                0x0000000008007420        0x8 ../../libDaisy//build/libdaisy.a(stm32h7xx_hal_cortex.o)
                0x0000000008007420                HAL_SYSTICK_IRQHandler
 .text.DMA_CalcBaseAndBitshift
                0x0000000008007428       0xf4 ../../libDaisy//build/libdaisy.a(stm32h7xx_hal_dma.o)
 .text.DMA_CalcDMAMUXChannelBaseAndMask
                0x000000000800751c       0xd8 ../../libDaisy//build/libdaisy.a(stm32h7xx_hal_dma.o)
 .text.HAL_DMA_Init
                0x00000000080075f4      0x37c ../../libDaisy//build/libdaisy.a(stm32h7xx_hal_dma.o)
                0x00000000080075f4                HAL_DMA_Init
 .text.HAL_DMA_Start_IT
                0x0000000008007970      0x240 ../../libDaisy//build/libdaisy.a(stm32h7xx_hal_dma.o)
                0x0000000008007970                HAL_DMA_Start_IT
 .text.HAL_DMA_Abort_IT
                0x0000000008007bb0      0x134 ../../libDaisy//build/libdaisy.a(stm32h7xx_hal_dma.o)
                0x0000000008007bb0                HAL_DMA_Abort_IT
 .text.HAL_DMA_IRQHandler
                0x0000000008007ce4      0x6a0 ../../libDaisy//build/libdaisy.a(stm32h7xx_hal_dma.o)
                0x0000000008007ce4                HAL_DMA_IRQHandler
 .text.HAL_DMA_GetError
                0x0000000008008384        0x4 ../../libDaisy//build/libdaisy.a(stm32h7xx_hal_dma.o)
                0x0000000008008384                HAL_DMA_GetError
 .text.HAL_GPIO_Init
                0x0000000008008388      0x280 ../../libDaisy//build/libdaisy.a(stm32h7xx_hal_gpio.o)
                0x0000000008008388                HAL_GPIO_Init
 .text.HAL_GPIO_DeInit
                0x0000000008008608      0x190 ../../libDaisy//build/libdaisy.a(stm32h7xx_hal_gpio.o)
                0x0000000008008608                HAL_GPIO_DeInit
 .text.HAL_GPIO_ReadPin
                0x0000000008008798        0xc ../../libDaisy//build/libdaisy.a(stm32h7xx_hal_gpio.o)
                0x0000000008008798                HAL_GPIO_ReadPin
 .text.HAL_GPIO_WritePin
                0x00000000080087a4        0x8 ../../libDaisy//build/libdaisy.a(stm32h7xx_hal_gpio.o)
                0x00000000080087a4                HAL_GPIO_WritePin
 .text.HAL_HCD_IRQHandler
                0x00000000080087ac      0x780 ../../libDaisy//build/libdaisy.a(stm32h7xx_hal_hcd.o)
                0x00000000080087ac                HAL_HCD_IRQHandler
 .text.HAL_HCD_Stop
                0x0000000008008f2c       0x28 ../../libDaisy//build/libdaisy.a(stm32h7xx_hal_hcd.o)
                0x0000000008008f2c                HAL_HCD_Stop
 .text.I2C_WaitOnRXNEFlagUntilTimeout
                0x0000000008008f54      0x100 ../../libDaisy//build/libdaisy.a(stm32h7xx_hal_i2c.o)
 .text.I2C_WaitOnTXISFlagUntilTimeout
                0x0000000008009054       0xb8 ../../libDaisy//build/libdaisy.a(stm32h7xx_hal_i2c.o)
 .text.I2C_WaitOnSTOPFlagUntilTimeout
                0x000000000800910c       0xac ../../libDaisy//build/libdaisy.a(stm32h7xx_hal_i2c.o)
 .text.HAL_I2C_Init
                0x00000000080091b8       0xac ../../libDaisy//build/libdaisy.a(stm32h7xx_hal_i2c.o)
                0x00000000080091b8                HAL_I2C_Init
 .text.HAL_I2C_Master_Transmit
                0x0000000008009264      0x1a8 ../../libDaisy//build/libdaisy.a(stm32h7xx_hal_i2c.o)
                0x0000000008009264                HAL_I2C_Master_Transmit
 .text.HAL_I2C_Master_Receive
                0x000000000800940c      0x1ac ../../libDaisy//build/libdaisy.a(stm32h7xx_hal_i2c.o)
                0x000000000800940c                HAL_I2C_Master_Receive
 .text.HAL_I2C_Slave_Transmit
                0x00000000080095b8      0x1c8 ../../libDaisy//build/libdaisy.a(stm32h7xx_hal_i2c.o)
                0x00000000080095b8                HAL_I2C_Slave_Transmit
 .text.HAL_I2C_Slave_Receive
                0x0000000008009780      0x1a4 ../../libDaisy//build/libdaisy.a(stm32h7xx_hal_i2c.o)
                0x0000000008009780                HAL_I2C_Slave_Receive
 .text.HAL_I2C_EV_IRQHandler
                0x0000000008009924       0x10 ../../libDaisy//build/libdaisy.a(stm32h7xx_hal_i2c.o)
                0x0000000008009924                HAL_I2C_EV_IRQHandler
 .text.HAL_I2C_GetState
                0x0000000008009934        0x8 ../../libDaisy//build/libdaisy.a(stm32h7xx_hal_i2c.o)
                0x0000000008009934                HAL_I2C_GetState
 .text.HAL_I2CEx_ConfigAnalogFilter
                0x000000000800993c       0x54 ../../libDaisy//build/libdaisy.a(stm32h7xx_hal_i2c_ex.o)
                0x000000000800993c                HAL_I2CEx_ConfigAnalogFilter
 .text.HAL_I2CEx_ConfigDigitalFilter
                0x0000000008009990       0x58 ../../libDaisy//build/libdaisy.a(stm32h7xx_hal_i2c_ex.o)
                0x0000000008009990                HAL_I2CEx_ConfigDigitalFilter
 .text.HAL_PCD_IRQHandler
                0x00000000080099e8      0x69c ../../libDaisy//build/libdaisy.a(stm32h7xx_hal_pcd.o)
                0x00000000080099e8                HAL_PCD_IRQHandler
 .text.HAL_PCD_SetAddress
                0x000000000800a084       0x2c ../../libDaisy//build/libdaisy.a(stm32h7xx_hal_pcd.o)
                0x000000000800a084                HAL_PCD_SetAddress
 .text.HAL_PCD_EP_Open
                0x000000000800a0b0       0x7c ../../libDaisy//build/libdaisy.a(stm32h7xx_hal_pcd.o)
                0x000000000800a0b0                HAL_PCD_EP_Open
 .text.HAL_PCD_EP_Receive
                0x000000000800a12c       0x50 ../../libDaisy//build/libdaisy.a(stm32h7xx_hal_pcd.o)
                0x000000000800a12c                HAL_PCD_EP_Receive
 .text.HAL_PCD_EP_Transmit
                0x000000000800a17c       0x50 ../../libDaisy//build/libdaisy.a(stm32h7xx_hal_pcd.o)
                0x000000000800a17c                HAL_PCD_EP_Transmit
 .text.HAL_PCD_EP_SetStall
                0x000000000800a1cc       0x88 ../../libDaisy//build/libdaisy.a(stm32h7xx_hal_pcd.o)
                0x000000000800a1cc                HAL_PCD_EP_SetStall
 .text.HAL_PCD_EP_ClrStall
                0x000000000800a254       0x78 ../../libDaisy//build/libdaisy.a(stm32h7xx_hal_pcd.o)
                0x000000000800a254                HAL_PCD_EP_ClrStall
 .text.HAL_PCDEx_LPM_Callback
                0x000000000800a2cc        0x4 ../../libDaisy//build/libdaisy.a(stm32h7xx_hal_pcd_ex.o)
                0x000000000800a2cc                HAL_PCDEx_LPM_Callback
 .text.HAL_PWREx_ConfigSupply
                0x000000000800a2d0       0x4c ../../libDaisy//build/libdaisy.a(stm32h7xx_hal_pwr_ex.o)
                0x000000000800a2d0                HAL_PWREx_ConfigSupply
 .text.HAL_PWREx_EnableUSBVoltageDetector
                0x000000000800a31c       0x10 ../../libDaisy//build/libdaisy.a(stm32h7xx_hal_pwr_ex.o)
                0x000000000800a31c                HAL_PWREx_EnableUSBVoltageDetector
 .text.QSPI_Config
                0x000000000800a32c      0x174 ../../libDaisy//build/libdaisy.a(stm32h7xx_hal_qspi.o)
 .text.HAL_QSPI_Init
                0x000000000800a4a0       0xd8 ../../libDaisy//build/libdaisy.a(stm32h7xx_hal_qspi.o)
                0x000000000800a4a0                HAL_QSPI_Init
 .text.HAL_QSPI_DeInit
                0x000000000800a578       0x3c ../../libDaisy//build/libdaisy.a(stm32h7xx_hal_qspi.o)
                0x000000000800a578                HAL_QSPI_DeInit
 .text.HAL_QSPI_Command
                0x000000000800a5b4       0xd4 ../../libDaisy//build/libdaisy.a(stm32h7xx_hal_qspi.o)
                0x000000000800a5b4                HAL_QSPI_Command
 .text.HAL_QSPI_Transmit
                0x000000000800a688       0xfc ../../libDaisy//build/libdaisy.a(stm32h7xx_hal_qspi.o)
                0x000000000800a688                HAL_QSPI_Transmit
 .text.HAL_QSPI_Receive
                0x000000000800a784      0x108 ../../libDaisy//build/libdaisy.a(stm32h7xx_hal_qspi.o)
                0x000000000800a784                HAL_QSPI_Receive
 .text.HAL_QSPI_AutoPolling
                0x000000000800a88c       0xf0 ../../libDaisy//build/libdaisy.a(stm32h7xx_hal_qspi.o)
                0x000000000800a88c                HAL_QSPI_AutoPolling
 .text.HAL_QSPI_MemoryMapped
                0x000000000800a97c       0xc0 ../../libDaisy//build/libdaisy.a(stm32h7xx_hal_qspi.o)
                0x000000000800a97c                HAL_QSPI_MemoryMapped
 .text.HAL_QSPI_ErrorCallback
                0x000000000800aa3c        0x4 ../../libDaisy//build/libdaisy.a(stm32h7xx_hal_qspi.o)
                0x000000000800aa3c                HAL_QSPI_ErrorCallback
 .text.QSPI_DMAAbortCplt
                0x000000000800aa40       0x38 ../../libDaisy//build/libdaisy.a(stm32h7xx_hal_qspi.o)
 .text.HAL_QSPI_AbortCpltCallback
                0x000000000800aa78        0x4 ../../libDaisy//build/libdaisy.a(stm32h7xx_hal_qspi.o)
                0x000000000800aa78                HAL_QSPI_AbortCpltCallback
 .text.HAL_QSPI_CmdCpltCallback
                0x000000000800aa7c        0x4 ../../libDaisy//build/libdaisy.a(stm32h7xx_hal_qspi.o)
                0x000000000800aa7c                HAL_QSPI_CmdCpltCallback
 .text.HAL_QSPI_RxCpltCallback
                0x000000000800aa80        0x4 ../../libDaisy//build/libdaisy.a(stm32h7xx_hal_qspi.o)
                0x000000000800aa80                HAL_QSPI_RxCpltCallback
 .text.HAL_QSPI_TxCpltCallback
                0x000000000800aa84        0x4 ../../libDaisy//build/libdaisy.a(stm32h7xx_hal_qspi.o)
                0x000000000800aa84                HAL_QSPI_TxCpltCallback
 .text.HAL_QSPI_FifoThresholdCallback
                0x000000000800aa88        0x4 ../../libDaisy//build/libdaisy.a(stm32h7xx_hal_qspi.o)
                0x000000000800aa88                HAL_QSPI_FifoThresholdCallback
 .text.HAL_QSPI_StatusMatchCallback
                0x000000000800aa8c        0x4 ../../libDaisy//build/libdaisy.a(stm32h7xx_hal_qspi.o)
                0x000000000800aa8c                HAL_QSPI_StatusMatchCallback
 .text.HAL_QSPI_TimeOutCallback
                0x000000000800aa90        0x4 ../../libDaisy//build/libdaisy.a(stm32h7xx_hal_qspi.o)
                0x000000000800aa90                HAL_QSPI_TimeOutCallback
 .text.HAL_QSPI_IRQHandler
                0x000000000800aa94      0x210 ../../libDaisy//build/libdaisy.a(stm32h7xx_hal_qspi.o)
                0x000000000800aa94                HAL_QSPI_IRQHandler
 .text.HAL_RCC_OscConfig
                0x000000000800aca4      0x51c ../../libDaisy//build/libdaisy.a(stm32h7xx_hal_rcc.o)
                0x000000000800aca4                HAL_RCC_OscConfig
 .text.HAL_RCC_GetSysClockFreq
                0x000000000800b1c0      0x140 ../../libDaisy//build/libdaisy.a(stm32h7xx_hal_rcc.o)
                0x000000000800b1c0                HAL_RCC_GetSysClockFreq
 .text.HAL_RCC_ClockConfig
                0x000000000800b300      0x234 ../../libDaisy//build/libdaisy.a(stm32h7xx_hal_rcc.o)
                0x000000000800b300                HAL_RCC_ClockConfig
 .text.HAL_RCC_GetHCLKFreq
                0x000000000800b534       0x2c ../../libDaisy//build/libdaisy.a(stm32h7xx_hal_rcc.o)
                0x000000000800b534                HAL_RCC_GetHCLKFreq
 .text.HAL_RCC_GetPCLK1Freq
                0x000000000800b560       0x38 ../../libDaisy//build/libdaisy.a(stm32h7xx_hal_rcc.o)
                0x000000000800b560                HAL_RCC_GetPCLK1Freq
 .text.HAL_RCC_GetPCLK2Freq
                0x000000000800b598       0x38 ../../libDaisy//build/libdaisy.a(stm32h7xx_hal_rcc.o)
                0x000000000800b598                HAL_RCC_GetPCLK2Freq
 .text.RCCEx_PLL2_Config
                0x000000000800b5d0       0xf4 ../../libDaisy//build/libdaisy.a(stm32h7xx_hal_rcc_ex.o)
 .text.RCCEx_PLL3_Config
                0x000000000800b6c4       0xf4 ../../libDaisy//build/libdaisy.a(stm32h7xx_hal_rcc_ex.o)
 .text.HAL_RCCEx_PeriphCLKConfig
                0x000000000800b7b8      0xa7c ../../libDaisy//build/libdaisy.a(stm32h7xx_hal_rcc_ex.o)
                0x000000000800b7b8                HAL_RCCEx_PeriphCLKConfig
 .text.HAL_RCCEx_GetD3PCLK1Freq
                0x000000000800c234       0x24 ../../libDaisy//build/libdaisy.a(stm32h7xx_hal_rcc_ex.o)
                0x000000000800c234                HAL_RCCEx_GetD3PCLK1Freq
 .text.HAL_RCCEx_GetPLL2ClockFreq
                0x000000000800c258      0x17c ../../libDaisy//build/libdaisy.a(stm32h7xx_hal_rcc_ex.o)
                0x000000000800c258                HAL_RCCEx_GetPLL2ClockFreq
 .text.HAL_RCCEx_GetPLL3ClockFreq
                0x000000000800c3d4      0x17c ../../libDaisy//build/libdaisy.a(stm32h7xx_hal_rcc_ex.o)
                0x000000000800c3d4                HAL_RCCEx_GetPLL3ClockFreq
 .text.HAL_RCCEx_GetPLL1ClockFreq
                0x000000000800c550      0x17c ../../libDaisy//build/libdaisy.a(stm32h7xx_hal_rcc_ex.o)
                0x000000000800c550                HAL_RCCEx_GetPLL1ClockFreq
 .text.HAL_RCCEx_GetPeriphCLKFreq
                0x000000000800c6cc      0x198 ../../libDaisy//build/libdaisy.a(stm32h7xx_hal_rcc_ex.o)
                0x000000000800c6cc                HAL_RCCEx_GetPeriphCLKFreq
 .text.HAL_RCCEx_GetD1SysClockFreq
                0x000000000800c864       0x2c ../../libDaisy//build/libdaisy.a(stm32h7xx_hal_rcc_ex.o)
                0x000000000800c864                HAL_RCCEx_GetD1SysClockFreq
 .text.HAL_SAI_Init.part.0
                0x000000000800c890      0x348 ../../libDaisy//build/libdaisy.a(stm32h7xx_hal_sai.o)
 .text.HAL_SAI_InitProtocol
                0x000000000800cbd8      0x178 ../../libDaisy//build/libdaisy.a(stm32h7xx_hal_sai.o)
                0x000000000800cbd8                HAL_SAI_InitProtocol
 .text.HAL_SAI_Transmit_DMA
                0x000000000800cd50      0x124 ../../libDaisy//build/libdaisy.a(stm32h7xx_hal_sai.o)
                0x000000000800cd50                HAL_SAI_Transmit_DMA
 .text.HAL_SAI_Receive_DMA
                0x000000000800ce74       0xd0 ../../libDaisy//build/libdaisy.a(stm32h7xx_hal_sai.o)
                0x000000000800ce74                HAL_SAI_Receive_DMA
 .text.HAL_SAI_TxCpltCallback
                0x000000000800cf44        0x4 ../../libDaisy//build/libdaisy.a(stm32h7xx_hal_sai.o)
                0x000000000800cf44                HAL_SAI_TxCpltCallback
 .text.SAI_DMATxCplt
                0x000000000800cf48       0x64 ../../libDaisy//build/libdaisy.a(stm32h7xx_hal_sai.o)
 .text.HAL_SAI_TxHalfCpltCallback
                0x000000000800cfac        0x4 ../../libDaisy//build/libdaisy.a(stm32h7xx_hal_sai.o)
                0x000000000800cfac                HAL_SAI_TxHalfCpltCallback
 .text.SAI_DMATxHalfCplt
                0x000000000800cfb0        0xc ../../libDaisy//build/libdaisy.a(stm32h7xx_hal_sai.o)
 .text.SAI_DMARxCplt
                0x000000000800cfbc       0x64 ../../libDaisy//build/libdaisy.a(stm32h7xx_hal_sai.o)
 .text.SAI_DMARxHalfCplt
                0x000000000800d020        0xc ../../libDaisy//build/libdaisy.a(stm32h7xx_hal_sai.o)
 .text.HAL_SAI_ErrorCallback
                0x000000000800d02c        0x4 ../../libDaisy//build/libdaisy.a(stm32h7xx_hal_sai.o)
                0x000000000800d02c                HAL_SAI_ErrorCallback
 .text.SAI_DMAError
                0x000000000800d030       0x6c ../../libDaisy//build/libdaisy.a(stm32h7xx_hal_sai.o)
 .text.HAL_SDRAM_Init
                0x000000000800d09c       0x54 ../../libDaisy//build/libdaisy.a(stm32h7xx_hal_sdram.o)
                0x000000000800d09c                HAL_SDRAM_Init
 .text.HAL_SDRAM_SendCommand
                0x000000000800d0f0       0x40 ../../libDaisy//build/libdaisy.a(stm32h7xx_hal_sdram.o)
                0x000000000800d0f0                HAL_SDRAM_SendCommand
 .text.HAL_SDRAM_ProgramRefreshRate
                0x000000000800d130       0x30 ../../libDaisy//build/libdaisy.a(stm32h7xx_hal_sdram.o)
                0x000000000800d130                HAL_SDRAM_ProgramRefreshRate
 .text.SPI_CloseTransfer
                0x000000000800d160       0xb8 ../../libDaisy//build/libdaisy.a(stm32h7xx_hal_spi.o)
 .text.HAL_SPI_Init
                0x000000000800d218      0x15c ../../libDaisy//build/libdaisy.a(stm32h7xx_hal_spi.o)
                0x000000000800d218                HAL_SPI_Init
 .text.HAL_SPI_Transmit
                0x000000000800d374      0x314 ../../libDaisy//build/libdaisy.a(stm32h7xx_hal_spi.o)
                0x000000000800d374                HAL_SPI_Transmit
 .text.HAL_SPI_Transmit_DMA
                0x000000000800d688      0x170 ../../libDaisy//build/libdaisy.a(stm32h7xx_hal_spi.o)
                0x000000000800d688                HAL_SPI_Transmit_DMA
 .text.HAL_SPI_TransmitReceive_DMA
                0x000000000800d7f8      0x218 ../../libDaisy//build/libdaisy.a(stm32h7xx_hal_spi.o)
                0x000000000800d7f8                HAL_SPI_TransmitReceive_DMA
 .text.HAL_SPI_Receive_DMA
                0x000000000800da10      0x1b4 ../../libDaisy//build/libdaisy.a(stm32h7xx_hal_spi.o)
                0x000000000800da10                HAL_SPI_Receive_DMA
 .text.SPI_DMATransmitCplt
                0x000000000800dbc4       0x28 ../../libDaisy//build/libdaisy.a(stm32h7xx_hal_spi.o)
 .text.SPI_DMAReceiveCplt
                0x000000000800dbec       0x28 ../../libDaisy//build/libdaisy.a(stm32h7xx_hal_spi.o)
 .text.SPI_DMATransmitReceiveCplt
                0x000000000800dc14       0x28 ../../libDaisy//build/libdaisy.a(stm32h7xx_hal_spi.o)
 .text.HAL_SPI_TxHalfCpltCallback
                0x000000000800dc3c        0x4 ../../libDaisy//build/libdaisy.a(stm32h7xx_hal_spi.o)
                0x000000000800dc3c                HAL_SPI_TxHalfCpltCallback
 .text.SPI_DMAHalfTransmitCplt
                0x000000000800dc40        0xc ../../libDaisy//build/libdaisy.a(stm32h7xx_hal_spi.o)
 .text.HAL_SPI_RxHalfCpltCallback
                0x000000000800dc4c        0x4 ../../libDaisy//build/libdaisy.a(stm32h7xx_hal_spi.o)
                0x000000000800dc4c                HAL_SPI_RxHalfCpltCallback
 .text.SPI_DMAHalfReceiveCplt
                0x000000000800dc50        0xc ../../libDaisy//build/libdaisy.a(stm32h7xx_hal_spi.o)
 .text.HAL_SPI_TxRxHalfCpltCallback
                0x000000000800dc5c        0x4 ../../libDaisy//build/libdaisy.a(stm32h7xx_hal_spi.o)
                0x000000000800dc5c                HAL_SPI_TxRxHalfCpltCallback
 .text.SPI_DMAHalfTransmitReceiveCplt
                0x000000000800dc60        0xc ../../libDaisy//build/libdaisy.a(stm32h7xx_hal_spi.o)
 .text.SPI_DMAError
                0x000000000800dc6c       0xd8 ../../libDaisy//build/libdaisy.a(stm32h7xx_hal_spi.o)
 .text.HAL_SPI_IRQHandler
                0x000000000800dd44      0x23c ../../libDaisy//build/libdaisy.a(stm32h7xx_hal_spi.o)
                0x000000000800dd44                HAL_SPI_IRQHandler
 .text.SPI_DMAAbortOnError
                0x000000000800df80       0x1c ../../libDaisy//build/libdaisy.a(stm32h7xx_hal_spi.o)
 .text.HAL_SPI_GetState
                0x000000000800df9c        0x8 ../../libDaisy//build/libdaisy.a(stm32h7xx_hal_spi.o)
                0x000000000800df9c                HAL_SPI_GetState
 .text.FMC_SDRAM_Init
                0x000000000800dfa4       0x7c ../../libDaisy//build/libdaisy.a(stm32h7xx_ll_fmc.o)
                0x000000000800dfa4                FMC_SDRAM_Init
 .text.FMC_SDRAM_Timing_Init
                0x000000000800e020       0x98 ../../libDaisy//build/libdaisy.a(stm32h7xx_ll_fmc.o)
                0x000000000800e020                FMC_SDRAM_Timing_Init
 .text.FMC_SDRAM_SendCommand
                0x000000000800e0b8       0x28 ../../libDaisy//build/libdaisy.a(stm32h7xx_ll_fmc.o)
                0x000000000800e0b8                FMC_SDRAM_SendCommand
 .text.FMC_SDRAM_ProgramRefreshRate
                0x000000000800e0e0       0x1c ../../libDaisy//build/libdaisy.a(stm32h7xx_ll_fmc.o)
                0x000000000800e0e0                FMC_SDRAM_ProgramRefreshRate
 .text.USB_SetTurnaroundTime
                0x000000000800e0fc      0x104 ../../libDaisy//build/libdaisy.a(stm32h7xx_ll_usb.o)
                0x000000000800e0fc                USB_SetTurnaroundTime
 .text.USB_FlushTxFifo
                0x000000000800e200       0x34 ../../libDaisy//build/libdaisy.a(stm32h7xx_ll_usb.o)
                0x000000000800e200                USB_FlushTxFifo
 .text.USB_GetDevSpeed
                0x000000000800e234       0x24 ../../libDaisy//build/libdaisy.a(stm32h7xx_ll_usb.o)
                0x000000000800e234                USB_GetDevSpeed
 .text.USB_ActivateEndpoint
                0x000000000800e258       0x90 ../../libDaisy//build/libdaisy.a(stm32h7xx_ll_usb.o)
                0x000000000800e258                USB_ActivateEndpoint
 .text.USB_EPStartXfer
                0x000000000800e2e8      0x230 ../../libDaisy//build/libdaisy.a(stm32h7xx_ll_usb.o)
                0x000000000800e2e8                USB_EPStartXfer
 .text.USB_EP0StartXfer
                0x000000000800e518      0x174 ../../libDaisy//build/libdaisy.a(stm32h7xx_ll_usb.o)
                0x000000000800e518                USB_EP0StartXfer
 .text.USB_WritePacket
                0x000000000800e68c       0x2c ../../libDaisy//build/libdaisy.a(stm32h7xx_ll_usb.o)
                0x000000000800e68c                USB_WritePacket
 .text.USB_ReadPacket
                0x000000000800e6b8       0x20 ../../libDaisy//build/libdaisy.a(stm32h7xx_ll_usb.o)
                0x000000000800e6b8                USB_ReadPacket
 .text.USB_EPSetStall
                0x000000000800e6d8       0x68 ../../libDaisy//build/libdaisy.a(stm32h7xx_ll_usb.o)
                0x000000000800e6d8                USB_EPSetStall
 .text.USB_EPClearStall
                0x000000000800e740       0x58 ../../libDaisy//build/libdaisy.a(stm32h7xx_ll_usb.o)
                0x000000000800e740                USB_EPClearStall
 .text.USB_SetDevAddress
                0x000000000800e798       0x24 ../../libDaisy//build/libdaisy.a(stm32h7xx_ll_usb.o)
                0x000000000800e798                USB_SetDevAddress
 .text.USB_ReadInterrupts
                0x000000000800e7bc       0x14 ../../libDaisy//build/libdaisy.a(stm32h7xx_ll_usb.o)
                0x000000000800e7bc                USB_ReadInterrupts
 .text.USB_ReadDevAllOutEpInterrupt
                0x000000000800e7d0       0x1c ../../libDaisy//build/libdaisy.a(stm32h7xx_ll_usb.o)
                0x000000000800e7d0                USB_ReadDevAllOutEpInterrupt
 .text.USB_ReadDevAllInEpInterrupt
                0x000000000800e7ec       0x1c ../../libDaisy//build/libdaisy.a(stm32h7xx_ll_usb.o)
                0x000000000800e7ec                USB_ReadDevAllInEpInterrupt
 .text.USB_ReadDevOutEPInterrupt
                0x000000000800e808       0x1c ../../libDaisy//build/libdaisy.a(stm32h7xx_ll_usb.o)
                0x000000000800e808                USB_ReadDevOutEPInterrupt
 .text.USB_ReadDevInEPInterrupt
                0x000000000800e824       0x38 ../../libDaisy//build/libdaisy.a(stm32h7xx_ll_usb.o)
                0x000000000800e824                USB_ReadDevInEPInterrupt
 .text.USB_GetMode
                0x000000000800e85c        0x8 ../../libDaisy//build/libdaisy.a(stm32h7xx_ll_usb.o)
                0x000000000800e85c                USB_GetMode
 .text.USB_ActivateSetup
                0x000000000800e864       0x38 ../../libDaisy//build/libdaisy.a(stm32h7xx_ll_usb.o)
                0x000000000800e864                USB_ActivateSetup
 .text.USB_EP0_OutStart
                0x000000000800e89c       0x58 ../../libDaisy//build/libdaisy.a(stm32h7xx_ll_usb.o)
                0x000000000800e89c                USB_EP0_OutStart
 .text.USB_InitFSLSPClkSel
                0x000000000800e8f4       0x44 ../../libDaisy//build/libdaisy.a(stm32h7xx_ll_usb.o)
                0x000000000800e8f4                USB_InitFSLSPClkSel
 .text.USB_HC_ReadInterrupt
                0x000000000800e938        0x8 ../../libDaisy//build/libdaisy.a(stm32h7xx_ll_usb.o)
                0x000000000800e938                USB_HC_ReadInterrupt
 .text.USB_HC_Halt
                0x000000000800e940       0xc0 ../../libDaisy//build/libdaisy.a(stm32h7xx_ll_usb.o)
                0x000000000800e940                USB_HC_Halt
 .text.USB_StopHost
                0x000000000800ea00      0x2ec ../../libDaisy//build/libdaisy.a(stm32h7xx_ll_usb.o)
                0x000000000800ea00                USB_StopHost
 .text.USBD_SetClassConfig
                0x000000000800ecec       0x14 ../../libDaisy//build/libdaisy.a(usbd_core.o)
                0x000000000800ecec                USBD_SetClassConfig
 .text.USBD_ClrClassConfig
                0x000000000800ed00       0x10 ../../libDaisy//build/libdaisy.a(usbd_core.o)
                0x000000000800ed00                USBD_ClrClassConfig
 .text.USBD_LL_SetupStage
                0x000000000800ed10       0x5c ../../libDaisy//build/libdaisy.a(usbd_core.o)
                0x000000000800ed10                USBD_LL_SetupStage
 .text.USBD_LL_DataOutStage
                0x000000000800ed6c       0x7c ../../libDaisy//build/libdaisy.a(usbd_core.o)
                0x000000000800ed6c                USBD_LL_DataOutStage
 .text.USBD_LL_DataInStage
                0x000000000800ede8       0xcc ../../libDaisy//build/libdaisy.a(usbd_core.o)
                0x000000000800ede8                USBD_LL_DataInStage
 .text.USBD_LL_Reset
                0x000000000800eeb4       0x50 ../../libDaisy//build/libdaisy.a(usbd_core.o)
                0x000000000800eeb4                USBD_LL_Reset
 .text.USBD_LL_SetSpeed
                0x000000000800ef04        0x8 ../../libDaisy//build/libdaisy.a(usbd_core.o)
                0x000000000800ef04                USBD_LL_SetSpeed
 .text.USBD_LL_Suspend
                0x000000000800ef0c       0x14 ../../libDaisy//build/libdaisy.a(usbd_core.o)
                0x000000000800ef0c                USBD_LL_Suspend
 .text.USBD_LL_Resume
                0x000000000800ef20       0x10 ../../libDaisy//build/libdaisy.a(usbd_core.o)
                0x000000000800ef20                USBD_LL_Resume
 .text.USBD_LL_SOF
                0x000000000800ef30       0x1c ../../libDaisy//build/libdaisy.a(usbd_core.o)
                0x000000000800ef30                USBD_LL_SOF
 .text.USBD_LL_IsoINIncomplete
                0x000000000800ef4c        0x4 ../../libDaisy//build/libdaisy.a(usbd_core.o)
                0x000000000800ef4c                USBD_LL_IsoINIncomplete
 .text.USBD_LL_IsoOUTIncomplete
                0x000000000800ef50        0x4 ../../libDaisy//build/libdaisy.a(usbd_core.o)
                0x000000000800ef50                USBD_LL_IsoOUTIncomplete
 .text.USBD_LL_DevConnected
                0x000000000800ef54        0x4 ../../libDaisy//build/libdaisy.a(usbd_core.o)
                0x000000000800ef54                USBD_LL_DevConnected
 .text.USBD_LL_DevDisconnected
                0x000000000800ef58       0x18 ../../libDaisy//build/libdaisy.a(usbd_core.o)
                0x000000000800ef58                USBD_LL_DevDisconnected
 .text.USBD_StdDevReq
                0x000000000800ef70      0x304 ../../libDaisy//build/libdaisy.a(usbd_ctlreq.o)
                0x000000000800ef70                USBD_StdDevReq
 .text.USBD_StdItfReq
                0x000000000800f274       0x68 ../../libDaisy//build/libdaisy.a(usbd_ctlreq.o)
                0x000000000800f274                USBD_StdItfReq
 .text.USBD_StdEPReq
                0x000000000800f2dc      0x13c ../../libDaisy//build/libdaisy.a(usbd_ctlreq.o)
                0x000000000800f2dc                USBD_StdEPReq
 .text.USBD_ParseSetupRequest
                0x000000000800f418       0x28 ../../libDaisy//build/libdaisy.a(usbd_ctlreq.o)
                0x000000000800f418                USBD_ParseSetupRequest
 .text.USBD_CtlSendData
                0x000000000800f440       0x1c ../../libDaisy//build/libdaisy.a(usbd_ioreq.o)
                0x000000000800f440                USBD_CtlSendData
 .text.USBD_CtlContinueSendData
                0x000000000800f45c       0x14 ../../libDaisy//build/libdaisy.a(usbd_ioreq.o)
                0x000000000800f45c                USBD_CtlContinueSendData
 .text.USBD_CtlContinueRx
                0x000000000800f470       0x14 ../../libDaisy//build/libdaisy.a(usbd_ioreq.o)
                0x000000000800f470                USBD_CtlContinueRx
 .text.USBD_CtlSendStatus
                0x000000000800f484       0x18 ../../libDaisy//build/libdaisy.a(usbd_ioreq.o)
                0x000000000800f484                USBD_CtlSendStatus
 .text.USBD_CtlReceiveStatus
                0x000000000800f49c       0x18 ../../libDaisy//build/libdaisy.a(usbd_ioreq.o)
                0x000000000800f49c                USBD_CtlReceiveStatus
 .text.USBH_LL_IncTimer
                0x000000000800f4b4       0x20 ../../libDaisy//build/libdaisy.a(usbh_core.o)
                0x000000000800f4b4                USBH_LL_IncTimer
 .text.USBH_LL_PortEnabled
                0x000000000800f4d4        0x8 ../../libDaisy//build/libdaisy.a(usbh_core.o)
                0x000000000800f4d4                USBH_LL_PortEnabled
 .text.USBH_LL_PortDisabled
                0x000000000800f4dc        0x8 ../../libDaisy//build/libdaisy.a(usbh_core.o)
                0x000000000800f4dc                USBH_LL_PortDisabled
 .text.USBH_LL_Connect
                0x000000000800f4e4       0x18 ../../libDaisy//build/libdaisy.a(usbh_core.o)
                0x000000000800f4e4                USBH_LL_Connect
 .text.USBH_LL_Disconnect
                0x000000000800f4fc       0x2c ../../libDaisy//build/libdaisy.a(usbh_core.o)
                0x000000000800f4fc                USBH_LL_Disconnect
 .text.USBH_FreePipe
                0x000000000800f528       0x18 ../../libDaisy//build/libdaisy.a(usbh_pipes.o)
                0x000000000800f528                USBH_FreePipe
 .text._ZN5daisy6Random4InitEv
                0x000000000800f540       0x3c ../../libDaisy//build/libdaisy.a(rng.o)
                0x000000000800f540                daisy::Random::Init()
 .text.HAL_TIM_Base_MspInit
                0x000000000800f57c      0x1e0 ../../libDaisy//build/libdaisy.a(tim.o)
                0x000000000800f57c                HAL_TIM_Base_MspInit
 .text.HAL_TIM_PeriodElapsedCallback
                0x000000000800f75c       0x44 ../../libDaisy//build/libdaisy.a(tim.o)
                0x000000000800f75c                HAL_TIM_PeriodElapsedCallback
 .text.TIM2_IRQHandler
                0x000000000800f7a0        0xc ../../libDaisy//build/libdaisy.a(tim.o)
                0x000000000800f7a0                TIM2_IRQHandler
 .text.TIM3_IRQHandler
                0x000000000800f7ac        0xc ../../libDaisy//build/libdaisy.a(tim.o)
                0x000000000800f7ac                TIM3_IRQHandler
 .text.TIM4_IRQHandler
                0x000000000800f7b8        0xc ../../libDaisy//build/libdaisy.a(tim.o)
                0x000000000800f7b8                TIM4_IRQHandler
 .text.TIM5_IRQHandler
                0x000000000800f7c4        0xc ../../libDaisy//build/libdaisy.a(tim.o)
                0x000000000800f7c4                TIM5_IRQHandler
 .text._ZN5daisy11TimerHandle4InitERKNS0_6ConfigE
                0x000000000800f7d0       0xd0 ../../libDaisy//build/libdaisy.a(tim.o)
                0x000000000800f7d0                daisy::TimerHandle::Init(daisy::TimerHandle::Config const&)
 .text._ZN5daisy11TimerHandle5StartEv
                0x000000000800f8a0       0x24 ../../libDaisy//build/libdaisy.a(tim.o)
                0x000000000800f8a0                daisy::TimerHandle::Start()
 .text.startup._GLOBAL__sub_I__ZN5daisy11TimerHandle4Impl4InitERKNS0_6ConfigE
                0x000000000800f8c4       0x38 ../../libDaisy//build/libdaisy.a(tim.o)
 .text._ZN5daisy11UartHandler4Impl7InitDmaEbb
                0x000000000800f8fc      0x164 ../../libDaisy//build/libdaisy.a(uart.o)
                0x000000000800f8fc                daisy::UartHandler::Impl::InitDma(bool, bool)
 .text._ZN5daisy11UartHandler4Impl10HandleFifoEv
                0x000000000800fa60       0xec ../../libDaisy//build/libdaisy.a(uart.o)
                0x000000000800fa60                daisy::UartHandler::Impl::HandleFifo()
 .text._ZN5daisy11UartHandler4Impl10StartDmaTxEPhjPFvPvEPFvS3_NS0_6ResultEES3_
                0x000000000800fb4c       0xcc ../../libDaisy//build/libdaisy.a(uart.o)
                0x000000000800fb4c                daisy::UartHandler::Impl::StartDmaTx(unsigned char*, unsigned int, void (*)(void*), void (*)(void*, daisy::UartHandler::Result), void*)
 .text._ZN5daisy11UartHandler4Impl10StartDmaRxEPhjPFvPvEPFvS3_NS0_6ResultEES3_
                0x000000000800fc18       0xcc ../../libDaisy//build/libdaisy.a(uart.o)
                0x000000000800fc18                daisy::UartHandler::Impl::StartDmaRx(unsigned char*, unsigned int, void (*)(void*), void (*)(void*, daisy::UartHandler::Result), void*)
 .text._ZN5daisy11UartHandler4Impl19DmaTransferFinishedEP20__UART_HandleTypeDefNS0_6ResultE
                0x000000000800fce4       0xc0 ../../libDaisy//build/libdaisy.a(uart.o)
                0x000000000800fce4                daisy::UartHandler::Impl::DmaTransferFinished(__UART_HandleTypeDef*, daisy::UartHandler::Result)
 .text._ZN5daisy11UartHandler4Impl8InitPinsEv
                0x000000000800fda4      0x150 ../../libDaisy//build/libdaisy.a(uart.o)
                0x000000000800fda4                daisy::UartHandler::Impl::InitPins()
 .text.HAL_UART_MspInit
                0x000000000800fef4      0x210 ../../libDaisy//build/libdaisy.a(uart.o)
                0x000000000800fef4                HAL_UART_MspInit
 .text.dsy_uart_global_init
                0x0000000008010104       0xfc ../../libDaisy//build/libdaisy.a(uart.o)
                0x0000000008010104                dsy_uart_global_init
 .text.USART1_IRQHandler
                0x0000000008010200       0x30 ../../libDaisy//build/libdaisy.a(uart.o)
                0x0000000008010200                USART1_IRQHandler
 .text.USART2_IRQHandler
                0x0000000008010230       0x34 ../../libDaisy//build/libdaisy.a(uart.o)
                0x0000000008010230                USART2_IRQHandler
 .text.USART3_IRQHandler
                0x0000000008010264       0x34 ../../libDaisy//build/libdaisy.a(uart.o)
                0x0000000008010264                USART3_IRQHandler
 .text.UART4_IRQHandler
                0x0000000008010298       0x34 ../../libDaisy//build/libdaisy.a(uart.o)
                0x0000000008010298                UART4_IRQHandler
 .text.UART5_IRQHandler
                0x00000000080102cc       0x34 ../../libDaisy//build/libdaisy.a(uart.o)
                0x00000000080102cc                UART5_IRQHandler
 .text.USART6_IRQHandler
                0x0000000008010300       0x34 ../../libDaisy//build/libdaisy.a(uart.o)
                0x0000000008010300                USART6_IRQHandler
 .text.UART7_IRQHandler
                0x0000000008010334       0x30 ../../libDaisy//build/libdaisy.a(uart.o)
                0x0000000008010334                UART7_IRQHandler
 .text.UART8_IRQHandler
                0x0000000008010364       0x34 ../../libDaisy//build/libdaisy.a(uart.o)
                0x0000000008010364                UART8_IRQHandler
 .text.LPUART1_IRQHandler
                0x0000000008010398       0x34 ../../libDaisy//build/libdaisy.a(uart.o)
                0x0000000008010398                LPUART1_IRQHandler
 .text.DMA1_Stream5_IRQHandler
                0x00000000080103cc       0x34 ../../libDaisy//build/libdaisy.a(uart.o)
                0x00000000080103cc                DMA1_Stream5_IRQHandler
 .text.DMA2_Stream4_IRQHandler
                0x0000000008010400       0x34 ../../libDaisy//build/libdaisy.a(uart.o)
                0x0000000008010400                DMA2_Stream4_IRQHandler
 .text.HAL_UART_TxCpltCallback
                0x0000000008010434        0x8 ../../libDaisy//build/libdaisy.a(uart.o)
                0x0000000008010434                HAL_UART_TxCpltCallback
 .text.HAL_UART_RxCpltCallback
                0x000000000801043c        0x8 ../../libDaisy//build/libdaisy.a(uart.o)
                0x000000000801043c                HAL_UART_RxCpltCallback
 .text.HAL_UART_ErrorCallback
                0x0000000008010444        0x8 ../../libDaisy//build/libdaisy.a(uart.o)
                0x0000000008010444                HAL_UART_ErrorCallback
 .text.startup._GLOBAL__sub_I__Z19MapInstanceToHandleP13USART_TypeDef
                0x000000000801044c      0x190 ../../libDaisy//build/libdaisy.a(uart.o)
 .text.dsy_dma_init
                0x00000000080105dc      0x100 ../../libDaisy//build/libdaisy.a(dma.o)
                0x00000000080105dc                dsy_dma_init
 .text.HAL_MDMA_Abort_IT
                0x00000000080106dc       0x2c ../../libDaisy//build/libdaisy.a(stm32h7xx_hal_mdma.o)
                0x00000000080106dc                HAL_MDMA_Abort_IT
 .text.HAL_TIM_Base_Init
                0x0000000008010708      0x140 ../../libDaisy//build/libdaisy.a(stm32h7xx_hal_tim.o)
                0x0000000008010708                HAL_TIM_Base_Init
 .text.HAL_TIM_Base_Start
                0x0000000008010848       0x34 ../../libDaisy//build/libdaisy.a(stm32h7xx_hal_tim.o)
                0x0000000008010848                HAL_TIM_Base_Start
 .text.HAL_TIM_Base_Start_IT
                0x000000000801087c       0x2c ../../libDaisy//build/libdaisy.a(stm32h7xx_hal_tim.o)
                0x000000000801087c                HAL_TIM_Base_Start_IT
 .text.HAL_TIM_ConfigClockSource
                0x00000000080108a8      0x17c ../../libDaisy//build/libdaisy.a(stm32h7xx_hal_tim.o)
                0x00000000080108a8                HAL_TIM_ConfigClockSource
 .text.HAL_TIM_OC_DelayElapsedCallback
                0x0000000008010a24        0x4 ../../libDaisy//build/libdaisy.a(stm32h7xx_hal_tim.o)
                0x0000000008010a24                HAL_TIM_OC_DelayElapsedCallback
 .text.HAL_TIM_IC_CaptureCallback
                0x0000000008010a28        0x4 ../../libDaisy//build/libdaisy.a(stm32h7xx_hal_tim.o)
                0x0000000008010a28                HAL_TIM_IC_CaptureCallback
 .text.HAL_TIM_PWM_PulseFinishedCallback
                0x0000000008010a2c        0x4 ../../libDaisy//build/libdaisy.a(stm32h7xx_hal_tim.o)
                0x0000000008010a2c                HAL_TIM_PWM_PulseFinishedCallback
 .text.HAL_TIM_TriggerCallback
                0x0000000008010a30        0x4 ../../libDaisy//build/libdaisy.a(stm32h7xx_hal_tim.o)
                0x0000000008010a30                HAL_TIM_TriggerCallback
 .text.HAL_TIM_IRQHandler
                0x0000000008010a34      0x170 ../../libDaisy//build/libdaisy.a(stm32h7xx_hal_tim.o)
                0x0000000008010a34                HAL_TIM_IRQHandler
 .text.HAL_TIMEx_MasterConfigSynchronization
                0x0000000008010ba4       0x64 ../../libDaisy//build/libdaisy.a(stm32h7xx_hal_tim_ex.o)
                0x0000000008010ba4                HAL_TIMEx_MasterConfigSynchronization
 .text.HAL_TIMEx_CommutCallback
                0x0000000008010c08        0x4 ../../libDaisy//build/libdaisy.a(stm32h7xx_hal_tim_ex.o)
                0x0000000008010c08                HAL_TIMEx_CommutCallback
 .text.HAL_TIMEx_BreakCallback
                0x0000000008010c0c        0x4 ../../libDaisy//build/libdaisy.a(stm32h7xx_hal_tim_ex.o)
                0x0000000008010c0c                HAL_TIMEx_BreakCallback
 .text.HAL_TIMEx_Break2Callback
                0x0000000008010c10        0x4 ../../libDaisy//build/libdaisy.a(stm32h7xx_hal_tim_ex.o)
                0x0000000008010c10                HAL_TIMEx_Break2Callback
 .text.HAL_UART_Transmit_DMA
                0x0000000008010c14       0xa4 ../../libDaisy//build/libdaisy.a(stm32h7xx_hal_uart.o)
                0x0000000008010c14                HAL_UART_Transmit_DMA
 .text.HAL_UART_Receive_DMA
                0x0000000008010cb8       0xac ../../libDaisy//build/libdaisy.a(stm32h7xx_hal_uart.o)
                0x0000000008010cb8                HAL_UART_Receive_DMA
 .text.UART_DMATransmitCplt
                0x0000000008010d64       0x2c ../../libDaisy//build/libdaisy.a(stm32h7xx_hal_uart.o)
 .text.HAL_UART_TxHalfCpltCallback
                0x0000000008010d90        0x4 ../../libDaisy//build/libdaisy.a(stm32h7xx_hal_uart.o)
                0x0000000008010d90                HAL_UART_TxHalfCpltCallback
 .text.UART_DMATxHalfCplt
                0x0000000008010d94        0xc ../../libDaisy//build/libdaisy.a(stm32h7xx_hal_uart.o)
 .text.UART_DMAReceiveCplt
                0x0000000008010da0       0x38 ../../libDaisy//build/libdaisy.a(stm32h7xx_hal_uart.o)
 .text.HAL_UART_RxHalfCpltCallback
                0x0000000008010dd8        0x4 ../../libDaisy//build/libdaisy.a(stm32h7xx_hal_uart.o)
                0x0000000008010dd8                HAL_UART_RxHalfCpltCallback
 .text.UART_DMARxHalfCplt
                0x0000000008010ddc        0xc ../../libDaisy//build/libdaisy.a(stm32h7xx_hal_uart.o)
 .text.UART_DMAError
                0x0000000008010de8       0x78 ../../libDaisy//build/libdaisy.a(stm32h7xx_hal_uart.o)
 .text.HAL_UART_IRQHandler
                0x0000000008010e60      0x1d0 ../../libDaisy//build/libdaisy.a(stm32h7xx_hal_uart.o)
                0x0000000008010e60                HAL_UART_IRQHandler
 .text.UART_DMAAbortOnError
                0x0000000008011030       0x14 ../../libDaisy//build/libdaisy.a(stm32h7xx_hal_uart.o)
 .text.HAL_UART_GetState
                0x0000000008011044        0xc ../../libDaisy//build/libdaisy.a(stm32h7xx_hal_uart.o)
                0x0000000008011044                HAL_UART_GetState
 .text.UART_SetConfig
                0x0000000008011050     0x14b8 ../../libDaisy//build/libdaisy.a(stm32h7xx_hal_uart.o)
                0x0000000008011050                UART_SetConfig
 .text.UART_AdvFeatureConfig
                0x0000000008012508       0xb0 ../../libDaisy//build/libdaisy.a(stm32h7xx_hal_uart.o)
                0x0000000008012508                UART_AdvFeatureConfig
 .text.UART_CheckIdleState
                0x00000000080125b8       0x84 ../../libDaisy//build/libdaisy.a(stm32h7xx_hal_uart.o)
                0x00000000080125b8                UART_CheckIdleState
 .text.HAL_UART_Init
                0x000000000801263c       0x68 ../../libDaisy//build/libdaisy.a(stm32h7xx_hal_uart.o)
                0x000000000801263c                HAL_UART_Init
 .text.HAL_UARTEx_WakeupCallback
                0x00000000080126a4        0x4 ../../libDaisy//build/libdaisy.a(stm32h7xx_hal_uart_ex.o)
                0x00000000080126a4                HAL_UARTEx_WakeupCallback
 .text.HAL_UARTEx_RxFifoFullCallback
                0x00000000080126a8        0x4 ../../libDaisy//build/libdaisy.a(stm32h7xx_hal_uart_ex.o)
                0x00000000080126a8                HAL_UARTEx_RxFifoFullCallback
 .text.HAL_UARTEx_TxFifoEmptyCallback
                0x00000000080126ac        0x4 ../../libDaisy//build/libdaisy.a(stm32h7xx_hal_uart_ex.o)
                0x00000000080126ac                HAL_UARTEx_TxFifoEmptyCallback
 .text._ZN7daisysp10Oscillator7ProcessEv
                0x00000000080126b0      0x3c4 ../../DaisySP//build/libdaisysp.a(oscillator.o)
                0x00000000080126b0                daisysp::Oscillator::Process()
 .text._ZN7daisysp10Oscillator12CalcPhaseIncEf
                0x0000000008012a74       0x18 ../../DaisySP//build/libdaisysp.a(oscillator.o)
                0x0000000008012a74                daisysp::Oscillator::CalcPhaseInc(float)
 .text.__aeabi_atexit
                0x0000000008012a8c        0xa /opt/homebrew/Cellar/arm-none-eabi-gcc/10.3-2021.07/gcc/bin/../lib/gcc/arm-none-eabi/10.3.1/../../../../arm-none-eabi/lib/thumb/v7e-m+dp/hard/libstdc++_nano.a(atexit_arm.o)
                0x0000000008012a8c                __aeabi_atexit
 .text._ZdlPvj  0x0000000008012a96        0x4 /opt/homebrew/Cellar/arm-none-eabi-gcc/10.3-2021.07/gcc/bin/../lib/gcc/arm-none-eabi/10.3.1/../../../../arm-none-eabi/lib/thumb/v7e-m+dp/hard/libstdc++_nano.a(del_ops.o)
                0x0000000008012a96                operator delete(void*, unsigned int)
 .text._ZdlPv   0x0000000008012a9a        0x4 /opt/homebrew/Cellar/arm-none-eabi-gcc/10.3-2021.07/gcc/bin/../lib/gcc/arm-none-eabi/10.3.1/../../../../arm-none-eabi/lib/thumb/v7e-m+dp/hard/libstdc++_nano.a(del_op.o)
                0x0000000008012a9a                operator delete(void*)
 *fill*         0x0000000008012a9e        0x2 
 .text.cosf     0x0000000008012aa0      0x1bc /opt/homebrew/Cellar/arm-none-eabi-gcc/10.3-2021.07/gcc/bin/../lib/gcc/arm-none-eabi/10.3.1/../../../../arm-none-eabi/lib/thumb/v7e-m+dp/hard/libm.a(lib_a-cosf.o)
                0x0000000008012aa0                cosf
 .text.with_errnof
                0x0000000008012c5c       0x18 /opt/homebrew/Cellar/arm-none-eabi-gcc/10.3-2021.07/gcc/bin/../lib/gcc/arm-none-eabi/10.3.1/../../../../arm-none-eabi/lib/thumb/v7e-m+dp/hard/libm.a(lib_a-math_errf.o)
 .text.__math_invalidf
                0x0000000008012c74       0x20 /opt/homebrew/Cellar/arm-none-eabi-gcc/10.3-2021.07/gcc/bin/../lib/gcc/arm-none-eabi/10.3.1/../../../../arm-none-eabi/lib/thumb/v7e-m+dp/hard/libm.a(lib_a-math_errf.o)
                0x0000000008012c74                __math_invalidf
 *fill*         0x0000000008012c94        0x4 