Archive member included to satisfy reference by file (symbol)

../../libDaisy//build/libdaisy.a(daisy_seed.o)
                              build/wavetableTest.o (daisy::DaisySeed::StartAudio(void (*)(float const* const*, float**, unsigned int)))
../../libDaisy//build/libdaisy.a(codec_ak4556.o)
                              ../../libDaisy//build/libdaisy.a(daisy_seed.o) (daisy::Ak4556::Init(dsy_gpio_pin))
../../libDaisy//build/libdaisy.a(codec_wm8731.o)
                              ../../libDaisy//build/libdaisy.a(daisy_seed.o) (daisy::Wm8731::Init(daisy::Wm8731::Config const&, daisy::I2CHandle))
../../libDaisy//build/libdaisy.a(sdram.o)
                              ../../libDaisy//build/libdaisy.a(daisy_seed.o) (SdramHandle::Init())
../../libDaisy//build/libdaisy.a(audio.o)
                              ../../libDaisy//build/libdaisy.a(daisy_seed.o) (daisy::AudioHandle::Init(daisy::AudioHandle::Config const&, daisy::SaiHandle))
../../libDaisy//build/libdaisy.a(switch.o)
                              build/wavetableTest.o (daisy::Switch::Init(dsy_gpio_pin, float))
../../libDaisy//build/libdaisy.a(gpio.o)
                              ../../libDaisy//build/libdaisy.a(daisy_seed.o) (dsy_gpio_init)
../../libDaisy//build/libdaisy.a(i2c.o)
                              ../../libDaisy//build/libdaisy.a(daisy_seed.o) (daisy::I2CHandle::Init(daisy::I2CHandle::Config const&))
../../libDaisy//build/libdaisy.a(qspi.o)
                              ../../libDaisy//build/libdaisy.a(daisy_seed.o) (daisy::QSPIHandle::Init(daisy::QSPIHandle::Config const&))
../../libDaisy//build/libdaisy.a(sai.o)
                              ../../libDaisy//build/libdaisy.a(daisy_seed.o) (daisy::SaiHandle::Init(daisy::SaiHandle::Config const&))
../../libDaisy//build/libdaisy.a(system.o)
                              ../../libDaisy//build/libdaisy.a(daisy_seed.o) (daisy::System::DeInit())
../../libDaisy//build/libdaisy.a(system_stm32h7xx.o)
                              build/startup_stm32h750xx.o (SystemInit)
../../libDaisy//build/libdaisy.a(usbd_conf.o)
                              ../../libDaisy//build/libdaisy.a(system.o) (hpcd_USB_OTG_HS)
../../libDaisy//build/libdaisy.a(usbh_conf.o)
                              ../../libDaisy//build/libdaisy.a(system.o) (hhcd_USB_OTG_HS)
../../libDaisy//build/libdaisy.a(hal_map.o)
                              ../../libDaisy//build/libdaisy.a(gpio.o) (dsy_hal_map_get_port)
../../libDaisy//build/libdaisy.a(stm32h7xx_hal.o)
                              ../../libDaisy//build/libdaisy.a(system.o) (HAL_Init)
../../libDaisy//build/libdaisy.a(stm32h7xx_hal_cortex.o)
                              ../../libDaisy//build/libdaisy.a(stm32h7xx_hal.o) (HAL_NVIC_SetPriorityGrouping)
../../libDaisy//build/libdaisy.a(stm32h7xx_hal_dma.o)
                              ../../libDaisy//build/libdaisy.a(i2c.o) (HAL_DMA_Init)
../../libDaisy//build/libdaisy.a(stm32h7xx_hal_gpio.o)
                              ../../libDaisy//build/libdaisy.a(sdram.o) (HAL_GPIO_Init)
../../libDaisy//build/libdaisy.a(stm32h7xx_hal_hcd.o)
                              ../../libDaisy//build/libdaisy.a(usbh_conf.o) (HAL_HCD_HC_Init)
../../libDaisy//build/libdaisy.a(stm32h7xx_hal_i2c.o)
                              ../../libDaisy//build/libdaisy.a(i2c.o) (HAL_I2C_Init)
../../libDaisy//build/libdaisy.a(stm32h7xx_hal_i2c_ex.o)
                              ../../libDaisy//build/libdaisy.a(i2c.o) (HAL_I2CEx_ConfigAnalogFilter)
../../libDaisy//build/libdaisy.a(stm32h7xx_hal_pcd.o)
                              ../../libDaisy//build/libdaisy.a(usbd_conf.o) (HAL_PCD_Init)
../../libDaisy//build/libdaisy.a(stm32h7xx_hal_pcd_ex.o)
                              ../../libDaisy//build/libdaisy.a(usbd_conf.o) (HAL_PCDEx_SetTxFiFo)
../../libDaisy//build/libdaisy.a(stm32h7xx_hal_pwr_ex.o)
                              ../../libDaisy//build/libdaisy.a(system.o) (HAL_PWREx_ConfigSupply)
../../libDaisy//build/libdaisy.a(stm32h7xx_hal_qspi.o)
                              ../../libDaisy//build/libdaisy.a(qspi.o) (HAL_QSPI_Init)
../../libDaisy//build/libdaisy.a(stm32h7xx_hal_rcc.o)
                              ../../libDaisy//build/libdaisy.a(system.o) (HAL_RCC_OscConfig)
../../libDaisy//build/libdaisy.a(stm32h7xx_hal_rcc_ex.o)
                              ../../libDaisy//build/libdaisy.a(system.o) (HAL_RCCEx_PeriphCLKConfig)
../../libDaisy//build/libdaisy.a(stm32h7xx_hal_sai.o)
                              ../../libDaisy//build/libdaisy.a(sai.o) (HAL_SAI_InitProtocol)
../../libDaisy//build/libdaisy.a(stm32h7xx_hal_sdram.o)
                              ../../libDaisy//build/libdaisy.a(sdram.o) (HAL_SDRAM_Init)
../../libDaisy//build/libdaisy.a(stm32h7xx_ll_fmc.o)
                              ../../libDaisy//build/libdaisy.a(stm32h7xx_hal_sdram.o) (FMC_SDRAM_Init)
../../libDaisy//build/libdaisy.a(stm32h7xx_ll_usb.o)
                              ../../libDaisy//build/libdaisy.a(stm32h7xx_hal_hcd.o) (USB_CoreInit)
[...]
Memory Configuration

Name             Origin             Length             Attributes
FLASH            0x0000000008000000 0x0000000000020000 xr
DTCMRAM          0x0000000020000000 0x0000000000020000 xrw
SRAM             0x0000000024000000 0x0000000000080000 xrw
RAM_D2           0x0000000030000000 0x0000000000048000 xrw
RAM_D3           0x0000000038000000 0x0000000000010000 xrw
ITCMRAM          0x0000000000000000 0x0000000000010000 xrw
SDRAM            0x00000000c0000000 0x0000000004000000 xrw
QSPIFLASH        0x0000000090000000 0x0000000000800000 xr
*default*        0x0000000000000000 0xffffffffffffffff

Linker script and memory map

LOAD /opt/homebrew/Cellar/arm-none-eabi-gcc/10.3-2021.07/gcc/bin/../lib/gcc/arm-none-eabi/10.3.1/thumb/v7e-m+dp/hard/crti.o
LOAD /opt/homebrew/Cellar/arm-none-eabi-gcc/10.3-2021.07/gcc/bin/../lib/gcc/arm-none-eabi/10.3.1/thumb/v7e-m+dp/hard/crtbegin.o
LOAD /opt/homebrew/Cellar/arm-none-eabi-gcc/10.3-2021.07/gcc/bin/../lib/gcc/arm-none-eabi/10.3.1/../../../../arm-none-eabi/lib/thumb/v7e-m+dp/hard/crt0.o
LOAD build/startup_stm32h750xx.o
LOAD build/wavetableTest.o
LOAD build/sample.o
LOAD ../../libDaisy//build/libdaisy.a
LOAD /opt/homebrew/Cellar/arm-none-eabi-gcc/10.3-2021.07/gcc/bin/../lib/gcc/arm-none-eabi/10.3.1/../../../../arm-none-eabi/lib/thumb/v7e-m+dp/hard/libnosys.a
LOAD ../../DaisySP//build/libdaisysp.a
LOAD /opt/homebrew/Cellar/arm-none-eabi-gcc/10.3-2021.07/gcc/bin/../lib/gcc/arm-none-eabi/10.3.1/../../../../arm-none-eabi/lib/thumb/v7e-m+dp/hard/libstdc++_nano.a
LOAD /opt/homebrew/Cellar/arm-none-eabi-gcc/10.3-2021.07/gcc/bin/../lib/gcc/arm-none-eabi/10.3.1/../../../../arm-none-eabi/lib/thumb/v7e-m+dp/hard/libm.a
LOAD /opt/homebrew/Cellar/arm-none-eabi-gcc/10.3-2021.07/gcc/bin/../lib/gcc/arm-none-eabi/10.3.1/../../../../arm-none-eabi/lib/thumb/v7e-m+dp/hard/libc_nano.a
START GROUP
LOAD /opt/homebrew/Cellar/arm-none-eabi-gcc/10.3-2021.07/gcc/bin/../lib/gcc/arm-none-eabi/10.3.1/thumb/v7e-m+dp/hard/libgcc.a
LOAD /opt/homebrew/Cellar/arm-none-eabi-gcc/10.3-2021.07/gcc/bin/../lib/gcc/arm-none-eabi/10.3.1/../../../../arm-none-eabi/lib/thumb/v7e-m+dp/hard/libc_nano.a
END GROUP
START GROUP
LOAD /opt/homebrew/Cellar/arm-none-eabi-gcc/10.3-2021.07/gcc/bin/../lib/gcc/arm-none-eabi/10.3.1/thumb/v7e-m+dp/hard/libgcc.a
LOAD /opt/homebrew/Cellar/arm-none-eabi-gcc/10.3-2021.07/gcc/bin/../lib/gcc/arm-none-eabi/10.3.1/../../../../arm-none-eabi/lib/thumb/v7e-m+dp/hard/libc_nano.a
LOAD /opt/homebrew/Cellar/arm-none-eabi-gcc/10.3-2021.07/gcc/bin/../lib/gcc/arm-none-eabi/10.3.1/../../../../arm-none-eabi/lib/thumb/v7e-m+dp/hard/libnosys.a
END GROUP
START GROUP
LOAD /opt/homebrew/Cellar/arm-none-eabi-gcc/10.3-2021.07/gcc/bin/../lib/gcc/arm-none-eabi/10.3.1/thumb/v7e-m+dp/hard/libgcc.a
LOAD /opt/homebrew/Cellar/arm-none-eabi-gcc/10.3-2021.07/gcc/bin/../lib/gcc/arm-none-eabi/10.3.1/../../../../arm-none-eabi/lib/thumb/v7e-m+dp/hard/libc_nano.a
LOAD /opt/homebrew/Cellar/arm-none-eabi-gcc/10.3-2021.07/gcc/bin/../lib/gcc/arm-none-eabi/10.3.1/../../../../arm-none-eabi/lib/thumb/v7e-m+dp/hard/libnosys.a
END GROUP
LOAD /opt/homebrew/Cellar/arm-none-eabi-gcc/10.3-2021.07/gcc/bin/../lib/gcc/arm-none-eabi/10.3.1/thumb/v7e-m+dp/hard/crtend.o
LOAD /opt/homebrew/Cellar/arm-none-eabi-gcc/10.3-2021.07/gcc/bin/../lib/gcc/arm-none-eabi/10.3.1/thumb/v7e-m+dp/hard/crtn.o
                0x0000000020020000                _estack = 0x20020000

.isr_vector     0x0000000008000000      0x298
                0x0000000008000000                . = ALIGN (0x4)
 *(.isr_vector)
 .isr_vector    0x0000000008000000      0x298 build/startup_stm32h750xx.o
                0x0000000008000000                g_pfnVectors
                0x0000000008000298                . = ALIGN (0x4)

.text           0x0000000008000298     0xf27c
                0x0000000008000298                . = ALIGN (0x4)
                0x0000000008000298                _stext = .
 *(.text)
 .text          0x0000000008000298       0x40 /opt/homebrew/Cellar/arm-none-eabi-gcc/10.3-2021.07/gcc/bin/../lib/gcc/arm-none-eabi/10.3.1/thumb/v7e-m+dp/hard/crtbegin.o
 .text          0x00000000080002d8       0x30 /opt/homebrew/Cellar/arm-none-eabi-gcc/10.3-2021.07/gcc/bin/../lib/gcc/arm-none-eabi/10.3.1/thumb/v7e-m+dp/hard/libgcc.a(_aeabi_uldivmod.o)
                0x00000000080002d8                __aeabi_uldivmod
 .text          0x0000000008000308      0x2d0 /opt/homebrew/Cellar/arm-none-eabi-gcc/10.3-2021.07/gcc/bin/../lib/gcc/arm-none-eabi/10.3.1/thumb/v7e-m+dp/hard/libgcc.a(_udivmoddi4.o)
                0x0000000008000308                __udivmoddi4
 .text          0x00000000080005d8        0x4 /opt/homebrew/Cellar/arm-none-eabi-gcc/10.3-2021.07/gcc/bin/../lib/gcc/arm-none-eabi/10.3.1/thumb/v7e-m+dp/hard/libgcc.a(_dvmd_tls.o)
                0x00000000080005d8                __aeabi_ldiv0
                0x00000000080005d8                __aeabi_idiv0
 *(.text*)
 .text.Default_Handler
                0x00000000080005dc        0x4 build/startup_stm32h750xx.o
                0x00000000080005dc                SAI1_IRQHandler
                0x00000000080005dc                HASH_RNG_IRQHandler
                0x00000000080005dc                EXTI2_IRQHandler
                0x00000000080005dc                TIM8_CC_IRQHandler
                0x00000000080005dc                HRTIM1_Master_IRQHandler
                0x00000000080005dc                DebugMon_Handler
                0x00000000080005dc                TIM1_CC_IRQHandler
                0x00000000080005dc                BDMA_Channel6_IRQHandler
                0x00000000080005dc                DMA2_Stream5_IRQHandler
                0x00000000080005dc                HRTIM1_FLT_IRQHandler
                0x00000000080005dc                JPEG_IRQHandler
                0x00000000080005dc                BDMA_Channel1_IRQHandler
                0x00000000080005dc                HRTIM1_TIMD_IRQHandler
                0x00000000080005dc                TAMP_STAMP_IRQHandler
                0x00000000080005dc                PendSV_Handler
                0x00000000080005dc                NMI_Handler
                0x00000000080005dc                EXTI3_IRQHandler
                0x00000000080005dc                LPTIM4_IRQHandler
                0x00000000080005dc                TIM8_TRG_COM_TIM14_IRQHandler
                0x00000000080005dc                LPTIM2_IRQHandler
                0x00000000080005dc                DFSDM1_FLT1_IRQHandler
                0x00000000080005dc                DMAMUX2_OVR_IRQHandler
                0x00000000080005dc                TIM8_UP_TIM13_IRQHandler
                0x00000000080005dc                I2C3_ER_IRQHandler
                0x00000000080005dc                DFSDM1_FLT2_IRQHandler
                0x00000000080005dc                MDMA_IRQHandler
                0x00000000080005dc                LPTIM3_IRQHandler
                0x00000000080005dc                HSEM1_IRQHandler
                0x00000000080005dc                EXTI0_IRQHandler
                0x00000000080005dc                DMA1_Stream2_IRQHandler
                0x00000000080005dc                FPU_IRQHandler
                0x00000000080005dc                OTG_HS_WKUP_IRQHandler
                0x00000000080005dc                FDCAN1_IT1_IRQHandler
                0x00000000080005dc                UsageFault_Handler
                0x00000000080005dc                LTDC_ER_IRQHandler
                0x00000000080005dc                HRTIM1_TIME_IRQHandler
                0x00000000080005dc                TIM6_DAC_IRQHandler
                0x00000000080005dc                DCMI_IRQHandler
                0x00000000080005dc                HRTIM1_TIMC_IRQHandler
                0x00000000080005dc                SAI2_IRQHandler
                0x00000000080005dc                DFSDM1_FLT3_IRQHandler
                0x00000000080005dc                TIM17_IRQHandler
                0x00000000080005dc                CRYP_IRQHandler
                0x00000000080005dc                BDMA_Channel7_IRQHandler
                0x00000000080005dc                LPTIM5_IRQHandler
                0x00000000080005dc                ADC3_IRQHandler
                0x00000000080005dc                DMA2_Stream0_IRQHandler
                0x00000000080005dc                BDMA_Channel2_IRQHandler
                0x00000000080005dc                DMAMUX1_OVR_IRQHandler
                0x00000000080005dc                TIM16_IRQHandler
                0x00000000080005dc                BDMA_Channel5_IRQHandler
                0x00000000080005dc                RCC_IRQHandler
                0x00000000080005dc                TIM8_BRK_TIM12_IRQHandler
                0x00000000080005dc                TIM1_TRG_COM_IRQHandler
                0x00000000080005dc                Default_Handler
                0x00000000080005dc                ECC_IRQHandler
                0x00000000080005dc                CEC_IRQHandler
                0x00000000080005dc                EXTI15_10_IRQHandler
                0x00000000080005dc                BDMA_Channel0_IRQHandler
                0x00000000080005dc                ADC_IRQHandler
                0x00000000080005dc                DMA1_Stream7_IRQHandler
                0x00000000080005dc                HRTIM1_TIMA_IRQHandler
                0x00000000080005dc                TIM7_IRQHandler
                0x00000000080005dc                SDMMC1_IRQHandler
                0x00000000080005dc                DMA2_Stream7_IRQHandler
                0x00000000080005dc                TIM15_IRQHandler
                0x00000000080005dc                PVD_AVD_IRQHandler
                0x00000000080005dc                EXTI9_5_IRQHandler
                0x00000000080005dc                RTC_WKUP_IRQHandler
                0x00000000080005dc                LTDC_IRQHandler
                0x00000000080005dc                SAI3_IRQHandler
                0x00000000080005dc                ETH_WKUP_IRQHandler
                0x00000000080005dc                SPDIF_RX_IRQHandler
                0x00000000080005dc                MemManage_Handler
                0x00000000080005dc                SVC_Handler
                0x00000000080005dc                CRS_IRQHandler
                0x00000000080005dc                EXTI4_IRQHandler
                0x00000000080005dc                HRTIM1_TIMB_IRQHandler
                0x00000000080005dc                FDCAN2_IT1_IRQHandler
                0x00000000080005dc                ETH_IRQHandler
                0x00000000080005dc                TIM1_UP_IRQHandler
                0x00000000080005dc                BDMA_Channel4_IRQHandler
                0x00000000080005dc                WWDG_IRQHandler
                0x00000000080005dc                SPI6_IRQHandler
                0x00000000080005dc                I2C4_EV_IRQHandler
                0x00000000080005dc                MDIOS_IRQHandler
                0x00000000080005dc                FDCAN2_IT0_IRQHandler
                0x00000000080005dc                FDCAN1_IT0_IRQHandler
                0x00000000080005dc                OTG_FS_WKUP_IRQHandler
                0x00000000080005dc                DMA2D_IRQHandler
                0x00000000080005dc                TIM1_BRK_IRQHandler
                0x00000000080005dc                EXTI1_IRQHandler
                0x00000000080005dc                SDMMC2_IRQHandler
                0x00000000080005dc                OTG_FS_EP1_OUT_IRQHandler
                0x00000000080005dc                BDMA_Channel3_IRQHandler
                0x00000000080005dc                MDIOS_WKUP_IRQHandler
                0x00000000080005dc                DFSDM1_FLT0_IRQHandler
                0x00000000080005dc                SAI4_IRQHandler
                0x00000000080005dc                I2C2_ER_IRQHandler
                0x00000000080005dc                DMA2_Stream1_IRQHandler
                0x00000000080005dc                FLASH_IRQHandler
                0x00000000080005dc                BusFault_Handler
                0x00000000080005dc                OTG_FS_IRQHandler
                0x00000000080005dc                WAKEUP_PIN_IRQHandler
                0x00000000080005dc                OTG_FS_EP1_IN_IRQHandler
                0x00000000080005dc                I2C1_ER_IRQHandler
                0x00000000080005dc                FMC_IRQHandler
                0x00000000080005dc                FDCAN_CAL_IRQHandler
                0x00000000080005dc                SWPMI1_IRQHandler
                0x00000000080005dc                COMP1_IRQHandler
                0x00000000080005dc                LPTIM1_IRQHandler
                0x00000000080005dc                I2C4_ER_IRQHandler
                0x00000000080005dc                DMA2_Stream6_IRQHandler
                0x00000000080005dc                RTC_Alarm_IRQHandler
 .text.Reset_Handler
                0x00000000080005e0       0x44 build/startup_stm32h750xx.o
                0x00000000080005e0                Reset_Handler
 .text._ZN5daisy6SwitchD2Ev
                0x0000000008000624        0x4 build/wavetableTest.o
                0x0000000008000624                daisy::Switch::~Switch()
                0x0000000008000624                daisy::Switch::~Switch()
 .text._ZN5daisy15WaveTableLoaderD2Ev
                0x0000000008000628        0x4 build/wavetableTest.o
                0x0000000008000628                daisy::WaveTableLoader::~WaveTableLoader()
                0x0000000008000628                daisy::WaveTableLoader::~WaveTableLoader()
 .text._ZN5daisy9DaisySeedD2Ev
                0x000000000800062c        0x4 build/wavetableTest.o
                0x000000000800062c                daisy::DaisySeed::~DaisySeed()
                0x000000000800062c                daisy::DaisySeed::~DaisySeed()
 .text._Z13AudioCallbackPKPKfPPfj
                0x0000000008000630       0x48 build/wavetableTest.o
                0x0000000008000630                AudioCallback(float const* const*, float**, unsigned int)
 .text.startup.main
                0x0000000008000678       0x54 build/wavetableTest.o
                0x0000000008000678                main
 .text.startup._GLOBAL__sub_I_hw
                0x00000000080006cc       0x48 build/wavetableTest.o
 .text._ZN5daisy9DaisySeed10StartAudioEPFvPKPKfPPfjE
                0x0000000008000714        0x8 ../../libDaisy//build/libdaisy.a(daisy_seed.o)
                0x0000000008000714                daisy::DaisySeed::StartAudio(void (*)(float const* const*, float**, unsigned int))
 .text._ZN5daisy9DaisySeed18SetAudioSampleRateENS_9SaiHandle6Config10SampleRateE
                0x000000000800071c       0x38 ../../libDaisy//build/libdaisy.a(daisy_seed.o)
                0x000000000800071c                daisy::DaisySeed::SetAudioSampleRate(daisy::SaiHandle::Config::SampleRate)
 .text._ZN5daisy9DaisySeed15AudioSampleRateEv
                0x0000000008000754        0x8 ../../libDaisy//build/libdaisy.a(daisy_seed.o)
                0x0000000008000754                daisy::DaisySeed::AudioSampleRate()
 .text._ZN5daisy9DaisySeed17SetAudioBlockSizeEj
                0x000000000800075c       0x38 ../../libDaisy//build/libdaisy.a(daisy_seed.o)
                0x000000000800075c                daisy::DaisySeed::SetAudioBlockSize(unsigned int)
 .text._ZN5daisy9DaisySeed14ConfigureAudioEv
                0x0000000008000794       0xd0 ../../libDaisy//build/libdaisy.a(daisy_seed.o)
                0x0000000008000794                daisy::DaisySeed::ConfigureAudio()
 .text._ZN5daisy9DaisySeed4InitEb
                0x0000000008000864       0xf0 ../../libDaisy//build/libdaisy.a(daisy_seed.o)
                0x0000000008000864                daisy::DaisySeed::Init(bool)
 .text._ZN5daisy6Ak45564InitE12dsy_gpio_pin
                0x0000000008000954       0x44 ../../libDaisy//build/libdaisy.a(codec_ak4556.o)
                0x0000000008000954                daisy::Ak4556::Init(dsy_gpio_pin)
 .text._ZN5daisy6Wm873120WriteControlRegisterEht
                0x0000000008000998       0x3c ../../libDaisy//build/libdaisy.a(codec_wm8731.o)
                0x0000000008000998                daisy::Wm8731::WriteControlRegister(unsigned char, unsigned short)
 .text._ZN5daisy6Wm87314InitERKNS0_6ConfigENS_9I2CHandleE
                0x00000000080009d4      0x1bc ../../libDaisy//build/libdaisy.a(codec_wm8731.o)
                0x00000000080009d4                daisy::Wm8731::Init(daisy::Wm8731::Config const&, daisy::I2CHandle)
 .text._ZN11SdramHandle10DeviceInitEv
                0x0000000008000b90       0x98 ../../libDaisy//build/libdaisy.a(sdram.o)
                0x0000000008000b90                SdramHandle::DeviceInit()
 .text._ZN11SdramHandle4InitEv
                0x0000000008000c28       0x7c ../../libDaisy//build/libdaisy.a(sdram.o)
                0x0000000008000c28                SdramHandle::Init()
 .text.HAL_SDRAM_MspInit
                0x0000000008000ca4      0x1a8 ../../libDaisy//build/libdaisy.a(sdram.o)
                0x0000000008000ca4                HAL_SDRAM_MspInit
 .text._ZN5daisy11AudioHandle4Impl16InternalCallbackEPlS2_j
                0x0000000008000e4c      0xbbc ../../libDaisy//build/libdaisy.a(audio.o)
                0x0000000008000e4c                daisy::AudioHandle::Impl::InternalCallback(long*, long*, unsigned int)
 .text._ZN5daisy11AudioHandle4InitERKNS0_6ConfigENS_9SaiHandleE
                0x0000000008001a08       0x70 ../../libDaisy//build/libdaisy.a(audio.o)
                0x0000000008001a08                daisy::AudioHandle::Init(daisy::AudioHandle::Config const&, daisy::SaiHandle)
 .text._ZNK5daisy11AudioHandle9GetConfigEv
                0x0000000008001a78        0x8 ../../libDaisy//build/libdaisy.a(audio.o)
                0x0000000008001a78                daisy::AudioHandle::GetConfig() const
 .text._ZN5daisy11AudioHandle12SetBlockSizeEj
                0x0000000008001a80       0x1c ../../libDaisy//build/libdaisy.a(audio.o)
                0x0000000008001a80                daisy::AudioHandle::SetBlockSize(unsigned int)
 .text._ZN5daisy11AudioHandle13GetSampleRateEv
                0x0000000008001a9c        0x8 ../../libDaisy//build/libdaisy.a(audio.o)
                0x0000000008001a9c                daisy::AudioHandle::GetSampleRate()
 .text._ZN5daisy11AudioHandle13SetSampleRateENS_9SaiHandle6Config10SampleRateE
                0x0000000008001aa4       0x88 ../../libDaisy//build/libdaisy.a(audio.o)
                0x0000000008001aa4                daisy::AudioHandle::SetSampleRate(daisy::SaiHandle::Config::SampleRate)
 .text._ZN5daisy11AudioHandle5StartEPFvPKPKfPPfjE
                0x0000000008001b2c       0x44 ../../libDaisy//build/libdaisy.a(audio.o)
                0x0000000008001b2c                daisy::AudioHandle::Start(void (*)(float const* const*, float**, unsigned int))
 .text.startup._GLOBAL__sub_I__ZN5daisy11AudioHandle4Impl4InitENS0_6ConfigENS_9SaiHandleE
                0x0000000008001b70       0x24 ../../libDaisy//build/libdaisy.a(audio.o)
 .text._ZN5daisy6Switch4InitE12dsy_gpio_pinf
                0x0000000008001b94       0x34 ../../libDaisy//build/libdaisy.a(switch.o)
                0x0000000008001b94                daisy::Switch::Init(dsy_gpio_pin, float)
 .text.dsy_gpio_init
                0x0000000008001bc8      0x1b8 ../../libDaisy//build/libdaisy.a(gpio.o)
                0x0000000008001bc8                dsy_gpio_init
 .text.dsy_gpio_read
                0x0000000008001d80       0x1c ../../libDaisy//build/libdaisy.a(gpio.o)
                0x0000000008001d80                dsy_gpio_read
 .text.dsy_gpio_write
                0x0000000008001d9c       0x24 ../../libDaisy//build/libdaisy.a(gpio.o)
                0x0000000008001d9c                dsy_gpio_write
 .text._ZN5daisy9I2CHandle4Impl8InitPinsEv
                0x0000000008001dc0       0x58 ../../libDaisy//build/libdaisy.a(i2c.o)
                0x0000000008001dc0                daisy::I2CHandle::Impl::InitPins()
 .text.HAL_I2C_MspInit
                0x0000000008001e18      0x1b4 ../../libDaisy//build/libdaisy.a(i2c.o)
                0x0000000008001e18                HAL_I2C_MspInit
 .text.dsy_i2c_global_init
                0x0000000008001fcc       0x78 ../../libDaisy//build/libdaisy.a(i2c.o)
                0x0000000008001fcc                dsy_i2c_global_init
 .text.DMA1_Stream6_IRQHandler
                0x0000000008002044       0x34 ../../libDaisy//build/libdaisy.a(i2c.o)
                0x0000000008002044                DMA1_Stream6_IRQHandler
 .text.I2C1_EV_IRQHandler
                0x0000000008002078        0xc ../../libDaisy//build/libdaisy.a(i2c.o)
                0x0000000008002078                I2C1_EV_IRQHandler
 .text.I2C2_EV_IRQHandler
                0x0000000008002084        0xc ../../libDaisy//build/libdaisy.a(i2c.o)
                0x0000000008002084                I2C2_EV_IRQHandler
 .text.I2C3_EV_IRQHandler
                0x0000000008002090        0xc ../../libDaisy//build/libdaisy.a(i2c.o)
                0x0000000008002090                I2C3_EV_IRQHandler
 .text._ZN5daisy9I2CHandle4InitERKNS0_6ConfigE
                0x000000000800209c      0x12c ../../libDaisy//build/libdaisy.a(i2c.o)
                0x000000000800209c                daisy::I2CHandle::Init(daisy::I2CHandle::Config const&)
 .text._ZN5daisy9I2CHandle16TransmitBlockingEtPhtm
                0x00000000080021c8       0x50 ../../libDaisy//build/libdaisy.a(i2c.o)
                0x00000000080021c8                daisy::I2CHandle::TransmitBlocking(unsigned short, unsigned char*, unsigned short, unsigned long)
 .text.startup._GLOBAL__sub_I__ZN5daisy9I2CHandle4Impl10GlobalInitEv
                0x0000000008002218       0x18 ../../libDaisy//build/libdaisy.a(i2c.o)
 .text._ZN5daisy10QSPIHandle4Impl11WriteEnableEv
                0x0000000008002230       0x8c ../../libDaisy//build/libdaisy.a(qspi.o)
                0x0000000008002230                daisy::QSPIHandle::Impl::WriteEnable()
 *fill*         0x00000000080022bc        0x4 
 .text._ZN5daisy10QSPIHandle4Impl17DummyCyclesConfigENS0_6Config6DeviceE
                0x00000000080022c0      0x118 ../../libDaisy//build/libdaisy.a(qspi.o)
                0x00000000080022c0                daisy::QSPIHandle::Impl::DummyCyclesConfig(daisy::QSPIHandle::Config::Device)
 .text._ZN5daisy10QSPIHandle4Impl10QuadEnableEv
                0x00000000080023d8      0x158 ../../libDaisy//build/libdaisy.a(qspi.o)
                0x00000000080023d8                daisy::QSPIHandle::Impl::QuadEnable()
 .text._ZN5daisy10QSPIHandle4InitERKNS0_6ConfigE
                0x0000000008002530      0x198 ../../libDaisy//build/libdaisy.a(qspi.o)
                0x0000000008002530                daisy::QSPIHandle::Init(daisy::QSPIHandle::Config const&)
 .text.HAL_QSPI_MspInit
                0x00000000080026c8      0x11c ../../libDaisy//build/libdaisy.a(qspi.o)
                0x00000000080026c8                HAL_QSPI_MspInit
 .text.HAL_QSPI_MspDeInit
                0x00000000080027e4       0x54 ../../libDaisy//build/libdaisy.a(qspi.o)
                0x00000000080027e4                HAL_QSPI_MspDeInit
 .text.QUADSPI_IRQHandler
                0x0000000008002838        0xc ../../libDaisy//build/libdaisy.a(qspi.o)
                0x0000000008002838                QUADSPI_IRQHandler
 .text.startup._GLOBAL__sub_I__ZN5daisy10QSPIHandle4Impl4InitERKNS0_6ConfigE
                0x0000000008002844       0x28 ../../libDaisy//build/libdaisy.a(qspi.o)
 .text._ZN5daisy9SaiHandle4Impl7InitDmaENS1_15PeripheralBlockE
                0x000000000800286c       0xa0 ../../libDaisy//build/libdaisy.a(sai.o)
                0x000000000800286c                daisy::SaiHandle::Impl::InitDma(daisy::SaiHandle::Impl::PeripheralBlock)
 .text._ZN5daisy9SaiHandle4Impl8InitPinsEv
                0x000000000800290c       0xa8 ../../libDaisy//build/libdaisy.a(sai.o)
                0x000000000800290c                daisy::SaiHandle::Impl::InitPins()
 .text.HAL_SAI_MspInit
                0x00000000080029b4      0x164 ../../libDaisy//build/libdaisy.a(sai.o)
                0x00000000080029b4                HAL_SAI_MspInit
 .text.DMA1_Stream0_IRQHandler
                0x0000000008002b18        0xc ../../libDaisy//build/libdaisy.a(sai.o)
                0x0000000008002b18                DMA1_Stream0_IRQHandler
 .text.DMA1_Stream1_IRQHandler
                0x0000000008002b24        0xc ../../libDaisy//build/libdaisy.a(sai.o)
                0x0000000008002b24                DMA1_Stream1_IRQHandler
 .text.DMA1_Stream3_IRQHandler
                0x0000000008002b30        0xc ../../libDaisy//build/libdaisy.a(sai.o)
                0x0000000008002b30                DMA1_Stream3_IRQHandler
 .text.DMA1_Stream4_IRQHandler
                0x0000000008002b3c        0xc ../../libDaisy//build/libdaisy.a(sai.o)
                0x0000000008002b3c                DMA1_Stream4_IRQHandler
 .text.HAL_SAI_RxHalfCpltCallback
                0x0000000008002b48       0x78 ../../libDaisy//build/libdaisy.a(sai.o)
                0x0000000008002b48                HAL_SAI_RxHalfCpltCallback
 .text.HAL_SAI_RxCpltCallback
                0x0000000008002bc0       0x70 ../../libDaisy//build/libdaisy.a(sai.o)
                0x0000000008002bc0                HAL_SAI_RxCpltCallback
 .text._ZN5daisy9SaiHandle4InitERKNS0_6ConfigE
                0x0000000008002c30      0x1f0 ../../libDaisy//build/libdaisy.a(sai.o)
                0x0000000008002c30                daisy::SaiHandle::Init(daisy::SaiHandle::Config const&)
 .text._ZNK5daisy9SaiHandle9GetConfigEv
                0x0000000008002e20        0x4 ../../libDaisy//build/libdaisy.a(sai.o)
                0x0000000008002e20                daisy::SaiHandle::GetConfig() const
 .text._ZN5daisy9SaiHandle8StartDmaEPlS1_jPFvS1_S1_jE
                0x0000000008002e24       0xbc ../../libDaisy//build/libdaisy.a(sai.o)
                0x0000000008002e24                daisy::SaiHandle::StartDma(long*, long*, unsigned int, void (*)(long*, long*, unsigned int))
 .text._ZN5daisy9SaiHandle13GetSampleRateEv
                0x0000000008002ee0       0x24 ../../libDaisy//build/libdaisy.a(sai.o)
                0x0000000008002ee0                daisy::SaiHandle::GetSampleRate()
 .text._ZNK5daisy9SaiHandle9GetOffsetEv
                0x0000000008002f04        0x8 ../../libDaisy//build/libdaisy.a(sai.o)
                0x0000000008002f04                daisy::SaiHandle::GetOffset() const
 .text._ZN5daisy11TimerHandleD2Ev
                0x0000000008002f0c        0x4 ../../libDaisy//build/libdaisy.a(system.o)
                0x0000000008002f0c                daisy::TimerHandle::~TimerHandle()
                0x0000000008002f0c                daisy::TimerHandle::~TimerHandle()
 .text.SysTick_Handler
                0x0000000008002f10       0x10 ../../libDaisy//build/libdaisy.a(system.o)
                0x0000000008002f10                SysTick_Handler
 .text.OTG_HS_EP1_OUT_IRQHandler
                0x0000000008002f20       0x24 ../../libDaisy//build/libdaisy.a(system.o)
                0x0000000008002f20                OTG_HS_EP1_OUT_IRQHandler
 .text.OTG_HS_EP1_IN_IRQHandler
                0x0000000008002f44       0x24 ../../libDaisy//build/libdaisy.a(system.o)
                0x0000000008002f44                OTG_HS_EP1_IN_IRQHandler
 .text.OTG_HS_IRQHandler
                0x0000000008002f68       0x24 ../../libDaisy//build/libdaisy.a(system.o)
                0x0000000008002f68                OTG_HS_IRQHandler
 .text.HardFault_Handler
                0x0000000008002f8c       0xe0 ../../libDaisy//build/libdaisy.a(system.o)
                0x0000000008002f8c                HardFault_Handler
 .text._ZN5daisy6System6GetNowEv
                0x000000000800306c        0x4 ../../libDaisy//build/libdaisy.a(system.o)
                0x000000000800306c                daisy::System::GetNow()
 .text._ZN5daisy6System5DelayEm
                0x0000000008003070        0x4 ../../libDaisy//build/libdaisy.a(system.o)
                0x0000000008003070                daisy::System::Delay(unsigned long)
 .text._ZN5daisy6System15ConfigureClocksEv
                0x0000000008003074      0x194 ../../libDaisy//build/libdaisy.a(system.o)
                0x0000000008003074                daisy::System::ConfigureClocks()
 .text._ZN5daisy6System4InitERKNS0_6ConfigE
                0x0000000008003208      0x140 ../../libDaisy//build/libdaisy.a(system.o)
                0x0000000008003208                daisy::System::Init(daisy::System::Config const&)
 .text._ZN5daisy6System12GetPClk1FreqEv
                0x0000000008003348        0x4 ../../libDaisy//build/libdaisy.a(system.o)
                0x0000000008003348                daisy::System::GetPClk1Freq()
 .text._ZN5daisy6System22GetProgramMemoryRegionEv
                0x000000000800334c       0x78 ../../libDaisy//build/libdaisy.a(system.o)
                0x000000000800334c                daisy::System::GetProgramMemoryRegion()
 .text.startup._GLOBAL__sub_I_SysTick_Handler
                0x00000000080033c4       0x1c ../../libDaisy//build/libdaisy.a(system.o)
 .text.SystemInit
                0x00000000080033e0       0x9c ../../libDaisy//build/libdaisy.a(system_stm32h7xx.o)
                0x00000000080033e0                SystemInit
 .text.HAL_PCD_SetupStageCallback
                0x000000000800347c        0xc ../../libDaisy//build/libdaisy.a(usbd_conf.o)
                0x000000000800347c                HAL_PCD_SetupStageCallback
 .text.HAL_PCD_DataOutStageCallback
                0x0000000008003488       0x14 ../../libDaisy//build/libdaisy.a(usbd_conf.o)
                0x0000000008003488                HAL_PCD_DataOutStageCallback
 .text.HAL_PCD_DataInStageCallback
                0x000000000800349c       0x14 ../../libDaisy//build/libdaisy.a(usbd_conf.o)
                0x000000000800349c                HAL_PCD_DataInStageCallback
 .text.HAL_PCD_SOFCallback
                0x00000000080034b0        0x8 ../../libDaisy//build/libdaisy.a(usbd_conf.o)
                0x00000000080034b0                HAL_PCD_SOFCallback
 .text.HAL_PCD_ResetCallback
                0x00000000080034b8       0x24 ../../libDaisy//build/libdaisy.a(usbd_conf.o)
                0x00000000080034b8                HAL_PCD_ResetCallback
 .text.HAL_PCD_SuspendCallback
                0x00000000080034dc       0x30 ../../libDaisy//build/libdaisy.a(usbd_conf.o)
                0x00000000080034dc                HAL_PCD_SuspendCallback
 .text.HAL_PCD_ResumeCallback
                0x000000000800350c        0x8 ../../libDaisy//build/libdaisy.a(usbd_conf.o)
                0x000000000800350c                HAL_PCD_ResumeCallback
 .text.HAL_PCD_ISOOUTIncompleteCallback
                0x0000000008003514        0x8 ../../libDaisy//build/libdaisy.a(usbd_conf.o)
                0x0000000008003514                HAL_PCD_ISOOUTIncompleteCallback
 .text.HAL_PCD_ISOINIncompleteCallback
                0x000000000800351c        0x8 ../../libDaisy//build/libdaisy.a(usbd_conf.o)
                0x000000000800351c                HAL_PCD_ISOINIncompleteCallback
 .text.HAL_PCD_ConnectCallback
                0x0000000008003524        0x8 ../../libDaisy//build/libdaisy.a(usbd_conf.o)
                0x0000000008003524                HAL_PCD_ConnectCallback
 .text.HAL_PCD_DisconnectCallback
                0x000000000800352c        0x8 ../../libDaisy//build/libdaisy.a(usbd_conf.o)
                0x000000000800352c                HAL_PCD_DisconnectCallback
 .text.USBD_LL_OpenEP
                0x0000000008003534       0x24 ../../libDaisy//build/libdaisy.a(usbd_conf.o)
                0x0000000008003534                USBD_LL_OpenEP
 .text.USBD_LL_StallEP
                0x0000000008003558       0x1c ../../libDaisy//build/libdaisy.a(usbd_conf.o)
                0x0000000008003558                USBD_LL_StallEP
 .text.USBD_LL_ClearStallEP
                0x0000000008003574       0x1c ../../libDaisy//build/libdaisy.a(usbd_conf.o)
                0x0000000008003574                USBD_LL_ClearStallEP
 .text.USBD_LL_IsStallEP
                0x0000000008003590       0x28 ../../libDaisy//build/libdaisy.a(usbd_conf.o)
                0x0000000008003590                USBD_LL_IsStallEP
 .text.USBD_LL_SetUSBAddress
                0x00000000080035b8       0x1c ../../libDaisy//build/libdaisy.a(usbd_conf.o)
                0x00000000080035b8                USBD_LL_SetUSBAddress
 .text.USBD_LL_Transmit
                0x00000000080035d4       0x1c ../../libDaisy//build/libdaisy.a(usbd_conf.o)
                0x00000000080035d4                USBD_LL_Transmit
 .text.USBD_LL_PrepareReceive
                0x00000000080035f0       0x1c ../../libDaisy//build/libdaisy.a(usbd_conf.o)
                0x00000000080035f0                USBD_LL_PrepareReceive
 .text.HAL_HCD_SOF_Callback
                0x000000000800360c        0x8 ../../libDaisy//build/libdaisy.a(usbh_conf.o)
                0x000000000800360c                HAL_HCD_SOF_Callback
 .text.HAL_HCD_Connect_Callback
                0x0000000008003614        0x8 ../../libDaisy//build/libdaisy.a(usbh_conf.o)
                0x0000000008003614                HAL_HCD_Connect_Callback
 .text.HAL_HCD_Disconnect_Callback
                0x000000000800361c        0x8 ../../libDaisy//build/libdaisy.a(usbh_conf.o)
                0x000000000800361c                HAL_HCD_Disconnect_Callback
 .text.HAL_HCD_HC_NotifyURBChange_Callback
                0x0000000008003624        0x4 ../../libDaisy//build/libdaisy.a(usbh_conf.o)
                0x0000000008003624                HAL_HCD_HC_NotifyURBChange_Callback
 .text.HAL_HCD_PortEnabled_Callback
                0x0000000008003628        0x8 ../../libDaisy//build/libdaisy.a(usbh_conf.o)
                0x0000000008003628                HAL_HCD_PortEnabled_Callback
 .text.HAL_HCD_PortDisabled_Callback
                0x0000000008003630        0x8 ../../libDaisy//build/libdaisy.a(usbh_conf.o)
                0x0000000008003630                HAL_HCD_PortDisabled_Callback
 .text.USBH_LL_Stop
                0x0000000008003638       0x1c ../../libDaisy//build/libdaisy.a(usbh_conf.o)
                0x0000000008003638                USBH_LL_Stop
 .text.dsy_hal_map_get_port
                0x0000000008003654       0x10 ../../libDaisy//build/libdaisy.a(hal_map.o)
                0x0000000008003654                dsy_hal_map_get_port
 .text.dsy_hal_map_get_pin
                0x0000000008003664       0x10 ../../libDaisy//build/libdaisy.a(hal_map.o)
                0x0000000008003664                dsy_hal_map_get_pin
 .text.dsy_hal_map_gpio_clk_enable
                0x0000000008003674      0x150 ../../libDaisy//build/libdaisy.a(hal_map.o)
                0x0000000008003674                dsy_hal_map_gpio_clk_enable
 .text.HAL_MspInit
                0x00000000080037c4        0x4 ../../libDaisy//build/libdaisy.a(stm32h7xx_hal.o)
                0x00000000080037c4                HAL_MspInit
 .text.HAL_InitTick
                0x00000000080037c8       0x4c ../../libDaisy//build/libdaisy.a(stm32h7xx_hal.o)
                0x00000000080037c8                HAL_InitTick
 .text.HAL_Init
                0x0000000008003814       0x60 ../../libDaisy//build/libdaisy.a(stm32h7xx_hal.o)
                0x0000000008003814                HAL_Init
 .text.HAL_IncTick
                0x0000000008003874       0x18 ../../libDaisy//build/libdaisy.a(stm32h7xx_hal.o)
                0x0000000008003874                HAL_IncTick
 .text.HAL_GetTick
                0x000000000800388c        0xc ../../libDaisy//build/libdaisy.a(stm32h7xx_hal.o)
                0x000000000800388c                HAL_GetTick
 .text.HAL_Delay
                0x0000000008003898       0x24 ../../libDaisy//build/libdaisy.a(stm32h7xx_hal.o)
                0x0000000008003898                HAL_Delay
 .text.HAL_GetREVID
                0x00000000080038bc        0xc ../../libDaisy//build/libdaisy.a(stm32h7xx_hal.o)
                0x00000000080038bc                HAL_GetREVID
 .text.HAL_NVIC_SetPriorityGrouping
                0x00000000080038c8       0x24 ../../libDaisy//build/libdaisy.a(stm32h7xx_hal_cortex.o)
                0x00000000080038c8                HAL_NVIC_SetPriorityGrouping
 .text.HAL_NVIC_SetPriority
                0x00000000080038ec       0x7c ../../libDaisy//build/libdaisy.a(stm32h7xx_hal_cortex.o)
                0x00000000080038ec                HAL_NVIC_SetPriority
 .text.HAL_NVIC_EnableIRQ
                0x0000000008003968       0x1c ../../libDaisy//build/libdaisy.a(stm32h7xx_hal_cortex.o)
                0x0000000008003968                HAL_NVIC_EnableIRQ
 .text.HAL_NVIC_DisableIRQ
                0x0000000008003984       0x28 ../../libDaisy//build/libdaisy.a(stm32h7xx_hal_cortex.o)
                0x0000000008003984                HAL_NVIC_DisableIRQ
 .text.HAL_SYSTICK_Config
                0x00000000080039ac       0x2c ../../libDaisy//build/libdaisy.a(stm32h7xx_hal_cortex.o)
                0x00000000080039ac                HAL_SYSTICK_Config
 .text.HAL_MPU_Disable
                0x00000000080039d8       0x1c ../../libDaisy//build/libdaisy.a(stm32h7xx_hal_cortex.o)
                0x00000000080039d8                HAL_MPU_Disable
 .text.HAL_MPU_Enable
                0x00000000080039f4       0x20 ../../libDaisy//build/libdaisy.a(stm32h7xx_hal_cortex.o)
                0x00000000080039f4                HAL_MPU_Enable
 .text.HAL_MPU_ConfigRegion
                0x0000000008003a14       0x64 ../../libDaisy//build/libdaisy.a(stm32h7xx_hal_cortex.o)
                0x0000000008003a14                HAL_MPU_ConfigRegion
 .text.HAL_SYSTICK_Callback
                0x0000000008003a78        0x4 ../../libDaisy//build/libdaisy.a(stm32h7xx_hal_cortex.o)
                0x0000000008003a78                HAL_SYSTICK_Callback
 .text.HAL_SYSTICK_IRQHandler
                0x0000000008003a7c        0x8 ../../libDaisy//build/libdaisy.a(stm32h7xx_hal_cortex.o)
                0x0000000008003a7c                HAL_SYSTICK_IRQHandler
 .text.DMA_CalcBaseAndBitshift
                0x0000000008003a84       0xf4 ../../libDaisy//build/libdaisy.a(stm32h7xx_hal_dma.o)
 .text.DMA_CalcDMAMUXChannelBaseAndMask
                0x0000000008003b78       0xd8 ../../libDaisy//build/libdaisy.a(stm32h7xx_hal_dma.o)
 .text.HAL_DMA_Init
                0x0000000008003c50      0x37c ../../libDaisy//build/libdaisy.a(stm32h7xx_hal_dma.o)
                0x0000000008003c50                HAL_DMA_Init
 .text.HAL_DMA_Start_IT
                0x0000000008003fcc      0x240 ../../libDaisy//build/libdaisy.a(stm32h7xx_hal_dma.o)
                0x0000000008003fcc                HAL_DMA_Start_IT
 .text.HAL_DMA_Abort_IT
                0x000000000800420c      0x134 ../../libDaisy//build/libdaisy.a(stm32h7xx_hal_dma.o)
                0x000000000800420c                HAL_DMA_Abort_IT
 .text.HAL_DMA_IRQHandler
                0x0000000008004340      0x6a0 ../../libDaisy//build/libdaisy.a(stm32h7xx_hal_dma.o)
                0x0000000008004340                HAL_DMA_IRQHandler
 .text.HAL_DMA_GetError
                0x00000000080049e0        0x4 ../../libDaisy//build/libdaisy.a(stm32h7xx_hal_dma.o)
                0x00000000080049e0                HAL_DMA_GetError
 .text.HAL_GPIO_Init
                0x00000000080049e4      0x280 ../../libDaisy//build/libdaisy.a(stm32h7xx_hal_gpio.o)
                0x00000000080049e4                HAL_GPIO_Init
 .text.HAL_GPIO_DeInit
                0x0000000008004c64      0x190 ../../libDaisy//build/libdaisy.a(stm32h7xx_hal_gpio.o)
                0x0000000008004c64                HAL_GPIO_DeInit
 .text.HAL_GPIO_ReadPin
                0x0000000008004df4        0xc ../../libDaisy//build/libdaisy.a(stm32h7xx_hal_gpio.o)
                0x0000000008004df4                HAL_GPIO_ReadPin
 .text.HAL_GPIO_WritePin
                0x0000000008004e00        0x8 ../../libDaisy//build/libdaisy.a(stm32h7xx_hal_gpio.o)
                0x0000000008004e00                HAL_GPIO_WritePin
 .text.HAL_HCD_IRQHandler
                0x0000000008004e08      0x780 ../../libDaisy//build/libdaisy.a(stm32h7xx_hal_hcd.o)
                0x0000000008004e08                HAL_HCD_IRQHandler
 .text.HAL_HCD_Stop
                0x0000000008005588       0x28 ../../libDaisy//build/libdaisy.a(stm32h7xx_hal_hcd.o)
                0x0000000008005588                HAL_HCD_Stop
 .text.I2C_WaitOnTXISFlagUntilTimeout
                0x00000000080055b0       0xb8 ../../libDaisy//build/libdaisy.a(stm32h7xx_hal_i2c.o)
 .text.I2C_WaitOnSTOPFlagUntilTimeout
                0x0000000008005668       0xac ../../libDaisy//build/libdaisy.a(stm32h7xx_hal_i2c.o)
 .text.HAL_I2C_Init
                0x0000000008005714       0xac ../../libDaisy//build/libdaisy.a(stm32h7xx_hal_i2c.o)
                0x0000000008005714                HAL_I2C_Init
 .text.HAL_I2C_Master_Transmit
                0x00000000080057c0      0x1a8 ../../libDaisy//build/libdaisy.a(stm32h7xx_hal_i2c.o)
                0x00000000080057c0                HAL_I2C_Master_Transmit
 .text.HAL_I2C_Slave_Transmit
                0x0000000008005968      0x1c8 ../../libDaisy//build/libdaisy.a(stm32h7xx_hal_i2c.o)
                0x0000000008005968                HAL_I2C_Slave_Transmit
 .text.HAL_I2C_EV_IRQHandler
                0x0000000008005b30       0x10 ../../libDaisy//build/libdaisy.a(stm32h7xx_hal_i2c.o)
                0x0000000008005b30                HAL_I2C_EV_IRQHandler
 .text.HAL_I2C_GetState
                0x0000000008005b40        0x8 ../../libDaisy//build/libdaisy.a(stm32h7xx_hal_i2c.o)
                0x0000000008005b40                HAL_I2C_GetState
 .text.HAL_I2CEx_ConfigAnalogFilter
                0x0000000008005b48       0x54 ../../libDaisy//build/libdaisy.a(stm32h7xx_hal_i2c_ex.o)
                0x0000000008005b48                HAL_I2CEx_ConfigAnalogFilter
 .text.HAL_I2CEx_ConfigDigitalFilter
                0x0000000008005b9c       0x58 ../../libDaisy//build/libdaisy.a(stm32h7xx_hal_i2c_ex.o)
                0x0000000008005b9c                HAL_I2CEx_ConfigDigitalFilter
 .text.HAL_PCD_IRQHandler
                0x0000000008005bf4      0x69c ../../libDaisy//build/libdaisy.a(stm32h7xx_hal_pcd.o)
                0x0000000008005bf4                HAL_PCD_IRQHandler
 .text.HAL_PCD_SetAddress
                0x0000000008006290       0x2c ../../libDaisy//build/libdaisy.a(stm32h7xx_hal_pcd.o)
                0x0000000008006290                HAL_PCD_SetAddress
 .text.HAL_PCD_EP_Open
                0x00000000080062bc       0x7c ../../libDaisy//build/libdaisy.a(stm32h7xx_hal_pcd.o)
                0x00000000080062bc                HAL_PCD_EP_Open
 .text.HAL_PCD_EP_Receive
                0x0000000008006338       0x50 ../../libDaisy//build/libdaisy.a(stm32h7xx_hal_pcd.o)
                0x0000000008006338                HAL_PCD_EP_Receive
 .text.HAL_PCD_EP_Transmit
                0x0000000008006388       0x50 ../../libDaisy//build/libdaisy.a(stm32h7xx_hal_pcd.o)
                0x0000000008006388                HAL_PCD_EP_Transmit
 .text.HAL_PCD_EP_SetStall
                0x00000000080063d8       0x88 ../../libDaisy//build/libdaisy.a(stm32h7xx_hal_pcd.o)
                0x00000000080063d8                HAL_PCD_EP_SetStall
 .text.HAL_PCD_EP_ClrStall
                0x0000000008006460       0x78 ../../libDaisy//build/libdaisy.a(stm32h7xx_hal_pcd.o)
                0x0000000008006460                HAL_PCD_EP_ClrStall
 .text.HAL_PCDEx_LPM_Callback
                0x00000000080064d8        0x4 ../../libDaisy//build/libdaisy.a(stm32h7xx_hal_pcd_ex.o)
                0x00000000080064d8                HAL_PCDEx_LPM_Callback
 .text.HAL_PWREx_ConfigSupply
                0x00000000080064dc       0x4c ../../libDaisy//build/libdaisy.a(stm32h7xx_hal_pwr_ex.o)
                0x00000000080064dc                HAL_PWREx_ConfigSupply
 .text.HAL_PWREx_EnableUSBVoltageDetector
                0x0000000008006528       0x10 ../../libDaisy//build/libdaisy.a(stm32h7xx_hal_pwr_ex.o)
                0x0000000008006528                HAL_PWREx_EnableUSBVoltageDetector
 .text.QSPI_Config
                0x0000000008006538      0x174 ../../libDaisy//build/libdaisy.a(stm32h7xx_hal_qspi.o)
 .text.HAL_QSPI_Init
                0x00000000080066ac       0xd8 ../../libDaisy//build/libdaisy.a(stm32h7xx_hal_qspi.o)
                0x00000000080066ac                HAL_QSPI_Init
 .text.HAL_QSPI_DeInit
                0x0000000008006784       0x3c ../../libDaisy//build/libdaisy.a(stm32h7xx_hal_qspi.o)
                0x0000000008006784                HAL_QSPI_DeInit
 .text.HAL_QSPI_Command
                0x00000000080067c0       0xd4 ../../libDaisy//build/libdaisy.a(stm32h7xx_hal_qspi.o)
                0x00000000080067c0                HAL_QSPI_Command
 .text.HAL_QSPI_Transmit
                0x0000000008006894       0xfc ../../libDaisy//build/libdaisy.a(stm32h7xx_hal_qspi.o)
                0x0000000008006894                HAL_QSPI_Transmit
 .text.HAL_QSPI_Receive
                0x0000000008006990      0x108 ../../libDaisy//build/libdaisy.a(stm32h7xx_hal_qspi.o)
                0x0000000008006990                HAL_QSPI_Receive
 .text.HAL_QSPI_AutoPolling
                0x0000000008006a98       0xf0 ../../libDaisy//build/libdaisy.a(stm32h7xx_hal_qspi.o)
                0x0000000008006a98                HAL_QSPI_AutoPolling
 .text.HAL_QSPI_MemoryMapped
                0x0000000008006b88       0xc0 ../../libDaisy//build/libdaisy.a(stm32h7xx_hal_qspi.o)
                0x0000000008006b88                HAL_QSPI_MemoryMapped
 .text.HAL_QSPI_ErrorCallback
                0x0000000008006c48        0x4 ../../libDaisy//build/libdaisy.a(stm32h7xx_hal_qspi.o)
                0x0000000008006c48                HAL_QSPI_ErrorCallback
 .text.QSPI_DMAAbortCplt
                0x0000000008006c4c       0x38 ../../libDaisy//build/libdaisy.a(stm32h7xx_hal_qspi.o)
 .text.HAL_QSPI_AbortCpltCallback
                0x0000000008006c84        0x4 ../../libDaisy//build/libdaisy.a(stm32h7xx_hal_qspi.o)
                0x0000000008006c84                HAL_QSPI_AbortCpltCallback
 .text.HAL_QSPI_CmdCpltCallback
                0x0000000008006c88        0x4 ../../libDaisy//build/libdaisy.a(stm32h7xx_hal_qspi.o)
                0x0000000008006c88                HAL_QSPI_CmdCpltCallback
 .text.HAL_QSPI_RxCpltCallback
                0x0000000008006c8c        0x4 ../../libDaisy//build/libdaisy.a(stm32h7xx_hal_qspi.o)
                0x0000000008006c8c                HAL_QSPI_RxCpltCallback
 .text.HAL_QSPI_TxCpltCallback
                0x0000000008006c90        0x4 ../../libDaisy//build/libdaisy.a(stm32h7xx_hal_qspi.o)
                0x0000000008006c90                HAL_QSPI_TxCpltCallback
 .text.HAL_QSPI_FifoThresholdCallback
                0x0000000008006c94        0x4 ../../libDaisy//build/libdaisy.a(stm32h7xx_hal_qspi.o)
                0x0000000008006c94                HAL_QSPI_FifoThresholdCallback
 .text.HAL_QSPI_StatusMatchCallback
                0x0000000008006c98        0x4 ../../libDaisy//build/libdaisy.a(stm32h7xx_hal_qspi.o)
                0x0000000008006c98                HAL_QSPI_StatusMatchCallback
 .text.HAL_QSPI_TimeOutCallback
                0x0000000008006c9c        0x4 ../../libDaisy//build/libdaisy.a(stm32h7xx_hal_qspi.o)
                0x0000000008006c9c                HAL_QSPI_TimeOutCallback
 .text.HAL_QSPI_IRQHandler
                0x0000000008006ca0      0x210 ../../libDaisy//build/libdaisy.a(stm32h7xx_hal_qspi.o)
                0x0000000008006ca0                HAL_QSPI_IRQHandler
 .text.HAL_RCC_OscConfig
                0x0000000008006eb0      0x51c ../../libDaisy//build/libdaisy.a(stm32h7xx_hal_rcc.o)
                0x0000000008006eb0                HAL_RCC_OscConfig
 .text.HAL_RCC_GetSysClockFreq
                0x00000000080073cc      0x140 ../../libDaisy//build/libdaisy.a(stm32h7xx_hal_rcc.o)
                0x00000000080073cc                HAL_RCC_GetSysClockFreq
 .text.HAL_RCC_ClockConfig
                0x000000000800750c      0x234 ../../libDaisy//build/libdaisy.a(stm32h7xx_hal_rcc.o)
                0x000000000800750c                HAL_RCC_ClockConfig
 .text.HAL_RCC_GetHCLKFreq
                0x0000000008007740       0x2c ../../libDaisy//build/libdaisy.a(stm32h7xx_hal_rcc.o)
                0x0000000008007740                HAL_RCC_GetHCLKFreq
 .text.HAL_RCC_GetPCLK1Freq
                0x000000000800776c       0x38 ../../libDaisy//build/libdaisy.a(stm32h7xx_hal_rcc.o)
                0x000000000800776c                HAL_RCC_GetPCLK1Freq
 .text.HAL_RCC_GetPCLK2Freq
                0x00000000080077a4       0x38 ../../libDaisy//build/libdaisy.a(stm32h7xx_hal_rcc.o)
                0x00000000080077a4                HAL_RCC_GetPCLK2Freq
 .text.RCCEx_PLL2_Config
                0x00000000080077dc       0xf4 ../../libDaisy//build/libdaisy.a(stm32h7xx_hal_rcc_ex.o)
 .text.RCCEx_PLL3_Config
                0x00000000080078d0       0xf4 ../../libDaisy//build/libdaisy.a(stm32h7xx_hal_rcc_ex.o)
 .text.HAL_RCCEx_PeriphCLKConfig
                0x00000000080079c4      0xa7c ../../libDaisy//build/libdaisy.a(stm32h7xx_hal_rcc_ex.o)
                0x00000000080079c4                HAL_RCCEx_PeriphCLKConfig
 .text.HAL_RCCEx_GetD3PCLK1Freq
                0x0000000008008440       0x24 ../../libDaisy//build/libdaisy.a(stm32h7xx_hal_rcc_ex.o)
                0x0000000008008440                HAL_RCCEx_GetD3PCLK1Freq
 .text.HAL_RCCEx_GetPLL2ClockFreq
                0x0000000008008464      0x17c ../../libDaisy//build/libdaisy.a(stm32h7xx_hal_rcc_ex.o)
                0x0000000008008464                HAL_RCCEx_GetPLL2ClockFreq
 .text.HAL_RCCEx_GetPLL3ClockFreq
                0x00000000080085e0      0x17c ../../libDaisy//build/libdaisy.a(stm32h7xx_hal_rcc_ex.o)
                0x00000000080085e0                HAL_RCCEx_GetPLL3ClockFreq
 .text.HAL_RCCEx_GetPLL1ClockFreq
                0x000000000800875c      0x17c ../../libDaisy//build/libdaisy.a(stm32h7xx_hal_rcc_ex.o)
                0x000000000800875c                HAL_RCCEx_GetPLL1ClockFreq
 .text.HAL_RCCEx_GetPeriphCLKFreq
                0x00000000080088d8      0x198 ../../libDaisy//build/libdaisy.a(stm32h7xx_hal_rcc_ex.o)
                0x00000000080088d8                HAL_RCCEx_GetPeriphCLKFreq
 .text.HAL_RCCEx_GetD1SysClockFreq
                0x0000000008008a70       0x2c ../../libDaisy//build/libdaisy.a(stm32h7xx_hal_rcc_ex.o)
                0x0000000008008a70                HAL_RCCEx_GetD1SysClockFreq
 .text.HAL_SAI_Init.part.0
                0x0000000008008a9c      0x348 ../../libDaisy//build/libdaisy.a(stm32h7xx_hal_sai.o)
 .text.HAL_SAI_InitProtocol
                0x0000000008008de4      0x178 ../../libDaisy//build/libdaisy.a(stm32h7xx_hal_sai.o)
                0x0000000008008de4                HAL_SAI_InitProtocol
 .text.HAL_SAI_Transmit_DMA
                0x0000000008008f5c      0x124 ../../libDaisy//build/libdaisy.a(stm32h7xx_hal_sai.o)
                0x0000000008008f5c                HAL_SAI_Transmit_DMA
 .text.HAL_SAI_Receive_DMA
                0x0000000008009080       0xd0 ../../libDaisy//build/libdaisy.a(stm32h7xx_hal_sai.o)
                0x0000000008009080                HAL_SAI_Receive_DMA
 .text.HAL_SAI_TxCpltCallback
                0x0000000008009150        0x4 ../../libDaisy//build/libdaisy.a(stm32h7xx_hal_sai.o)
                0x0000000008009150                HAL_SAI_TxCpltCallback
 .text.SAI_DMATxCplt
                0x0000000008009154       0x64 ../../libDaisy//build/libdaisy.a(stm32h7xx_hal_sai.o)
 .text.HAL_SAI_TxHalfCpltCallback
                0x00000000080091b8        0x4 ../../libDaisy//build/libdaisy.a(stm32h7xx_hal_sai.o)
                0x00000000080091b8                HAL_SAI_TxHalfCpltCallback
 .text.SAI_DMATxHalfCplt
                0x00000000080091bc        0xc ../../libDaisy//build/libdaisy.a(stm32h7xx_hal_sai.o)
 .text.SAI_DMARxCplt
                0x00000000080091c8       0x64 ../../libDaisy//build/libdaisy.a(stm32h7xx_hal_sai.o)
 .text.SAI_DMARxHalfCplt
                0x000000000800922c        0xc ../../libDaisy//build/libdaisy.a(stm32h7xx_hal_sai.o)
 .text.HAL_SAI_ErrorCallback
                0x0000000008009238        0x4 ../../libDaisy//build/libdaisy.a(stm32h7xx_hal_sai.o)
                0x0000000008009238                HAL_SAI_ErrorCallback
 .text.SAI_DMAError
                0x000000000800923c       0x6c ../../libDaisy//build/libdaisy.a(stm32h7xx_hal_sai.o)
 .text.HAL_SDRAM_Init
                0x00000000080092a8       0x54 ../../libDaisy//build/libdaisy.a(stm32h7xx_hal_sdram.o)
                0x00000000080092a8                HAL_SDRAM_Init
 .text.HAL_SDRAM_SendCommand
                0x00000000080092fc       0x40 ../../libDaisy//build/libdaisy.a(stm32h7xx_hal_sdram.o)
                0x00000000080092fc                HAL_SDRAM_SendCommand
 .text.HAL_SDRAM_ProgramRefreshRate
                0x000000000800933c       0x30 ../../libDaisy//build/libdaisy.a(stm32h7xx_hal_sdram.o)
                0x000000000800933c                HAL_SDRAM_ProgramRefreshRate
 .text.FMC_SDRAM_Init
                0x000000000800936c       0x7c ../../libDaisy//build/libdaisy.a(stm32h7xx_ll_fmc.o)
                0x000000000800936c                FMC_SDRAM_Init
 .text.FMC_SDRAM_Timing_Init
                0x00000000080093e8       0x98 ../../libDaisy//build/libdaisy.a(stm32h7xx_ll_fmc.o)
                0x00000000080093e8                FMC_SDRAM_Timing_Init
 .text.FMC_SDRAM_SendCommand
                0x0000000008009480       0x28 ../../libDaisy//build/libdaisy.a(stm32h7xx_ll_fmc.o)
                0x0000000008009480                FMC_SDRAM_SendCommand
 .text.FMC_SDRAM_ProgramRefreshRate
                0x00000000080094a8       0x1c ../../libDaisy//build/libdaisy.a(stm32h7xx_ll_fmc.o)
                0x00000000080094a8                FMC_SDRAM_ProgramRefreshRate
 .text.USB_SetTurnaroundTime
                0x00000000080094c4      0x104 ../../libDaisy//build/libdaisy.a(stm32h7xx_ll_usb.o)
                0x00000000080094c4                USB_SetTurnaroundTime
 .text.USB_FlushTxFifo
                0x00000000080095c8       0x34 ../../libDaisy//build/libdaisy.a(stm32h7xx_ll_usb.o)
                0x00000000080095c8                USB_FlushTxFifo
 .text.USB_GetDevSpeed
                0x00000000080095fc       0x24 ../../libDaisy//build/libdaisy.a(stm32h7xx_ll_usb.o)
                0x00000000080095fc                USB_GetDevSpeed
 .text.USB_ActivateEndpoint
                0x0000000008009620       0x90 ../../libDaisy//build/libdaisy.a(stm32h7xx_ll_usb.o)
                0x0000000008009620                USB_ActivateEndpoint
 .text.USB_EPStartXfer
                0x00000000080096b0      0x230 ../../libDaisy//build/libdaisy.a(stm32h7xx_ll_usb.o)
                0x00000000080096b0                USB_EPStartXfer
 .text.USB_EP0StartXfer
                0x00000000080098e0      0x174 ../../libDaisy//build/libdaisy.a(stm32h7xx_ll_usb.o)
                0x00000000080098e0                USB_EP0StartXfer
 .text.USB_WritePacket
                0x0000000008009a54       0x2c ../../libDaisy//build/libdaisy.a(stm32h7xx_ll_usb.o)
                0x0000000008009a54                USB_WritePacket
 .text.USB_ReadPacket
                0x0000000008009a80       0x20 ../../libDaisy//build/libdaisy.a(stm32h7xx_ll_usb.o)
                0x0000000008009a80                USB_ReadPacket
 .text.USB_EPSetStall
                0x0000000008009aa0       0x68 ../../libDaisy//build/libdaisy.a(stm32h7xx_ll_usb.o)
                0x0000000008009aa0                USB_EPSetStall
 .text.USB_EPClearStall
                0x0000000008009b08       0x58 ../../libDaisy//build/libdaisy.a(stm32h7xx_ll_usb.o)
                0x0000000008009b08                USB_EPClearStall
 .text.USB_SetDevAddress
                0x0000000008009b60       0x24 ../../libDaisy//build/libdaisy.a(stm32h7xx_ll_usb.o)
                0x0000000008009b60                USB_SetDevAddress
 .text.USB_ReadInterrupts
                0x0000000008009b84       0x14 ../../libDaisy//build/libdaisy.a(stm32h7xx_ll_usb.o)
                0x0000000008009b84                USB_ReadInterrupts
 .text.USB_ReadDevAllOutEpInterrupt
                0x0000000008009b98       0x1c ../../libDaisy//build/libdaisy.a(stm32h7xx_ll_usb.o)
                0x0000000008009b98                USB_ReadDevAllOutEpInterrupt
 .text.USB_ReadDevAllInEpInterrupt
                0x0000000008009bb4       0x1c ../../libDaisy//build/libdaisy.a(stm32h7xx_ll_usb.o)
                0x0000000008009bb4                USB_ReadDevAllInEpInterrupt
 .text.USB_ReadDevOutEPInterrupt
                0x0000000008009bd0       0x1c ../../libDaisy//build/libdaisy.a(stm32h7xx_ll_usb.o)
                0x0000000008009bd0                USB_ReadDevOutEPInterrupt
 .text.USB_ReadDevInEPInterrupt
                0x0000000008009bec       0x38 ../../libDaisy//build/libdaisy.a(stm32h7xx_ll_usb.o)
                0x0000000008009bec                USB_ReadDevInEPInterrupt
 .text.USB_GetMode
                0x0000000008009c24        0x8 ../../libDaisy//build/libdaisy.a(stm32h7xx_ll_usb.o)
                0x0000000008009c24                USB_GetMode
 .text.USB_ActivateSetup
                0x0000000008009c2c       0x38 ../../libDaisy//build/libdaisy.a(stm32h7xx_ll_usb.o)
                0x0000000008009c2c                USB_ActivateSetup
 .text.USB_EP0_OutStart
                0x0000000008009c64       0x58 ../../libDaisy//build/libdaisy.a(stm32h7xx_ll_usb.o)
                0x0000000008009c64                USB_EP0_OutStart
 .text.USB_InitFSLSPClkSel
                0x0000000008009cbc       0x44 ../../libDaisy//build/libdaisy.a(stm32h7xx_ll_usb.o)
                0x0000000008009cbc                USB_InitFSLSPClkSel
 .text.USB_HC_ReadInterrupt
                0x0000000008009d00        0x8 ../../libDaisy//build/libdaisy.a(stm32h7xx_ll_usb.o)
                0x0000000008009d00                USB_HC_ReadInterrupt
 .text.USB_HC_Halt
                0x0000000008009d08       0xc0 ../../libDaisy//build/libdaisy.a(stm32h7xx_ll_usb.o)
                0x0000000008009d08                USB_HC_Halt
 .text.USB_StopHost
                0x0000000008009dc8      0x2ec ../../libDaisy//build/libdaisy.a(stm32h7xx_ll_usb.o)
                0x0000000008009dc8                USB_StopHost
 .text.USBD_SetClassConfig
                0x000000000800a0b4       0x14 ../../libDaisy//build/libdaisy.a(usbd_core.o)
                0x000000000800a0b4                USBD_SetClassConfig
 .text.USBD_ClrClassConfig
                0x000000000800a0c8       0x10 ../../libDaisy//build/libdaisy.a(usbd_core.o)
                0x000000000800a0c8                USBD_ClrClassConfig
 .text.USBD_LL_SetupStage
                0x000000000800a0d8       0x5c ../../libDaisy//build/libdaisy.a(usbd_core.o)
                0x000000000800a0d8                USBD_LL_SetupStage
 .text.USBD_LL_DataOutStage
                0x000000000800a134       0x7c ../../libDaisy//build/libdaisy.a(usbd_core.o)
                0x000000000800a134                USBD_LL_DataOutStage
 .text.USBD_LL_DataInStage
                0x000000000800a1b0       0xcc ../../libDaisy//build/libdaisy.a(usbd_core.o)
                0x000000000800a1b0                USBD_LL_DataInStage
 .text.USBD_LL_Reset
                0x000000000800a27c       0x50 ../../libDaisy//build/libdaisy.a(usbd_core.o)
                0x000000000800a27c                USBD_LL_Reset
 .text.USBD_LL_SetSpeed
                0x000000000800a2cc        0x8 ../../libDaisy//build/libdaisy.a(usbd_core.o)
                0x000000000800a2cc                USBD_LL_SetSpeed
 .text.USBD_LL_Suspend
                0x000000000800a2d4       0x14 ../../libDaisy//build/libdaisy.a(usbd_core.o)
                0x000000000800a2d4                USBD_LL_Suspend
 .text.USBD_LL_Resume
                0x000000000800a2e8       0x10 ../../libDaisy//build/libdaisy.a(usbd_core.o)
                0x000000000800a2e8                USBD_LL_Resume
 .text.USBD_LL_SOF
                0x000000000800a2f8       0x1c ../../libDaisy//build/libdaisy.a(usbd_core.o)
                0x000000000800a2f8                USBD_LL_SOF
 .text.USBD_LL_IsoINIncomplete
                0x000000000800a314        0x4 ../../libDaisy//build/libdaisy.a(usbd_core.o)
                0x000000000800a314                USBD_LL_IsoINIncomplete
 .text.USBD_LL_IsoOUTIncomplete
                0x000000000800a318        0x4 ../../libDaisy//build/libdaisy.a(usbd_core.o)
                0x000000000800a318                USBD_LL_IsoOUTIncomplete
 .text.USBD_LL_DevConnected
                0x000000000800a31c        0x4 ../../libDaisy//build/libdaisy.a(usbd_core.o)
                0x000000000800a31c                USBD_LL_DevConnected
 .text.USBD_LL_DevDisconnected
                0x000000000800a320       0x18 ../../libDaisy//build/libdaisy.a(usbd_core.o)
                0x000000000800a320                USBD_LL_DevDisconnected
 .text.USBD_StdDevReq
                0x000000000800a338      0x304 ../../libDaisy//build/libdaisy.a(usbd_ctlreq.o)
                0x000000000800a338                USBD_StdDevReq
 .text.USBD_StdItfReq
                0x000000000800a63c       0x68 ../../libDaisy//build/libdaisy.a(usbd_ctlreq.o)
                0x000000000800a63c                USBD_StdItfReq
 .text.USBD_StdEPReq
                0x000000000800a6a4      0x13c ../../libDaisy//build/libdaisy.a(usbd_ctlreq.o)
                0x000000000800a6a4                USBD_StdEPReq
 .text.USBD_ParseSetupRequest
                0x000000000800a7e0       0x28 ../../libDaisy//build/libdaisy.a(usbd_ctlreq.o)
                0x000000000800a7e0                USBD_ParseSetupRequest
 .text.USBD_CtlSendData
                0x000000000800a808       0x1c ../../libDaisy//build/libdaisy.a(usbd_ioreq.o)
                0x000000000800a808                USBD_CtlSendData
 .text.USBD_CtlContinueSendData
                0x000000000800a824       0x14 ../../libDaisy//build/libdaisy.a(usbd_ioreq.o)
                0x000000000800a824                USBD_CtlContinueSendData
 .text.USBD_CtlContinueRx
                0x000000000800a838       0x14 ../../libDaisy//build/libdaisy.a(usbd_ioreq.o)
                0x000000000800a838                USBD_CtlContinueRx
 .text.USBD_CtlSendStatus
                0x000000000800a84c       0x18 ../../libDaisy//build/libdaisy.a(usbd_ioreq.o)
                0x000000000800a84c                USBD_CtlSendStatus
 .text.USBD_CtlReceiveStatus
                0x000000000800a864       0x18 ../../libDaisy//build/libdaisy.a(usbd_ioreq.o)
                0x000000000800a864                USBD_CtlReceiveStatus
 .text.USBH_LL_IncTimer
                0x000000000800a87c       0x20 ../../libDaisy//build/libdaisy.a(usbh_core.o)
                0x000000000800a87c                USBH_LL_IncTimer
 .text.USBH_LL_PortEnabled
                0x000000000800a89c        0x8 ../../libDaisy//build/libdaisy.a(usbh_core.o)
                0x000000000800a89c                USBH_LL_PortEnabled
 .text.USBH_LL_PortDisabled
                0x000000000800a8a4        0x8 ../../libDaisy//build/libdaisy.a(usbh_core.o)
                0x000000000800a8a4                USBH_LL_PortDisabled
 .text.USBH_LL_Connect
                0x000000000800a8ac       0x18 ../../libDaisy//build/libdaisy.a(usbh_core.o)
                0x000000000800a8ac                USBH_LL_Connect
 .text.USBH_LL_Disconnect
                0x000000000800a8c4       0x2c ../../libDaisy//build/libdaisy.a(usbh_core.o)
                0x000000000800a8c4                USBH_LL_Disconnect
 .text.USBH_FreePipe
                0x000000000800a8f0       0x18 ../../libDaisy//build/libdaisy.a(usbh_pipes.o)
                0x000000000800a8f0                USBH_FreePipe
 .text._ZN5daisy6Random4InitEv
                0x000000000800a908       0x3c ../../libDaisy//build/libdaisy.a(rng.o)
                0x000000000800a908                daisy::Random::Init()
 .text._ZN5daisy9SpiHandle4Impl7InitDmaEv
                0x000000000800a944       0xec ../../libDaisy//build/libdaisy.a(spi.o)
                0x000000000800a944                daisy::SpiHandle::Impl::InitDma()
 .text._ZN5daisy9SpiHandle4Impl10StartDmaTxEPhjPFvPvEPFvS3_NS0_6ResultEES3_
                0x000000000800aa30       0xc8 ../../libDaisy//build/libdaisy.a(spi.o)
                0x000000000800aa30                daisy::SpiHandle::Impl::StartDmaTx(unsigned char*, unsigned int, void (*)(void*), void (*)(void*, daisy::SpiHandle::Result), void*)
 .text._ZN5daisy9SpiHandle4Impl10StartDmaRxEPhjPFvPvEPFvS3_NS0_6ResultEES3_
                0x000000000800aaf8       0xc8 ../../libDaisy//build/libdaisy.a(spi.o)
                0x000000000800aaf8                daisy::SpiHandle::Impl::StartDmaRx(unsigned char*, unsigned int, void (*)(void*), void (*)(void*, daisy::SpiHandle::Result), void*)
 .text._ZN5daisy9SpiHandle4Impl12StartDmaRxTxEPhS2_jPFvPvEPFvS3_NS0_6ResultEES3_
                0x000000000800abc0       0xcc ../../libDaisy//build/libdaisy.a(spi.o)
                0x000000000800abc0                daisy::SpiHandle::Impl::StartDmaRxTx(unsigned char*, unsigned char*, unsigned int, void (*)(void*), void (*)(void*, daisy::SpiHandle::Result), void*)
 .text._ZN5daisy9SpiHandle4Impl8InitPinsEv
                0x000000000800ac8c      0x274 ../../libDaisy//build/libdaisy.a(spi.o)
                0x000000000800ac8c                daisy::SpiHandle::Impl::InitPins()
 .text.HAL_SPI_MspInit
                0x000000000800af00      0x1a8 ../../libDaisy//build/libdaisy.a(spi.o)
                0x000000000800af00                HAL_SPI_MspInit
 .text.dsy_spi_global_init
                0x000000000800b0a8       0x80 ../../libDaisy//build/libdaisy.a(spi.o)
                0x000000000800b0a8                dsy_spi_global_init
 .text.SPI1_IRQHandler
                0x000000000800b128        0xc ../../libDaisy//build/libdaisy.a(spi.o)
                0x000000000800b128                SPI1_IRQHandler
 .text.SPI2_IRQHandler
                0x000000000800b134        0xc ../../libDaisy//build/libdaisy.a(spi.o)
                0x000000000800b134                SPI2_IRQHandler
 .text.SPI3_IRQHandler
                0x000000000800b140        0xc ../../libDaisy//build/libdaisy.a(spi.o)
                0x000000000800b140                SPI3_IRQHandler
 .text.SPI4_IRQHandler
                0x000000000800b14c        0xc ../../libDaisy//build/libdaisy.a(spi.o)
                0x000000000800b14c                SPI4_IRQHandler
 .text.SPI5_IRQHandler
                0x000000000800b158        0xc ../../libDaisy//build/libdaisy.a(spi.o)
                0x000000000800b158                SPI5_IRQHandler
 .text.DMA2_Stream2_IRQHandler
                0x000000000800b164       0x34 ../../libDaisy//build/libdaisy.a(spi.o)
                0x000000000800b164                DMA2_Stream2_IRQHandler
 .text.DMA2_Stream3_IRQHandler
                0x000000000800b198       0x38 ../../libDaisy//build/libdaisy.a(spi.o)
                0x000000000800b198                DMA2_Stream3_IRQHandler
 .text.HAL_SPI_TxCpltCallback
                0x000000000800b1d0       0xc4 ../../libDaisy//build/libdaisy.a(spi.o)
                0x000000000800b1d0                HAL_SPI_TxCpltCallback
 .text.HAL_SPI_RxCpltCallback
                0x000000000800b294       0xc4 ../../libDaisy//build/libdaisy.a(spi.o)
                0x000000000800b294                HAL_SPI_RxCpltCallback
 .text.HAL_SPI_TxRxCpltCallback
                0x000000000800b358       0xc4 ../../libDaisy//build/libdaisy.a(spi.o)
                0x000000000800b358                HAL_SPI_TxRxCpltCallback
 .text.HAL_SPI_ErrorCallback
                0x000000000800b41c       0xc8 ../../libDaisy//build/libdaisy.a(spi.o)
                0x000000000800b41c                HAL_SPI_ErrorCallback
 .text.startup._GLOBAL__sub_I__Z19MapInstanceToHandleP11SPI_TypeDef
                0x000000000800b4e4      0x1b0 ../../libDaisy//build/libdaisy.a(spi.o)
 .text.HAL_TIM_Base_MspInit
                0x000000000800b694      0x1e0 ../../libDaisy//build/libdaisy.a(tim.o)
                0x000000000800b694                HAL_TIM_Base_MspInit
 .text.HAL_TIM_PeriodElapsedCallback
                0x000000000800b874       0x44 ../../libDaisy//build/libdaisy.a(tim.o)
                0x000000000800b874                HAL_TIM_PeriodElapsedCallback
 .text.TIM2_IRQHandler
                0x000000000800b8b8        0xc ../../libDaisy//build/libdaisy.a(tim.o)
                0x000000000800b8b8                TIM2_IRQHandler
 .text.TIM3_IRQHandler
                0x000000000800b8c4        0xc ../../libDaisy//build/libdaisy.a(tim.o)
                0x000000000800b8c4                TIM3_IRQHandler
 .text.TIM4_IRQHandler
                0x000000000800b8d0        0xc ../../libDaisy//build/libdaisy.a(tim.o)
                0x000000000800b8d0                TIM4_IRQHandler
 .text.TIM5_IRQHandler
                0x000000000800b8dc        0xc ../../libDaisy//build/libdaisy.a(tim.o)
                0x000000000800b8dc                TIM5_IRQHandler
 .text._ZN5daisy11TimerHandle4InitERKNS0_6ConfigE
                0x000000000800b8e8       0xd0 ../../libDaisy//build/libdaisy.a(tim.o)
                0x000000000800b8e8                daisy::TimerHandle::Init(daisy::TimerHandle::Config const&)
 .text._ZN5daisy11TimerHandle5StartEv
                0x000000000800b9b8       0x24 ../../libDaisy//build/libdaisy.a(tim.o)
                0x000000000800b9b8                daisy::TimerHandle::Start()
 .text.startup._GLOBAL__sub_I__ZN5daisy11TimerHandle4Impl4InitERKNS0_6ConfigE
                0x000000000800b9dc       0x38 ../../libDaisy//build/libdaisy.a(tim.o)
 .text._ZN5daisy11UartHandler4Impl7InitDmaEbb
                0x000000000800ba14      0x164 ../../libDaisy//build/libdaisy.a(uart.o)
                0x000000000800ba14                daisy::UartHandler::Impl::InitDma(bool, bool)
 .text._ZN5daisy11UartHandler4Impl10HandleFifoEv
                0x000000000800bb78       0xec ../../libDaisy//build/libdaisy.a(uart.o)
                0x000000000800bb78                daisy::UartHandler::Impl::HandleFifo()
 .text._ZN5daisy11UartHandler4Impl10StartDmaTxEPhjPFvPvEPFvS3_NS0_6ResultEES3_
                0x000000000800bc64       0xcc ../../libDaisy//build/libdaisy.a(uart.o)
                0x000000000800bc64                daisy::UartHandler::Impl::StartDmaTx(unsigned char*, unsigned int, void (*)(void*), void (*)(void*, daisy::UartHandler::Result), void*)
 .text._ZN5daisy11UartHandler4Impl10StartDmaRxEPhjPFvPvEPFvS3_NS0_6ResultEES3_
                0x000000000800bd30       0xcc ../../libDaisy//build/libdaisy.a(uart.o)
                0x000000000800bd30                daisy::UartHandler::Impl::StartDmaRx(unsigned char*, unsigned int, void (*)(void*), void (*)(void*, daisy::UartHandler::Result), void*)
 .text._ZN5daisy11UartHandler4Impl19DmaTransferFinishedEP20__UART_HandleTypeDefNS0_6ResultE
                0x000000000800bdfc       0xc0 ../../libDaisy//build/libdaisy.a(uart.o)
                0x000000000800bdfc                daisy::UartHandler::Impl::DmaTransferFinished(__UART_HandleTypeDef*, daisy::UartHandler::Result)
 .text._ZN5daisy11UartHandler4Impl8InitPinsEv
                0x000000000800bebc      0x150 ../../libDaisy//build/libdaisy.a(uart.o)
                0x000000000800bebc                daisy::UartHandler::Impl::InitPins()
 .text.HAL_UART_MspInit
                0x000000000800c00c      0x210 ../../libDaisy//build/libdaisy.a(uart.o)
                0x000000000800c00c                HAL_UART_MspInit
 .text.dsy_uart_global_init
                0x000000000800c21c       0xfc ../../libDaisy//build/libdaisy.a(uart.o)
                0x000000000800c21c                dsy_uart_global_init
 .text.USART1_IRQHandler
                0x000000000800c318       0x30 ../../libDaisy//build/libdaisy.a(uart.o)
                0x000000000800c318                USART1_IRQHandler
 .text.USART2_IRQHandler
                0x000000000800c348       0x34 ../../libDaisy//build/libdaisy.a(uart.o)
                0x000000000800c348                USART2_IRQHandler
 .text.USART3_IRQHandler
                0x000000000800c37c       0x34 ../../libDaisy//build/libdaisy.a(uart.o)
                0x000000000800c37c                USART3_IRQHandler
 .text.UART4_IRQHandler
                0x000000000800c3b0       0x34 ../../libDaisy//build/libdaisy.a(uart.o)
                0x000000000800c3b0                UART4_IRQHandler
 .text.UART5_IRQHandler
                0x000000000800c3e4       0x34 ../../libDaisy//build/libdaisy.a(uart.o)
                0x000000000800c3e4                UART5_IRQHandler
 .text.USART6_IRQHandler
                0x000000000800c418       0x34 ../../libDaisy//build/libdaisy.a(uart.o)
                0x000000000800c418                USART6_IRQHandler
 .text.UART7_IRQHandler
                0x000000000800c44c       0x30 ../../libDaisy//build/libdaisy.a(uart.o)
                0x000000000800c44c                UART7_IRQHandler
 .text.UART8_IRQHandler
                0x000000000800c47c       0x34 ../../libDaisy//build/libdaisy.a(uart.o)
                0x000000000800c47c                UART8_IRQHandler
 .text.LPUART1_IRQHandler
                0x000000000800c4b0       0x34 ../../libDaisy//build/libdaisy.a(uart.o)
                0x000000000800c4b0                LPUART1_IRQHandler
 .text.DMA1_Stream5_IRQHandler
                0x000000000800c4e4       0x34 ../../libDaisy//build/libdaisy.a(uart.o)
                0x000000000800c4e4                DMA1_Stream5_IRQHandler
 .text.DMA2_Stream4_IRQHandler
                0x000000000800c518       0x34 ../../libDaisy//build/libdaisy.a(uart.o)
                0x000000000800c518                DMA2_Stream4_IRQHandler
 .text.HAL_UART_TxCpltCallback
                0x000000000800c54c        0x8 ../../libDaisy//build/libdaisy.a(uart.o)
                0x000000000800c54c                HAL_UART_TxCpltCallback
 .text.HAL_UART_RxCpltCallback
                0x000000000800c554        0x8 ../../libDaisy//build/libdaisy.a(uart.o)
                0x000000000800c554                HAL_UART_RxCpltCallback
 .text.HAL_UART_ErrorCallback
                0x000000000800c55c        0x8 ../../libDaisy//build/libdaisy.a(uart.o)
                0x000000000800c55c                HAL_UART_ErrorCallback
 .text.startup._GLOBAL__sub_I__Z19MapInstanceToHandleP13USART_TypeDef
                0x000000000800c564      0x190 ../../libDaisy//build/libdaisy.a(uart.o)
 .text.dsy_dma_init
                0x000000000800c6f4      0x100 ../../libDaisy//build/libdaisy.a(dma.o)
                0x000000000800c6f4                dsy_dma_init
 .text.HAL_MDMA_Abort_IT
                0x000000000800c7f4       0x2c ../../libDaisy//build/libdaisy.a(stm32h7xx_hal_mdma.o)
                0x000000000800c7f4                HAL_MDMA_Abort_IT
 .text.SPI_CloseTransfer
                0x000000000800c820       0xb8 ../../libDaisy//build/libdaisy.a(stm32h7xx_hal_spi.o)
 .text.HAL_SPI_Init
                0x000000000800c8d8      0x15c ../../libDaisy//build/libdaisy.a(stm32h7xx_hal_spi.o)
                0x000000000800c8d8                HAL_SPI_Init
 .text.HAL_SPI_Transmit_DMA
                0x000000000800ca34      0x170 ../../libDaisy//build/libdaisy.a(stm32h7xx_hal_spi.o)
                0x000000000800ca34                HAL_SPI_Transmit_DMA
 .text.HAL_SPI_TransmitReceive_DMA
                0x000000000800cba4      0x218 ../../libDaisy//build/libdaisy.a(stm32h7xx_hal_spi.o)
                0x000000000800cba4                HAL_SPI_TransmitReceive_DMA
 .text.HAL_SPI_Receive_DMA
                0x000000000800cdbc      0x1b4 ../../libDaisy//build/libdaisy.a(stm32h7xx_hal_spi.o)
                0x000000000800cdbc                HAL_SPI_Receive_DMA
 .text.SPI_DMATransmitCplt
                0x000000000800cf70       0x28 ../../libDaisy//build/libdaisy.a(stm32h7xx_hal_spi.o)
 .text.SPI_DMAReceiveCplt
                0x000000000800cf98       0x28 ../../libDaisy//build/libdaisy.a(stm32h7xx_hal_spi.o)
 .text.SPI_DMATransmitReceiveCplt
                0x000000000800cfc0       0x28 ../../libDaisy//build/libdaisy.a(stm32h7xx_hal_spi.o)
 .text.HAL_SPI_TxHalfCpltCallback
                0x000000000800cfe8        0x4 ../../libDaisy//build/libdaisy.a(stm32h7xx_hal_spi.o)
                0x000000000800cfe8                HAL_SPI_TxHalfCpltCallback
 .text.SPI_DMAHalfTransmitCplt
                0x000000000800cfec        0xc ../../libDaisy//build/libdaisy.a(stm32h7xx_hal_spi.o)
 .text.HAL_SPI_RxHalfCpltCallback
                0x000000000800cff8        0x4 ../../libDaisy//build/libdaisy.a(stm32h7xx_hal_spi.o)
                0x000000000800cff8                HAL_SPI_RxHalfCpltCallback
 .text.SPI_DMAHalfReceiveCplt
                0x000000000800cffc        0xc ../../libDaisy//build/libdaisy.a(stm32h7xx_hal_spi.o)
 .text.HAL_SPI_TxRxHalfCpltCallback
                0x000000000800d008        0x4 ../../libDaisy//build/libdaisy.a(stm32h7xx_hal_spi.o)
                0x000000000800d008                HAL_SPI_TxRxHalfCpltCallback
 .text.SPI_DMAHalfTransmitReceiveCplt
                0x000000000800d00c        0xc ../../libDaisy//build/libdaisy.a(stm32h7xx_hal_spi.o)
 .text.SPI_DMAError
                0x000000000800d018       0xd8 ../../libDaisy//build/libdaisy.a(stm32h7xx_hal_spi.o)
 .text.HAL_SPI_IRQHandler
                0x000000000800d0f0      0x23c ../../libDaisy//build/libdaisy.a(stm32h7xx_hal_spi.o)
                0x000000000800d0f0                HAL_SPI_IRQHandler
 .text.SPI_DMAAbortOnError
                0x000000000800d32c       0x1c ../../libDaisy//build/libdaisy.a(stm32h7xx_hal_spi.o)
 .text.HAL_SPI_GetState
                0x000000000800d348        0x8 ../../libDaisy//build/libdaisy.a(stm32h7xx_hal_spi.o)
                0x000000000800d348                HAL_SPI_GetState
 .text.HAL_TIM_Base_Init
                0x000000000800d350      0x140 ../../libDaisy//build/libdaisy.a(stm32h7xx_hal_tim.o)
                0x000000000800d350                HAL_TIM_Base_Init
 .text.HAL_TIM_Base_Start
                0x000000000800d490       0x34 ../../libDaisy//build/libdaisy.a(stm32h7xx_hal_tim.o)
                0x000000000800d490                HAL_TIM_Base_Start
 .text.HAL_TIM_Base_Start_IT
                0x000000000800d4c4       0x2c ../../libDaisy//build/libdaisy.a(stm32h7xx_hal_tim.o)
                0x000000000800d4c4                HAL_TIM_Base_Start_IT
 .text.HAL_TIM_ConfigClockSource
                0x000000000800d4f0      0x17c ../../libDaisy//build/libdaisy.a(stm32h7xx_hal_tim.o)
                0x000000000800d4f0                HAL_TIM_ConfigClockSource
 .text.HAL_TIM_OC_DelayElapsedCallback
                0x000000000800d66c        0x4 ../../libDaisy//build/libdaisy.a(stm32h7xx_hal_tim.o)
                0x000000000800d66c                HAL_TIM_OC_DelayElapsedCallback
 .text.HAL_TIM_IC_CaptureCallback
                0x000000000800d670        0x4 ../../libDaisy//build/libdaisy.a(stm32h7xx_hal_tim.o)
                0x000000000800d670                HAL_TIM_IC_CaptureCallback
 .text.HAL_TIM_PWM_PulseFinishedCallback
                0x000000000800d674        0x4 ../../libDaisy//build/libdaisy.a(stm32h7xx_hal_tim.o)
                0x000000000800d674                HAL_TIM_PWM_PulseFinishedCallback
 .text.HAL_TIM_TriggerCallback
                0x000000000800d678        0x4 ../../libDaisy//build/libdaisy.a(stm32h7xx_hal_tim.o)
                0x000000000800d678                HAL_TIM_TriggerCallback
 .text.HAL_TIM_IRQHandler
                0x000000000800d67c      0x170 ../../libDaisy//build/libdaisy.a(stm32h7xx_hal_tim.o)
                0x000000000800d67c                HAL_TIM_IRQHandler
 .text.HAL_TIMEx_MasterConfigSynchronization
                0x000000000800d7ec       0x64 ../../libDaisy//build/libdaisy.a(stm32h7xx_hal_tim_ex.o)
                0x000000000800d7ec                HAL_TIMEx_MasterConfigSynchronization
 .text.HAL_TIMEx_CommutCallback
                0x000000000800d850        0x4 ../../libDaisy//build/libdaisy.a(stm32h7xx_hal_tim_ex.o)
                0x000000000800d850                HAL_TIMEx_CommutCallback
 .text.HAL_TIMEx_BreakCallback
                0x000000000800d854        0x4 ../../libDaisy//build/libdaisy.a(stm32h7xx_hal_tim_ex.o)
                0x000000000800d854                HAL_TIMEx_BreakCallback
 .text.HAL_TIMEx_Break2Callback
                0x000000000800d858        0x4 ../../libDaisy//build/libdaisy.a(stm32h7xx_hal_tim_ex.o)
                0x000000000800d858                HAL_TIMEx_Break2Callback
 .text.HAL_UART_Transmit_DMA
                0x000000000800d85c       0xa4 ../../libDaisy//build/libdaisy.a(stm32h7xx_hal_uart.o)
                0x000000000800d85c                HAL_UART_Transmit_DMA
 .text.HAL_UART_Receive_DMA
                0x000000000800d900       0xac ../../libDaisy//build/libdaisy.a(stm32h7xx_hal_uart.o)
                0x000000000800d900                HAL_UART_Receive_DMA
 .text.UART_DMATransmitCplt
                0x000000000800d9ac       0x2c ../../libDaisy//build/libdaisy.a(stm32h7xx_hal_uart.o)
 .text.HAL_UART_TxHalfCpltCallback
                0x000000000800d9d8        0x4 ../../libDaisy//build/libdaisy.a(stm32h7xx_hal_uart.o)
                0x000000000800d9d8                HAL_UART_TxHalfCpltCallback
 .text.UART_DMATxHalfCplt
                0x000000000800d9dc        0xc ../../libDaisy//build/libdaisy.a(stm32h7xx_hal_uart.o)
 .text.UART_DMAReceiveCplt
                0x000000000800d9e8       0x38 ../../libDaisy//build/libdaisy.a(stm32h7xx_hal_uart.o)
 .text.HAL_UART_RxHalfCpltCallback
                0x000000000800da20        0x4 ../../libDaisy//build/libdaisy.a(stm32h7xx_hal_uart.o)
                0x000000000800da20                HAL_UART_RxHalfCpltCallback
 .text.UART_DMARxHalfCplt
                0x000000000800da24        0xc ../../libDaisy//build/libdaisy.a(stm32h7xx_hal_uart.o)
 .text.UART_DMAError
                0x000000000800da30       0x78 ../../libDaisy//build/libdaisy.a(stm32h7xx_hal_uart.o)
 .text.HAL_UART_IRQHandler
                0x000000000800daa8      0x1d0 ../../libDaisy//build/libdaisy.a(stm32h7xx_hal_uart.o)
                0x000000000800daa8                HAL_UART_IRQHandler
 .text.UART_DMAAbortOnError
                0x000000000800dc78       0x14 ../../libDaisy//build/libdaisy.a(stm32h7xx_hal_uart.o)
 .text.HAL_UART_GetState
                0x000000000800dc8c        0xc ../../libDaisy//build/libdaisy.a(stm32h7xx_hal_uart.o)
                0x000000000800dc8c                HAL_UART_GetState
 .text.UART_SetConfig
                0x000000000800dc98     0x14b8 ../../libDaisy//build/libdaisy.a(stm32h7xx_hal_uart.o)
                0x000000000800dc98                UART_SetConfig
 .text.UART_AdvFeatureConfig
                0x000000000800f150       0xb0 ../../libDaisy//build/libdaisy.a(stm32h7xx_hal_uart.o)
                0x000000000800f150                UART_AdvFeatureConfig
 .text.UART_CheckIdleState
                0x000000000800f200       0x84 ../../libDaisy//build/libdaisy.a(stm32h7xx_hal_uart.o)
                0x000000000800f200                UART_CheckIdleState
 .text.HAL_UART_Init
                0x000000000800f284       0x68 ../../libDaisy//build/libdaisy.a(stm32h7xx_hal_uart.o)
                0x000000000800f284                HAL_UART_Init
 .text.HAL_UARTEx_WakeupCallback
                0x000000000800f2ec        0x4 ../../libDaisy//build/libdaisy.a(stm32h7xx_hal_uart_ex.o)
                0x000000000800f2ec                HAL_UARTEx_WakeupCallback
 .text.HAL_UARTEx_RxFifoFullCallback
                0x000000000800f2f0        0x4 ../../libDaisy//build/libdaisy.a(stm32h7xx_hal_uart_ex.o)
                0x000000000800f2f0                HAL_UARTEx_RxFifoFullCallback
 .text.HAL_UARTEx_TxFifoEmptyCallback
                0x000000000800f2f4        0x4 ../../libDaisy//build/libdaisy.a(stm32h7xx_hal_uart_ex.o)
                0x000000000800f2f4                HAL_UARTEx_TxFifoEmptyCallback
 .text.__aeabi_atexit
                0x000000000800f2f8        0xa /opt/homebrew/Cellar/arm-none-eabi-gcc/10.3-2021.07/gcc/bin/../lib/gcc/arm-none-eabi/10.3.1/../../../../arm-none-eabi/lib/thumb/v7e-m+dp/hard/libstdc++_nano.a(atexit_arm.o)
                0x000000000800f2f8                __aeabi_atexit
 *fill*         0x000000000800f302        0x2 
 .text.__cxa_atexit
                0x000000000800f304       0x1c /opt/homebrew/Cellar/arm-none-eabi-gcc/10.3-2021.07/gcc/bin/../lib/gcc/arm-none-eabi/10.3.1/../../../../arm-none-eabi/lib/thumb/v7e-m+dp/hard/libc_nano.a(lib_a-cxa_atexit.o)
                0x000000000800f304                __cxa_atexit
 .text.__libc_init_array
                0x000000000800f320       0x48 /opt/homebrew/Cellar/arm-none-eabi-gcc/10.3-2021.07/gcc/bin/../lib/gcc/arm-none-eabi/10.3.1/../../../../arm-none-eabi/lib/thumb/v7e-m+dp/hard/libc_nano.a(lib_a-init.o)
                0x000000000800f320                __libc_init_array
 .text.memcpy   0x000000000800f368       0x1c /opt/homebrew/Cellar/arm-none-eabi-gcc/10.3-2021.07/gcc/bin/../lib/gcc/arm-none-eabi/10.3.1/../../../../arm-none-eabi/lib/thumb/v7e-m+dp/hard/libc_nano.a(lib_a-memcpy-stub.o)
                0x000000000800f368                memcpy
 .text.memset   0x000000000800f384       0x10 /opt/homebrew/Cellar/arm-none-eabi-gcc/10.3-2021.07/gcc/bin/../lib/gcc/arm-none-eabi/10.3.1/../../../../arm-none-eabi/lib/thumb/v7e-m+dp/hard/libc_nano.a(lib_a-memset.o)
                0x000000000800f384                memset
 *(.rodata)
 .rodata        0x000000000800f394       0x10 ../../libDaisy//build/libdaisy.a(i2c.o)
 .rodata        0x000000000800f3a4       0x10 ../../libDaisy//build/libdaisy.a(tim.o)
 .rodata        0x000000000800f3b4       0x12 ../../libDaisy//build/libdaisy.a(uart.o)
 *(.rodata*)
 *fill*         0x000000000800f3c6        0x2 
 .rodata.CSWTCH.35
                0x000000000800f3c8        0x3 ../../libDaisy//build/libdaisy.a(sai.o)
 *fill*         0x000000000800f3cb        0x1 
 .rodata.CSWTCH.36
                0x000000000800f3cc        0xc ../../libDaisy//build/libdaisy.a(sai.o)
 .rodata.CSWTCH.44
                0x000000000800f3d8       0x14 ../../libDaisy//build/libdaisy.a(sai.o)
 .rodata.D1CorePrescTable
                0x000000000800f3ec       0x10 ../../libDaisy//build/libdaisy.a(system_stm32h7xx.o)
                0x000000000800f3ec                D1CorePrescTable
 .rodata.CSWTCH.24
                0x000000000800f3fc        0x4 ../../libDaisy//build/libdaisy.a(usbd_conf.o)
 .rodata.CSWTCH.19
                0x000000000800f400        0x4 ../../libDaisy//build/libdaisy.a(usbh_conf.o)
 .rodata.gpio_hal_pin_map
                0x000000000800f404       0x20 ../../libDaisy//build/libdaisy.a(hal_map.o)
 .rodata.gpio_hal_port_map
                0x000000000800f424       0x30 ../../libDaisy//build/libdaisy.a(hal_map.o)
 .rodata.flagBitshiftOffset.0
                0x000000000800f454        0x8 ../../libDaisy//build/libdaisy.a(stm32h7xx_hal_dma.o)
 .rodata._ZL13pins_none_spi
                0x000000000800f45c        0x3 ../../libDaisy//build/libdaisy.a(spi.o)
 *fill*         0x000000000800f45f        0x1 
 .rodata._ZL16pins_periphs_spi
                0x000000000800f460       0x60 ../../libDaisy//build/libdaisy.a(spi.o)
 .rodata.CSWTCH.418
                0x000000000800f4c0       0x29 ../../libDaisy//build/libdaisy.a(stm32h7xx_hal_uart.o)
 *fill*         0x000000000800f4e9        0x3 
 .rodata.CSWTCH.419
                0x000000000800f4ec        0x6 ../../libDaisy//build/libdaisy.a(stm32h7xx_hal_uart.o)
 *fill*         0x000000000800f4f2        0x2 
 .rodata.CSWTCH.426
                0x000000000800f4f4        0x6 ../../libDaisy//build/libdaisy.a(stm32h7xx_hal_uart.o)
 *(.glue_7)
 .glue_7        0x000000000800f4fa        0x0 linker stubs
 *(.glue_7t)
 .glue_7t       0x000000000800f4fa        0x0 linker stubs
 *(.init)
 *fill*         0x000000000800f4fa        0x2 
 .init          0x000000000800f4fc        0x4 /opt/homebrew/Cellar/arm-none-eabi-gcc/10.3-2021.07/gcc/bin/../lib/gcc/arm-none-eabi/10.3.1/thumb/v7e-m+dp/hard/crti.o
                0x000000000800f4fc                _init
 .init          0x000000000800f500        0x8 /opt/homebrew/Cellar/arm-none-eabi-gcc/10.3-2021.07/gcc/bin/../lib/gcc/arm-none-eabi/10.3.1/thumb/v7e-m+dp/hard/crtn.o
 *(.fini)
 .fini          0x000000000800f508        0x4 /opt/homebrew/Cellar/arm-none-eabi-gcc/10.3-2021.07/gcc/bin/../lib/gcc/arm-none-eabi/10.3.1/thumb/v7e-m+dp/hard/crti.o
                0x000000000800f508                _fini
 .fini          0x000000000800f50c        0x8 /opt/homebrew/Cellar/arm-none-eabi-gcc/10.3-2021.07/gcc/bin/../lib/gcc/arm-none-eabi/10.3.1/thumb/v7e-m+dp/hard/crtn.o
                0x000000000800f514                . = ALIGN (0x4)
                0x000000000800f514                _etext = .

.eh_frame       0x000000000800f514        0x0
 .eh_frame      0x000000000800f514        0x0 /opt/homebrew/Cellar/arm-none-eabi-gcc/10.3-2021.07/gcc/bin/../lib/gcc/arm-none-eabi/10.3.1/thumb/v7e-m+dp/hard/crtbegin.o

.vfp11_veneer   0x000000000800f514        0x0
 .vfp11_veneer  0x000000000800f514        0x0 linker stubs

.v4_bx          0x000000000800f514        0x0
 .v4_bx         0x000000000800f514        0x0 linker stubs

.iplt           0x000000000800f514        0x0
 .iplt          0x000000000800f514        0x0 /opt/homebrew/Cellar/arm-none-eabi-gcc/10.3-2021.07/gcc/bin/../lib/gcc/arm-none-eabi/10.3.1/thumb/v7e-m+dp/hard/crtbegin.o

.ARM.extab      0x000000000800f514        0x0
                0x000000000800f514                . = ALIGN (0x4)
 *(.ARM.extab)
 *(.gnu.linkonce.armextab.*)
                0x000000000800f514                . = ALIGN (0x4)

.exidx          0x000000000800f514        0x8
                0x000000000800f514                . = ALIGN (0x4)
                [!provide]                        PROVIDE (__exidx_start = .)
 *(.ARM.exidx*)
 .ARM.exidx     0x000000000800f514        0x8 /opt/homebrew/Cellar/arm-none-eabi-gcc/10.3-2021.07/gcc/bin/../lib/gcc/arm-none-eabi/10.3.1/thumb/v7e-m+dp/hard/libgcc.a(_udivmoddi4.o)
                0x000000000800f51c                . = ALIGN (0x4)
                [!provide]                        PROVIDE (__exidx_end = .)

.ARM.attributes
                0x000000000800f51c       0x2e
 *(.ARM.attributes)
 .ARM.attributes
                0x000000000800f51c       0x1e /opt/homebrew/Cellar/arm-none-eabi-gcc/10.3-2021.07/gcc/bin/../lib/gcc/arm-none-eabi/10.3.1/thumb/v7e-m+dp/hard/crti.o
 .ARM.attributes
                0x000000000800f53a       0x32 /opt/homebrew/Cellar/arm-none-eabi-gcc/10.3-2021.07/gcc/bin/../lib/gcc/arm-none-eabi/10.3.1/thumb/v7e-m+dp/hard/crtbegin.o
 .ARM.attributes
                0x000000000800f56c       0x32 build/startup_stm32h750xx.o
 .ARM.attributes
                0x000000000800f59e       0x32 build/wavetableTest.o
 .ARM.attributes
                0x000000000800f5d0       0x32 ../../libDaisy//build/libdaisy.a(daisy_seed.o)
 .ARM.attributes
                0x000000000800f602       0x32 ../../libDaisy//build/libdaisy.a(codec_ak4556.o)
 .ARM.attributes
                0x000000000800f634       0x32 ../../libDaisy//build/libdaisy.a(codec_wm8731.o)
 .ARM.attributes
                0x000000000800f666       0x32 ../../libDaisy//build/libdaisy.a(sdram.o)
 .ARM.attributes
                0x000000000800f698       0x32 ../../libDaisy//build/libdaisy.a(audio.o)
 .ARM.attributes
                0x000000000800f6ca       0x32 ../../libDaisy//build/libdaisy.a(switch.o)
 .ARM.attributes
                0x000000000800f6fc       0x32 ../../libDaisy//build/libdaisy.a(gpio.o)
 .ARM.attributes
                0x000000000800f72e       0x32 ../../libDaisy//build/libdaisy.a(i2c.o)
 .ARM.attributes
                0x000000000800f760       0x32 ../../libDaisy//build/libdaisy.a(qspi.o)
 .ARM.attributes
                0x000000000800f792       0x32 ../../libDaisy//build/libdaisy.a(sai.o)
 .ARM.attributes
                0x000000000800f7c4       0x32 ../../libDaisy//build/libdaisy.a(system.o)
 .ARM.attributes
                0x000000000800f7f6       0x32 ../../libDaisy//build/libdaisy.a(system_stm32h7xx.o)
 .ARM.attributes
                0x000000000800f828       0x32 ../../libDaisy//build/libdaisy.a(usbd_conf.o)
 .ARM.attributes
                0x000000000800f85a       0x32 ../../libDaisy//build/libdaisy.a(usbh_conf.o)
 .ARM.attributes
                0x000000000800f88c       0x32 ../../libDaisy//build/libdaisy.a(hal_map.o)
 .ARM.attributes
                0x000000000800f8be       0x32 ../../libDaisy//build/libdaisy.a(stm32h7xx_hal.o)
 .ARM.attributes
                0x000000000800f8f0       0x32 ../../libDaisy//build/libdaisy.a(stm32h7xx_hal_cortex.o)
 .ARM.attributes
                0x000000000800f922       0x32 ../../libDaisy//build/libdaisy.a(stm32h7xx_hal_dma.o)
 .ARM.attributes
                0x000000000800f954       0x32 ../../libDaisy//build/libdaisy.a(stm32h7xx_hal_gpio.o)
 .ARM.attributes
                0x000000000800f986       0x32 ../../libDaisy//build/libdaisy.a(stm32h7xx_hal_hcd.o)
 .ARM.attributes
                0x000000000800f9b8       0x32 ../../libDaisy//build/libdaisy.a(stm32h7xx_hal_i2c.o)
 .ARM.attributes
                0x000000000800f9ea       0x32 ../../libDaisy//build/libdaisy.a(stm32h7xx_hal_i2c_ex.o)
 .ARM.attributes
                0x000000000800fa1c       0x32 ../../libDaisy//build/libdaisy.a(stm32h7xx_hal_pcd.o)
 .ARM.attributes
                0x000000000800fa4e       0x32 ../../libDaisy//build/libdaisy.a(stm32h7xx_hal_pcd_ex.o)
 .ARM.attributes
                0x000000000800fa80       0x32 ../../libDaisy//build/libdaisy.a(stm32h7xx_hal_pwr_ex.o)
 .ARM.attributes
                0x000000000800fab2       0x32 ../../libDaisy//build/libdaisy.a(stm32h7xx_hal_qspi.o)
 .ARM.attributes
                0x000000000800fae4       0x32 ../../libDaisy//build/libdaisy.a(stm32h7xx_hal_rcc.o)
 .ARM.attributes
                0x000000000800fb16       0x32 ../../libDaisy//build/libdaisy.a(stm32h7xx_hal_rcc_ex.o)
 .ARM.attributes
                0x000000000800fb48       0x32 ../../libDaisy//build/libdaisy.a(stm32h7xx_hal_sai.o)
 .ARM.attributes
                0x000000000800fb7a       0x32 ../../libDaisy//build/libdaisy.a(stm32h7xx_hal_sdram.o)
 .ARM.attributes
                0x000000000800fbac       0x32 ../../libDaisy//build/libdaisy.a(stm32h7xx_ll_fmc.o)
 .ARM.attributes
                0x000000000800fbde       0x32 ../../libDaisy//build/libdaisy.a(stm32h7xx_ll_usb.o)
 .ARM.attributes
                0x000000000800fc10       0x32 ../../libDaisy//build/libdaisy.a(usbd_core.o)
 .ARM.attributes
                0x000000000800fc42       0x32 ../../libDaisy//build/libdaisy.a(usbd_ctlreq.o)
 .ARM.attributes
                0x000000000800fc74       0x32 ../../libDaisy//build/libdaisy.a(usbd_ioreq.o)
 .ARM.attributes
                0x000000000800fca6       0x32 ../../libDaisy//build/libdaisy.a(usbh_core.o)
 .ARM.attributes