Archive member included to satisfy reference by file (symbol)

../../libDaisy//build/libdaisy.a(daisy_seed.o)
                              build/test.o (daisy::DaisySeed::Init(bool))
../../libDaisy//build/libdaisy.a(codec_ak4556.o)
                              ../../libDaisy//build/libdaisy.a(daisy_seed.o) (daisy::Ak4556::Init(dsy_gpio_pin))
../../libDaisy//build/libdaisy.a(codec_wm8731.o)
                              ../../libDaisy//build/libdaisy.a(daisy_seed.o) (daisy::Wm8731::Init(daisy::Wm8731::Config const&, daisy::I2CHandle))
../../libDaisy//build/libdaisy.a(sdram.o)
                              ../../libDaisy//build/libdaisy.a(daisy_seed.o) (SdramHandle::Init())
../../libDaisy//build/libdaisy.a(audio.o)
                              ../../libDaisy//build/libdaisy.a(daisy_seed.o) (daisy::AudioHandle::Init(daisy::AudioHandle::Config const&, daisy::SaiHandle))
../../libDaisy//build/libdaisy.a(logger.o)
                              build/test.o (daisy::Logger<(daisy::LoggerDestination)1>::PrintLine(char const*, ...))
../../libDaisy//build/libdaisy.a(usb.o)
                              ../../libDaisy//build/libdaisy.a(logger.o) (daisy::UsbHandle::Init(daisy::UsbHandle::UsbPeriph))
../../libDaisy//build/libdaisy.a(gpio.o)
                              build/test.o (daisy::GPIO::Init(daisy::Pin, daisy::GPIO::Mode, daisy::GPIO::Pull, daisy::GPIO::Speed))
../../libDaisy//build/libdaisy.a(i2c.o)
                              ../../libDaisy//build/libdaisy.a(daisy_seed.o) (daisy::I2CHandle::Init(daisy::I2CHandle::Config const&))
../../libDaisy//build/libdaisy.a(qspi.o)
                              ../../libDaisy//build/libdaisy.a(daisy_seed.o) (daisy::QSPIHandle::Init(daisy::QSPIHandle::Config const&))
../../libDaisy//build/libdaisy.a(sai.o)
                              ../../libDaisy//build/libdaisy.a(daisy_seed.o) (daisy::SaiHandle::Init(daisy::SaiHandle::Config const&))
../../libDaisy//build/libdaisy.a(system.o)
                              ../../libDaisy//build/libdaisy.a(daisy_seed.o) (daisy::System::DeInit())
../../libDaisy//build/libdaisy.a(system_stm32h7xx.o)
                              build/startup_stm32h750xx.o (SystemInit)
../../libDaisy//build/libdaisy.a(usbd_cdc_if.o)
                              ../../libDaisy//build/libdaisy.a(usb.o) (CDC_Transmit_FS)
../../libDaisy//build/libdaisy.a(usbd_conf.o)
                              ../../libDaisy//build/libdaisy.a(system.o) (hpcd_USB_OTG_HS)
../../libDaisy//build/libdaisy.a(usbd_desc.o)
                              ../../libDaisy//build/libdaisy.a(usb.o) (HS_Desc)
../../libDaisy//build/libdaisy.a(usbh_conf.o)
                              ../../libDaisy//build/libdaisy.a(system.o) (hhcd_USB_OTG_HS)
../../libDaisy//build/libdaisy.a(hal_map.o)
                              ../../libDaisy//build/libdaisy.a(gpio.o) (dsy_hal_map_get_port)
../../libDaisy//build/libdaisy.a(stm32h7xx_hal.o)
                              ../../libDaisy//build/libdaisy.a(system.o) (HAL_Init)
../../libDaisy//build/libdaisy.a(stm32h7xx_hal_cortex.o)
                              ../../libDaisy//build/libdaisy.a(stm32h7xx_hal.o) (HAL_NVIC_SetPriorityGrouping)
../../libDaisy//build/libdaisy.a(stm32h7xx_hal_dma.o)
                              ../../libDaisy//build/libdaisy.a(i2c.o) (HAL_DMA_Init)
../../libDaisy//build/libdaisy.a(stm32h7xx_hal_gpio.o)
                              ../../libDaisy//build/libdaisy.a(sdram.o) (HAL_GPIO_Init)
../../libDaisy//build/libdaisy.a(stm32h7xx_hal_hcd.o)
                              ../../libDaisy//build/libdaisy.a(usbh_conf.o) (HAL_HCD_HC_Init)
../../libDaisy//build/libdaisy.a(stm32h7xx_hal_i2c.o)
                              ../../libDaisy//build/libdaisy.a(i2c.o) (HAL_I2C_Init)
../../libDaisy//build/libdaisy.a(stm32h7xx_hal_i2c_ex.o)
                              ../../libDaisy//build/libdaisy.a(i2c.o) (HAL_I2CEx_ConfigAnalogFilter)
../../libDaisy//build/libdaisy.a(stm32h7xx_hal_pcd.o)
                              ../../libDaisy//build/libdaisy.a(usbd_conf.o) (HAL_PCD_Init)
../../libDaisy//build/libdaisy.a(stm32h7xx_hal_pcd_ex.o)
                              ../../libDaisy//build/libdaisy.a(usbd_conf.o) (HAL_PCDEx_SetTxFiFo)
../../libDaisy//build/libdaisy.a(stm32h7xx_hal_pwr_ex.o)
                              ../../libDaisy//build/libdaisy.a(system.o) (HAL_PWREx_ConfigSupply)
../../libDaisy//build/libdaisy.a(stm32h7xx_hal_qspi.o)
                              ../../libDaisy//build/libdaisy.a(qspi.o) (HAL_QSPI_Init)
../../libDaisy//build/libdaisy.a(stm32h7xx_hal_rcc.o)
                              ../../libDaisy//build/libdaisy.a(system.o) (HAL_RCC_OscConfig)
../../libDaisy//build/libdaisy.a(stm32h7xx_hal_rcc_ex.o)
                              ../../libDaisy//build/libdaisy.a(system.o) (HAL_RCCEx_PeriphCLKConfig)
../../libDaisy//build/libdaisy.a(stm32h7xx_hal_sai.o)
                              ../../libDaisy//build/libdaisy.a(sai.o) (HAL_SAI_InitProtocol)
../../libDaisy//build/libdaisy.a(stm32h7xx_hal_sdram.o)
[...]
Memory Configuration

Name             Origin             Length             Attributes
FLASH            0x0000000008000000 0x0000000000020000 xr
DTCMRAM          0x0000000020000000 0x0000000000020000 xrw
SRAM             0x0000000024000000 0x0000000000080000 xrw
RAM_D2           0x0000000030000000 0x0000000000048000 xrw
RAM_D3           0x0000000038000000 0x0000000000010000 xrw
ITCMRAM          0x0000000000000000 0x0000000000010000 xrw
SDRAM            0x00000000c0000000 0x0000000004000000 xrw
QSPIFLASH        0x0000000090000000 0x0000000000800000 xr
*default*        0x0000000000000000 0xffffffffffffffff

Linker script and memory map

LOAD /opt/homebrew/Cellar/arm-none-eabi-gcc/10.3-2021.07/gcc/bin/../lib/gcc/arm-none-eabi/10.3.1/thumb/v7e-m+dp/hard/crti.o
LOAD /opt/homebrew/Cellar/arm-none-eabi-gcc/10.3-2021.07/gcc/bin/../lib/gcc/arm-none-eabi/10.3.1/thumb/v7e-m+dp/hard/crtbegin.o
LOAD /opt/homebrew/Cellar/arm-none-eabi-gcc/10.3-2021.07/gcc/bin/../lib/gcc/arm-none-eabi/10.3.1/../../../../arm-none-eabi/lib/thumb/v7e-m+dp/hard/crt0.o
LOAD build/startup_stm32h750xx.o
LOAD build/test.o
LOAD ../../libDaisy//build/libdaisy.a
LOAD /opt/homebrew/Cellar/arm-none-eabi-gcc/10.3-2021.07/gcc/bin/../lib/gcc/arm-none-eabi/10.3.1/../../../../arm-none-eabi/lib/thumb/v7e-m+dp/hard/libnosys.a
LOAD ../../DaisySP//build/libdaisysp.a
LOAD /opt/homebrew/Cellar/arm-none-eabi-gcc/10.3-2021.07/gcc/bin/../lib/gcc/arm-none-eabi/10.3.1/../../../../arm-none-eabi/lib/thumb/v7e-m+dp/hard/libstdc++_nano.a
LOAD /opt/homebrew/Cellar/arm-none-eabi-gcc/10.3-2021.07/gcc/bin/../lib/gcc/arm-none-eabi/10.3.1/../../../../arm-none-eabi/lib/thumb/v7e-m+dp/hard/libm.a
LOAD /opt/homebrew/Cellar/arm-none-eabi-gcc/10.3-2021.07/gcc/bin/../lib/gcc/arm-none-eabi/10.3.1/../../../../arm-none-eabi/lib/thumb/v7e-m+dp/hard/libc_nano.a
START GROUP
LOAD /opt/homebrew/Cellar/arm-none-eabi-gcc/10.3-2021.07/gcc/bin/../lib/gcc/arm-none-eabi/10.3.1/thumb/v7e-m+dp/hard/libgcc.a
LOAD /opt/homebrew/Cellar/arm-none-eabi-gcc/10.3-2021.07/gcc/bin/../lib/gcc/arm-none-eabi/10.3.1/../../../../arm-none-eabi/lib/thumb/v7e-m+dp/hard/libc_nano.a
END GROUP
START GROUP
LOAD /opt/homebrew/Cellar/arm-none-eabi-gcc/10.3-2021.07/gcc/bin/../lib/gcc/arm-none-eabi/10.3.1/thumb/v7e-m+dp/hard/libgcc.a
LOAD /opt/homebrew/Cellar/arm-none-eabi-gcc/10.3-2021.07/gcc/bin/../lib/gcc/arm-none-eabi/10.3.1/../../../../arm-none-eabi/lib/thumb/v7e-m+dp/hard/libc_nano.a
LOAD /opt/homebrew/Cellar/arm-none-eabi-gcc/10.3-2021.07/gcc/bin/../lib/gcc/arm-none-eabi/10.3.1/../../../../arm-none-eabi/lib/thumb/v7e-m+dp/hard/libnosys.a
END GROUP
START GROUP
LOAD /opt/homebrew/Cellar/arm-none-eabi-gcc/10.3-2021.07/gcc/bin/../lib/gcc/arm-none-eabi/10.3.1/thumb/v7e-m+dp/hard/libgcc.a
LOAD /opt/homebrew/Cellar/arm-none-eabi-gcc/10.3-2021.07/gcc/bin/../lib/gcc/arm-none-eabi/10.3.1/../../../../arm-none-eabi/lib/thumb/v7e-m+dp/hard/libc_nano.a
LOAD /opt/homebrew/Cellar/arm-none-eabi-gcc/10.3-2021.07/gcc/bin/../lib/gcc/arm-none-eabi/10.3.1/../../../../arm-none-eabi/lib/thumb/v7e-m+dp/hard/libnosys.a
END GROUP
LOAD /opt/homebrew/Cellar/arm-none-eabi-gcc/10.3-2021.07/gcc/bin/../lib/gcc/arm-none-eabi/10.3.1/thumb/v7e-m+dp/hard/crtend.o
LOAD /opt/homebrew/Cellar/arm-none-eabi-gcc/10.3-2021.07/gcc/bin/../lib/gcc/arm-none-eabi/10.3.1/thumb/v7e-m+dp/hard/crtn.o
                0x0000000020020000                _estack = 0x20020000

.isr_vector     0x0000000008000000      0x298
                0x0000000008000000                . = ALIGN (0x4)
 *(.isr_vector)
 .isr_vector    0x0000000008000000      0x298 build/startup_stm32h750xx.o
                0x0000000008000000                g_pfnVectors
                0x0000000008000298                . = ALIGN (0x4)

.text           0x00000000080002a0    0x10f9c
                0x00000000080002a0                . = ALIGN (0x4)
                0x00000000080002a0                _stext = .
 *(.text)
 .text          0x00000000080002a0       0x40 /opt/homebrew/Cellar/arm-none-eabi-gcc/10.3-2021.07/gcc/bin/../lib/gcc/arm-none-eabi/10.3.1/thumb/v7e-m+dp/hard/crtbegin.o
 .text          0x00000000080002e0       0xa0 /opt/homebrew/Cellar/arm-none-eabi-gcc/10.3-2021.07/gcc/bin/../lib/gcc/arm-none-eabi/10.3.1/../../../../arm-none-eabi/lib/thumb/v7e-m+dp/hard/libc_nano.a(lib_a-memchr.o)
                0x00000000080002e0                memchr
 .text          0x0000000008000380       0x30 /opt/homebrew/Cellar/arm-none-eabi-gcc/10.3-2021.07/gcc/bin/../lib/gcc/arm-none-eabi/10.3.1/thumb/v7e-m+dp/hard/libgcc.a(_aeabi_uldivmod.o)
                0x0000000008000380                __aeabi_uldivmod
 .text          0x00000000080003b0      0x2d0 /opt/homebrew/Cellar/arm-none-eabi-gcc/10.3-2021.07/gcc/bin/../lib/gcc/arm-none-eabi/10.3.1/thumb/v7e-m+dp/hard/libgcc.a(_udivmoddi4.o)
                0x00000000080003b0                __udivmoddi4
 .text          0x0000000008000680        0x4 /opt/homebrew/Cellar/arm-none-eabi-gcc/10.3-2021.07/gcc/bin/../lib/gcc/arm-none-eabi/10.3.1/thumb/v7e-m+dp/hard/libgcc.a(_dvmd_tls.o)
                0x0000000008000680                __aeabi_ldiv0
                0x0000000008000680                __aeabi_idiv0
 *(.text*)
 .text.Default_Handler
                0x0000000008000684        0x4 build/startup_stm32h750xx.o
                0x0000000008000684                SAI1_IRQHandler
                0x0000000008000684                HASH_RNG_IRQHandler
                0x0000000008000684                EXTI2_IRQHandler
                0x0000000008000684                TIM8_CC_IRQHandler
                0x0000000008000684                HRTIM1_Master_IRQHandler
                0x0000000008000684                DebugMon_Handler
                0x0000000008000684                TIM1_CC_IRQHandler
                0x0000000008000684                BDMA_Channel6_IRQHandler
                0x0000000008000684                DMA2_Stream5_IRQHandler
                0x0000000008000684                HRTIM1_FLT_IRQHandler
                0x0000000008000684                JPEG_IRQHandler
                0x0000000008000684                BDMA_Channel1_IRQHandler
                0x0000000008000684                HRTIM1_TIMD_IRQHandler
                0x0000000008000684                TAMP_STAMP_IRQHandler
                0x0000000008000684                PendSV_Handler
                0x0000000008000684                NMI_Handler
                0x0000000008000684                EXTI3_IRQHandler
                0x0000000008000684                LPTIM4_IRQHandler
                0x0000000008000684                TIM8_TRG_COM_TIM14_IRQHandler
                0x0000000008000684                LPTIM2_IRQHandler
                0x0000000008000684                DFSDM1_FLT1_IRQHandler
                0x0000000008000684                DMAMUX2_OVR_IRQHandler
                0x0000000008000684                TIM8_UP_TIM13_IRQHandler
                0x0000000008000684                I2C3_ER_IRQHandler
                0x0000000008000684                DFSDM1_FLT2_IRQHandler
                0x0000000008000684                MDMA_IRQHandler
                0x0000000008000684                LPTIM3_IRQHandler
                0x0000000008000684                HSEM1_IRQHandler
                0x0000000008000684                EXTI0_IRQHandler
                0x0000000008000684                DMA1_Stream2_IRQHandler
                0x0000000008000684                FPU_IRQHandler
                0x0000000008000684                OTG_HS_WKUP_IRQHandler
                0x0000000008000684                FDCAN1_IT1_IRQHandler
                0x0000000008000684                UsageFault_Handler
                0x0000000008000684                LTDC_ER_IRQHandler
                0x0000000008000684                HRTIM1_TIME_IRQHandler
                0x0000000008000684                TIM6_DAC_IRQHandler
                0x0000000008000684                DCMI_IRQHandler
                0x0000000008000684                HRTIM1_TIMC_IRQHandler
                0x0000000008000684                SAI2_IRQHandler
                0x0000000008000684                DFSDM1_FLT3_IRQHandler
                0x0000000008000684                TIM17_IRQHandler
                0x0000000008000684                CRYP_IRQHandler
                0x0000000008000684                BDMA_Channel7_IRQHandler
                0x0000000008000684                LPTIM5_IRQHandler
                0x0000000008000684                ADC3_IRQHandler
                0x0000000008000684                DMA2_Stream0_IRQHandler
                0x0000000008000684                BDMA_Channel2_IRQHandler
                0x0000000008000684                DMAMUX1_OVR_IRQHandler
                0x0000000008000684                TIM16_IRQHandler
                0x0000000008000684                BDMA_Channel5_IRQHandler
                0x0000000008000684                RCC_IRQHandler
                0x0000000008000684                TIM8_BRK_TIM12_IRQHandler
                0x0000000008000684                TIM1_TRG_COM_IRQHandler
                0x0000000008000684                Default_Handler
                0x0000000008000684                ECC_IRQHandler
                0x0000000008000684                CEC_IRQHandler
                0x0000000008000684                EXTI15_10_IRQHandler
                0x0000000008000684                BDMA_Channel0_IRQHandler
                0x0000000008000684                ADC_IRQHandler
                0x0000000008000684                DMA1_Stream7_IRQHandler
                0x0000000008000684                HRTIM1_TIMA_IRQHandler
                0x0000000008000684                TIM7_IRQHandler
                0x0000000008000684                SDMMC1_IRQHandler
                0x0000000008000684                DMA2_Stream7_IRQHandler
                0x0000000008000684                TIM15_IRQHandler
                0x0000000008000684                PVD_AVD_IRQHandler
                0x0000000008000684                EXTI9_5_IRQHandler
                0x0000000008000684                RTC_WKUP_IRQHandler
                0x0000000008000684                LTDC_IRQHandler
                0x0000000008000684                SAI3_IRQHandler
                0x0000000008000684                ETH_WKUP_IRQHandler
                0x0000000008000684                SPDIF_RX_IRQHandler
                0x0000000008000684                MemManage_Handler
                0x0000000008000684                SVC_Handler
                0x0000000008000684                CRS_IRQHandler
                0x0000000008000684                EXTI4_IRQHandler
                0x0000000008000684                HRTIM1_TIMB_IRQHandler
                0x0000000008000684                FDCAN2_IT1_IRQHandler
                0x0000000008000684                ETH_IRQHandler
                0x0000000008000684                TIM1_UP_IRQHandler
                0x0000000008000684                BDMA_Channel4_IRQHandler
                0x0000000008000684                WWDG_IRQHandler
                0x0000000008000684                SPI6_IRQHandler
                0x0000000008000684                I2C4_EV_IRQHandler
                0x0000000008000684                MDIOS_IRQHandler
                0x0000000008000684                FDCAN2_IT0_IRQHandler
                0x0000000008000684                FDCAN1_IT0_IRQHandler
                0x0000000008000684                OTG_FS_WKUP_IRQHandler
                0x0000000008000684                DMA2D_IRQHandler
                0x0000000008000684                TIM1_BRK_IRQHandler
                0x0000000008000684                EXTI1_IRQHandler
                0x0000000008000684                SDMMC2_IRQHandler
                0x0000000008000684                BDMA_Channel3_IRQHandler
                0x0000000008000684                MDIOS_WKUP_IRQHandler
                0x0000000008000684                DFSDM1_FLT0_IRQHandler
                0x0000000008000684                SAI4_IRQHandler
                0x0000000008000684                I2C2_ER_IRQHandler
                0x0000000008000684                DMA2_Stream1_IRQHandler
                0x0000000008000684                FLASH_IRQHandler
                0x0000000008000684                BusFault_Handler
                0x0000000008000684                WAKEUP_PIN_IRQHandler
                0x0000000008000684                I2C1_ER_IRQHandler
                0x0000000008000684                FMC_IRQHandler
                0x0000000008000684                FDCAN_CAL_IRQHandler
                0x0000000008000684                SWPMI1_IRQHandler
                0x0000000008000684                COMP1_IRQHandler
                0x0000000008000684                LPTIM1_IRQHandler
                0x0000000008000684                I2C4_ER_IRQHandler
                0x0000000008000684                DMA2_Stream6_IRQHandler
                0x0000000008000684                RTC_Alarm_IRQHandler
 .text.Reset_Handler
                0x0000000008000688       0x44 build/startup_stm32h750xx.o
                0x0000000008000688                Reset_Handler
 .text._ZN5daisy9DaisySeedD2Ev
                0x00000000080006cc        0x4 build/test.o
                0x00000000080006cc                daisy::DaisySeed::~DaisySeed()
                0x00000000080006cc                daisy::DaisySeed::~DaisySeed()
 .text._Z6getKeyv
                0x00000000080006d0      0x10c build/test.o
                0x00000000080006d0                getKey()
 .text.startup.main
                0x00000000080007dc      0x198 build/test.o
                0x00000000080007dc                main
 .text.startup._GLOBAL__sub_I_hw
                0x0000000008000974       0x20 build/test.o
 .text._ZN5daisy9DaisySeed14ConfigureAudioEv
                0x0000000008000994       0xd0 ../../libDaisy//build/libdaisy.a(daisy_seed.o)
                0x0000000008000994                daisy::DaisySeed::ConfigureAudio()
 .text._ZN5daisy9DaisySeed4InitEb
                0x0000000008000a64       0xf0 ../../libDaisy//build/libdaisy.a(daisy_seed.o)
                0x0000000008000a64                daisy::DaisySeed::Init(bool)
 .text._ZN5daisy6Ak45564InitE12dsy_gpio_pin
                0x0000000008000b54       0x44 ../../libDaisy//build/libdaisy.a(codec_ak4556.o)
                0x0000000008000b54                daisy::Ak4556::Init(dsy_gpio_pin)
 .text._ZN5daisy6Wm873120WriteControlRegisterEht
                0x0000000008000b98       0x3c ../../libDaisy//build/libdaisy.a(codec_wm8731.o)
                0x0000000008000b98                daisy::Wm8731::WriteControlRegister(unsigned char, unsigned short)
 .text._ZN5daisy6Wm87314InitERKNS0_6ConfigENS_9I2CHandleE
                0x0000000008000bd4      0x1bc ../../libDaisy//build/libdaisy.a(codec_wm8731.o)
                0x0000000008000bd4                daisy::Wm8731::Init(daisy::Wm8731::Config const&, daisy::I2CHandle)
 .text._ZN11SdramHandle10DeviceInitEv
                0x0000000008000d90       0x98 ../../libDaisy//build/libdaisy.a(sdram.o)
                0x0000000008000d90                SdramHandle::DeviceInit()
 .text._ZN11SdramHandle4InitEv
                0x0000000008000e28       0x7c ../../libDaisy//build/libdaisy.a(sdram.o)
                0x0000000008000e28                SdramHandle::Init()
 .text.HAL_SDRAM_MspInit
                0x0000000008000ea4      0x1a8 ../../libDaisy//build/libdaisy.a(sdram.o)
                0x0000000008000ea4                HAL_SDRAM_MspInit
 .text._ZN5daisy11AudioHandle4InitERKNS0_6ConfigENS_9SaiHandleE
                0x000000000800104c       0x70 ../../libDaisy//build/libdaisy.a(audio.o)
                0x000000000800104c                daisy::AudioHandle::Init(daisy::AudioHandle::Config const&, daisy::SaiHandle)
 .text._ZNK5daisy11AudioHandle9GetConfigEv
                0x00000000080010bc        0x8 ../../libDaisy//build/libdaisy.a(audio.o)
                0x00000000080010bc                daisy::AudioHandle::GetConfig() const
 .text._ZN5daisy11AudioHandle13GetSampleRateEv
                0x00000000080010c4        0x8 ../../libDaisy//build/libdaisy.a(audio.o)
                0x00000000080010c4                daisy::AudioHandle::GetSampleRate()
 .text.startup._GLOBAL__sub_I__ZN5daisy11AudioHandle4Impl4InitENS0_6ConfigENS_9SaiHandleE
                0x00000000080010cc       0x24 ../../libDaisy//build/libdaisy.a(audio.o)
 .text._ZN5daisy9UsbHandleD2Ev
                0x00000000080010f0        0x4 ../../libDaisy//build/libdaisy.a(logger.o)
                0x00000000080010f0                daisy::UsbHandle::~UsbHandle()
                0x00000000080010f0                daisy::UsbHandle::~UsbHandle()
 .text._ZN5daisy6LoggerILNS_17LoggerDestinationE1EE11TransmitBufEv
                0x00000000080010f4       0x60 ../../libDaisy//build/libdaisy.a(logger.o)
                0x00000000080010f4                daisy::Logger<(daisy::LoggerDestination)1>::TransmitBuf()
 .text._ZN5daisy6LoggerILNS_17LoggerDestinationE1EE13AppendNewLineEv
                0x0000000008001154       0x60 ../../libDaisy//build/libdaisy.a(logger.o)
                0x0000000008001154                daisy::Logger<(daisy::LoggerDestination)1>::AppendNewLine()
 .text._ZN5daisy6LoggerILNS_17LoggerDestinationE1EE10PrintLineVEPKcSt9__va_list
                0x00000000080011b4       0x30 ../../libDaisy//build/libdaisy.a(logger.o)
                0x00000000080011b4                daisy::Logger<(daisy::LoggerDestination)1>::PrintLineV(char const*, std::__va_list)
 .text._ZN5daisy6LoggerILNS_17LoggerDestinationE1EE9PrintLineEPKcz
                0x00000000080011e4       0x1c ../../libDaisy//build/libdaisy.a(logger.o)
                0x00000000080011e4                daisy::Logger<(daisy::LoggerDestination)1>::PrintLine(char const*, ...)
 .text._ZN5daisy6LoggerILNS_17LoggerDestinationE1EE8StartLogEb
                0x0000000008001200       0x40 ../../libDaisy//build/libdaisy.a(logger.o)
                0x0000000008001200                daisy::Logger<(daisy::LoggerDestination)1>::StartLog(bool)
 .text.startup._GLOBAL__sub_I__ZN5daisy10LoggerImplILNS_17LoggerDestinationE1EE11usb_handle_E
                0x0000000008001240       0x2c ../../libDaisy//build/libdaisy.a(logger.o)
 .text.DummyRxCallback
                0x000000000800126c        0x4 ../../libDaisy//build/libdaisy.a(usb.o)
                0x000000000800126c                DummyRxCallback
 .text._ZN5daisy9UsbHandle4InitENS0_9UsbPeriphE
                0x0000000008001270      0x10c ../../libDaisy//build/libdaisy.a(usb.o)
                0x0000000008001270                daisy::UsbHandle::Init(daisy::UsbHandle::UsbPeriph)
 .text._ZN5daisy9UsbHandle16TransmitInternalEPhj
                0x000000000800137c       0x14 ../../libDaisy//build/libdaisy.a(usb.o)
                0x000000000800137c                daisy::UsbHandle::TransmitInternal(unsigned char*, unsigned int)
 .text.OTG_FS_EP1_OUT_IRQHandler
                0x0000000008001390        0xc ../../libDaisy//build/libdaisy.a(usb.o)
                0x0000000008001390                OTG_FS_EP1_OUT_IRQHandler
 .text.OTG_FS_EP1_IN_IRQHandler
                0x000000000800139c        0xc ../../libDaisy//build/libdaisy.a(usb.o)
                0x000000000800139c                OTG_FS_EP1_IN_IRQHandler
 .text.OTG_FS_IRQHandler
                0x00000000080013a8        0xc ../../libDaisy//build/libdaisy.a(usb.o)
                0x00000000080013a8                OTG_FS_IRQHandler
 .text._ZN5daisy4GPIO4InitENS_3PinENS0_4ModeENS0_4PullENS0_5SpeedE
                0x00000000080013b4      0x1cc ../../libDaisy//build/libdaisy.a(gpio.o)
                0x00000000080013b4                daisy::GPIO::Init(daisy::Pin, daisy::GPIO::Mode, daisy::GPIO::Pull, daisy::GPIO::Speed)
 .text._ZN5daisy4GPIO4ReadEv
                0x0000000008001580       0x18 ../../libDaisy//build/libdaisy.a(gpio.o)
                0x0000000008001580                daisy::GPIO::Read()
 .text._ZN5daisy4GPIO5WriteEb
                0x0000000008001598       0x14 ../../libDaisy//build/libdaisy.a(gpio.o)
                0x0000000008001598                daisy::GPIO::Write(bool)
 .text.dsy_gpio_init
                0x00000000080015ac      0x1b8 ../../libDaisy//build/libdaisy.a(gpio.o)
                0x00000000080015ac                dsy_gpio_init
 .text.dsy_gpio_read
                0x0000000008001764       0x1c ../../libDaisy//build/libdaisy.a(gpio.o)
                0x0000000008001764                dsy_gpio_read
 .text.dsy_gpio_write
                0x0000000008001780       0x24 ../../libDaisy//build/libdaisy.a(gpio.o)
                0x0000000008001780                dsy_gpio_write
 .text._ZN5daisy9I2CHandle4Impl8InitPinsEv
                0x00000000080017a4       0x58 ../../libDaisy//build/libdaisy.a(i2c.o)
                0x00000000080017a4                daisy::I2CHandle::Impl::InitPins()
 .text.HAL_I2C_MspInit
                0x00000000080017fc      0x1b4 ../../libDaisy//build/libdaisy.a(i2c.o)
                0x00000000080017fc                HAL_I2C_MspInit
 .text.dsy_i2c_global_init
                0x00000000080019b0       0x78 ../../libDaisy//build/libdaisy.a(i2c.o)
                0x00000000080019b0                dsy_i2c_global_init
 .text.DMA1_Stream6_IRQHandler
                0x0000000008001a28       0x34 ../../libDaisy//build/libdaisy.a(i2c.o)
                0x0000000008001a28                DMA1_Stream6_IRQHandler
 .text.I2C1_EV_IRQHandler
                0x0000000008001a5c        0xc ../../libDaisy//build/libdaisy.a(i2c.o)
                0x0000000008001a5c                I2C1_EV_IRQHandler
 .text.I2C2_EV_IRQHandler
                0x0000000008001a68        0xc ../../libDaisy//build/libdaisy.a(i2c.o)
                0x0000000008001a68                I2C2_EV_IRQHandler
 .text.I2C3_EV_IRQHandler
                0x0000000008001a74        0xc ../../libDaisy//build/libdaisy.a(i2c.o)
                0x0000000008001a74                I2C3_EV_IRQHandler
 .text._ZN5daisy9I2CHandle4InitERKNS0_6ConfigE
                0x0000000008001a80      0x12c ../../libDaisy//build/libdaisy.a(i2c.o)
                0x0000000008001a80                daisy::I2CHandle::Init(daisy::I2CHandle::Config const&)
 .text._ZN5daisy9I2CHandle16TransmitBlockingEtPhtm
                0x0000000008001bac       0x50 ../../libDaisy//build/libdaisy.a(i2c.o)
                0x0000000008001bac                daisy::I2CHandle::TransmitBlocking(unsigned short, unsigned char*, unsigned short, unsigned long)
 .text.startup._GLOBAL__sub_I__ZN5daisy9I2CHandle4Impl10GlobalInitEv
                0x0000000008001bfc       0x18 ../../libDaisy//build/libdaisy.a(i2c.o)
 .text._ZN5daisy10QSPIHandle4Impl11WriteEnableEv
                0x0000000008001c14       0x8c ../../libDaisy//build/libdaisy.a(qspi.o)
                0x0000000008001c14                daisy::QSPIHandle::Impl::WriteEnable()
 .text._ZN5daisy10QSPIHandle4Impl17DummyCyclesConfigENS0_6Config6DeviceE
                0x0000000008001ca0      0x118 ../../libDaisy//build/libdaisy.a(qspi.o)
                0x0000000008001ca0                daisy::QSPIHandle::Impl::DummyCyclesConfig(daisy::QSPIHandle::Config::Device)
 .text._ZN5daisy10QSPIHandle4Impl10QuadEnableEv
                0x0000000008001db8      0x158 ../../libDaisy//build/libdaisy.a(qspi.o)
                0x0000000008001db8                daisy::QSPIHandle::Impl::QuadEnable()
 .text._ZN5daisy10QSPIHandle4InitERKNS0_6ConfigE
                0x0000000008001f10      0x198 ../../libDaisy//build/libdaisy.a(qspi.o)
                0x0000000008001f10                daisy::QSPIHandle::Init(daisy::QSPIHandle::Config const&)
 .text.HAL_QSPI_MspInit
                0x00000000080020a8      0x11c ../../libDaisy//build/libdaisy.a(qspi.o)
                0x00000000080020a8                HAL_QSPI_MspInit
 .text.HAL_QSPI_MspDeInit
                0x00000000080021c4       0x54 ../../libDaisy//build/libdaisy.a(qspi.o)
                0x00000000080021c4                HAL_QSPI_MspDeInit
 .text.QUADSPI_IRQHandler
                0x0000000008002218        0xc ../../libDaisy//build/libdaisy.a(qspi.o)
                0x0000000008002218                QUADSPI_IRQHandler
 .text.startup._GLOBAL__sub_I__ZN5daisy10QSPIHandle4Impl4InitERKNS0_6ConfigE
                0x0000000008002224       0x28 ../../libDaisy//build/libdaisy.a(qspi.o)
 .text._ZN5daisy9SaiHandle4Impl7InitDmaENS1_15PeripheralBlockE
                0x000000000800224c       0xa0 ../../libDaisy//build/libdaisy.a(sai.o)
                0x000000000800224c                daisy::SaiHandle::Impl::InitDma(daisy::SaiHandle::Impl::PeripheralBlock)
 .text._ZN5daisy9SaiHandle4Impl8InitPinsEv
                0x00000000080022ec       0xa8 ../../libDaisy//build/libdaisy.a(sai.o)
                0x00000000080022ec                daisy::SaiHandle::Impl::InitPins()
 .text.HAL_SAI_MspInit
                0x0000000008002394      0x164 ../../libDaisy//build/libdaisy.a(sai.o)
                0x0000000008002394                HAL_SAI_MspInit
 .text.DMA1_Stream0_IRQHandler
                0x00000000080024f8        0xc ../../libDaisy//build/libdaisy.a(sai.o)
                0x00000000080024f8                DMA1_Stream0_IRQHandler
 .text.DMA1_Stream1_IRQHandler
                0x0000000008002504        0xc ../../libDaisy//build/libdaisy.a(sai.o)
                0x0000000008002504                DMA1_Stream1_IRQHandler
 .text.DMA1_Stream3_IRQHandler
                0x0000000008002510        0xc ../../libDaisy//build/libdaisy.a(sai.o)
                0x0000000008002510                DMA1_Stream3_IRQHandler
 .text.DMA1_Stream4_IRQHandler
                0x000000000800251c        0xc ../../libDaisy//build/libdaisy.a(sai.o)
                0x000000000800251c                DMA1_Stream4_IRQHandler
 .text._ZN5daisy9SaiHandle4InitERKNS0_6ConfigE
                0x0000000008002528      0x1f0 ../../libDaisy//build/libdaisy.a(sai.o)
                0x0000000008002528                daisy::SaiHandle::Init(daisy::SaiHandle::Config const&)
 .text._ZNK5daisy9SaiHandle9GetConfigEv
                0x0000000008002718        0x4 ../../libDaisy//build/libdaisy.a(sai.o)
                0x0000000008002718                daisy::SaiHandle::GetConfig() const
 .text._ZN5daisy9SaiHandle13GetSampleRateEv
                0x000000000800271c       0x24 ../../libDaisy//build/libdaisy.a(sai.o)
                0x000000000800271c                daisy::SaiHandle::GetSampleRate()
 .text._ZN5daisy11TimerHandleD2Ev
                0x0000000008002740        0x4 ../../libDaisy//build/libdaisy.a(system.o)
                0x0000000008002740                daisy::TimerHandle::~TimerHandle()
                0x0000000008002740                daisy::TimerHandle::~TimerHandle()
 .text.SysTick_Handler
                0x0000000008002744       0x10 ../../libDaisy//build/libdaisy.a(system.o)
                0x0000000008002744                SysTick_Handler
 .text.OTG_HS_EP1_OUT_IRQHandler
                0x0000000008002754       0x24 ../../libDaisy//build/libdaisy.a(system.o)
                0x0000000008002754                OTG_HS_EP1_OUT_IRQHandler
 .text.OTG_HS_EP1_IN_IRQHandler
                0x0000000008002778       0x24 ../../libDaisy//build/libdaisy.a(system.o)
                0x0000000008002778                OTG_HS_EP1_IN_IRQHandler
 .text.OTG_HS_IRQHandler
                0x000000000800279c       0x24 ../../libDaisy//build/libdaisy.a(system.o)
                0x000000000800279c                OTG_HS_IRQHandler
 .text.HardFault_Handler
                0x00000000080027c0       0xe0 ../../libDaisy//build/libdaisy.a(system.o)
                0x00000000080027c0                HardFault_Handler
 .text._ZN5daisy6System5DelayEm
                0x00000000080028a0        0x4 ../../libDaisy//build/libdaisy.a(system.o)
                0x00000000080028a0                daisy::System::Delay(unsigned long)
 .text._ZN5daisy6System15ConfigureClocksEv
                0x00000000080028a4      0x194 ../../libDaisy//build/libdaisy.a(system.o)
                0x00000000080028a4                daisy::System::ConfigureClocks()
 .text._ZN5daisy6System4InitERKNS0_6ConfigE
                0x0000000008002a38      0x140 ../../libDaisy//build/libdaisy.a(system.o)
                0x0000000008002a38                daisy::System::Init(daisy::System::Config const&)
 .text._ZN5daisy6System12GetPClk1FreqEv
                0x0000000008002b78        0x4 ../../libDaisy//build/libdaisy.a(system.o)
                0x0000000008002b78                daisy::System::GetPClk1Freq()
 .text._ZN5daisy6System22GetProgramMemoryRegionEv
                0x0000000008002b7c       0x78 ../../libDaisy//build/libdaisy.a(system.o)
                0x0000000008002b7c                daisy::System::GetProgramMemoryRegion()
 .text.startup._GLOBAL__sub_I_SysTick_Handler
                0x0000000008002bf4       0x1c ../../libDaisy//build/libdaisy.a(system.o)
 .text.SystemInit
                0x0000000008002c10       0x9c ../../libDaisy//build/libdaisy.a(system_stm32h7xx.o)
                0x0000000008002c10                SystemInit
 .text.dummy_rx_callback
                0x0000000008002cac        0x4 ../../libDaisy//build/libdaisy.a(usbd_cdc_if.o)
                0x0000000008002cac                dummy_rx_callback
 .text.CDC_DeInit_FS
                0x0000000008002cb0        0x4 ../../libDaisy//build/libdaisy.a(usbd_cdc_if.o)
 .text.CDC_Receive_FS
                0x0000000008002cb4       0x2c ../../libDaisy//build/libdaisy.a(usbd_cdc_if.o)
 .text.CDC_Receive_HS
                0x0000000008002ce0       0x2c ../../libDaisy//build/libdaisy.a(usbd_cdc_if.o)
 .text.CDC_Init_FS
                0x0000000008002d0c       0x3c ../../libDaisy//build/libdaisy.a(usbd_cdc_if.o)
 .text.CDC_Init_HS
                0x0000000008002d48       0x3c ../../libDaisy//build/libdaisy.a(usbd_cdc_if.o)
 .text.CDC_Control_FS
                0x0000000008002d84       0x34 ../../libDaisy//build/libdaisy.a(usbd_cdc_if.o)
 .text.CDC_Control_HS
                0x0000000008002db8       0x34 ../../libDaisy//build/libdaisy.a(usbd_cdc_if.o)
 .text.CDC_DeInit_HS
                0x0000000008002dec        0x4 ../../libDaisy//build/libdaisy.a(usbd_cdc_if.o)
 .text.CDC_Transmit_FS
                0x0000000008002df0       0x2c ../../libDaisy//build/libdaisy.a(usbd_cdc_if.o)
                0x0000000008002df0                CDC_Transmit_FS
 .text.HAL_PCD_MspInit
                0x0000000008002e1c      0x144 ../../libDaisy//build/libdaisy.a(usbd_conf.o)
                0x0000000008002e1c                HAL_PCD_MspInit
 .text.HAL_PCD_SetupStageCallback
                0x0000000008002f60        0xc ../../libDaisy//build/libdaisy.a(usbd_conf.o)
                0x0000000008002f60                HAL_PCD_SetupStageCallback
 .text.HAL_PCD_DataOutStageCallback
                0x0000000008002f6c       0x14 ../../libDaisy//build/libdaisy.a(usbd_conf.o)
                0x0000000008002f6c                HAL_PCD_DataOutStageCallback
 .text.HAL_PCD_DataInStageCallback
                0x0000000008002f80       0x14 ../../libDaisy//build/libdaisy.a(usbd_conf.o)
                0x0000000008002f80                HAL_PCD_DataInStageCallback
 .text.HAL_PCD_SOFCallback
                0x0000000008002f94        0x8 ../../libDaisy//build/libdaisy.a(usbd_conf.o)
                0x0000000008002f94                HAL_PCD_SOFCallback
 .text.HAL_PCD_ResetCallback
                0x0000000008002f9c       0x24 ../../libDaisy//build/libdaisy.a(usbd_conf.o)
                0x0000000008002f9c                HAL_PCD_ResetCallback
 .text.HAL_PCD_SuspendCallback
                0x0000000008002fc0       0x30 ../../libDaisy//build/libdaisy.a(usbd_conf.o)
                0x0000000008002fc0                HAL_PCD_SuspendCallback
 .text.HAL_PCD_ResumeCallback
                0x0000000008002ff0        0x8 ../../libDaisy//build/libdaisy.a(usbd_conf.o)
                0x0000000008002ff0                HAL_PCD_ResumeCallback
 .text.HAL_PCD_ISOOUTIncompleteCallback
                0x0000000008002ff8        0x8 ../../libDaisy//build/libdaisy.a(usbd_conf.o)
                0x0000000008002ff8                HAL_PCD_ISOOUTIncompleteCallback
 .text.HAL_PCD_ISOINIncompleteCallback
                0x0000000008003000        0x8 ../../libDaisy//build/libdaisy.a(usbd_conf.o)
                0x0000000008003000                HAL_PCD_ISOINIncompleteCallback
 .text.HAL_PCD_ConnectCallback
                0x0000000008003008        0x8 ../../libDaisy//build/libdaisy.a(usbd_conf.o)
                0x0000000008003008                HAL_PCD_ConnectCallback
 .text.HAL_PCD_DisconnectCallback
                0x0000000008003010        0x8 ../../libDaisy//build/libdaisy.a(usbd_conf.o)
                0x0000000008003010                HAL_PCD_DisconnectCallback
 .text.USBD_LL_Init
                0x0000000008003018       0xe4 ../../libDaisy//build/libdaisy.a(usbd_conf.o)
                0x0000000008003018                USBD_LL_Init
 .text.USBD_LL_Start
                0x00000000080030fc       0x1c ../../libDaisy//build/libdaisy.a(usbd_conf.o)
                0x00000000080030fc                USBD_LL_Start
 .text.USBD_LL_OpenEP
                0x0000000008003118       0x24 ../../libDaisy//build/libdaisy.a(usbd_conf.o)
                0x0000000008003118                USBD_LL_OpenEP
 .text.USBD_LL_CloseEP
                0x000000000800313c       0x1c ../../libDaisy//build/libdaisy.a(usbd_conf.o)
                0x000000000800313c                USBD_LL_CloseEP
 .text.USBD_LL_StallEP
                0x0000000008003158       0x1c ../../libDaisy//build/libdaisy.a(usbd_conf.o)
                0x0000000008003158                USBD_LL_StallEP
 .text.USBD_LL_ClearStallEP
                0x0000000008003174       0x1c ../../libDaisy//build/libdaisy.a(usbd_conf.o)
                0x0000000008003174                USBD_LL_ClearStallEP
 .text.USBD_LL_IsStallEP
                0x0000000008003190       0x28 ../../libDaisy//build/libdaisy.a(usbd_conf.o)
                0x0000000008003190                USBD_LL_IsStallEP
 .text.USBD_LL_SetUSBAddress
                0x00000000080031b8       0x1c ../../libDaisy//build/libdaisy.a(usbd_conf.o)
                0x00000000080031b8                USBD_LL_SetUSBAddress
 .text.USBD_LL_Transmit
                0x00000000080031d4       0x1c ../../libDaisy//build/libdaisy.a(usbd_conf.o)
                0x00000000080031d4                USBD_LL_Transmit
 .text.USBD_LL_PrepareReceive
                0x00000000080031f0       0x1c ../../libDaisy//build/libdaisy.a(usbd_conf.o)
                0x00000000080031f0                USBD_LL_PrepareReceive
 .text.USBD_LL_GetRxDataSize
                0x000000000800320c        0x8 ../../libDaisy//build/libdaisy.a(usbd_conf.o)
                0x000000000800320c                USBD_LL_GetRxDataSize
 .text.USBD_HS_DeviceDescriptor
                0x0000000008003214        0xc ../../libDaisy//build/libdaisy.a(usbd_desc.o)
                0x0000000008003214                USBD_HS_DeviceDescriptor
 .text.USBD_FS_DeviceDescriptor
                0x0000000008003220        0xc ../../libDaisy//build/libdaisy.a(usbd_desc.o)
                0x0000000008003220                USBD_FS_DeviceDescriptor
 .text.USBD_FS_LangIDStrDescriptor
                0x000000000800322c        0xc ../../libDaisy//build/libdaisy.a(usbd_desc.o)
                0x000000000800322c                USBD_FS_LangIDStrDescriptor
 .text.USBD_FS_ManufacturerStrDescriptor
                0x0000000008003238       0x1c ../../libDaisy//build/libdaisy.a(usbd_desc.o)
                0x0000000008003238                USBD_FS_ManufacturerStrDescriptor
 .text.USBD_HS_ProductStrDescriptor
                0x0000000008003254       0x1c ../../libDaisy//build/libdaisy.a(usbd_desc.o)
                0x0000000008003254                USBD_HS_ProductStrDescriptor
 .text.USBD_FS_ConfigStrDescriptor
                0x0000000008003270       0x1c ../../libDaisy//build/libdaisy.a(usbd_desc.o)
                0x0000000008003270                USBD_FS_ConfigStrDescriptor
 .text.USBD_FS_InterfaceStrDescriptor
                0x000000000800328c       0x1c ../../libDaisy//build/libdaisy.a(usbd_desc.o)
                0x000000000800328c                USBD_FS_InterfaceStrDescriptor
 .text.USBD_FS_ProductStrDescriptor
                0x00000000080032a8       0x1c ../../libDaisy//build/libdaisy.a(usbd_desc.o)
                0x00000000080032a8                USBD_FS_ProductStrDescriptor
 .text.USBD_HS_LangIDStrDescriptor
                0x00000000080032c4        0xc ../../libDaisy//build/libdaisy.a(usbd_desc.o)
                0x00000000080032c4                USBD_HS_LangIDStrDescriptor
 .text.USBD_HS_ManufacturerStrDescriptor
                0x00000000080032d0       0x1c ../../libDaisy//build/libdaisy.a(usbd_desc.o)
                0x00000000080032d0                USBD_HS_ManufacturerStrDescriptor
 .text.USBD_FS_SerialStrDescriptor
                0x00000000080032ec      0x124 ../../libDaisy//build/libdaisy.a(usbd_desc.o)
                0x00000000080032ec                USBD_FS_SerialStrDescriptor
 .text.USBD_HS_SerialStrDescriptor
                0x0000000008003410      0x124 ../../libDaisy//build/libdaisy.a(usbd_desc.o)
                0x0000000008003410                USBD_HS_SerialStrDescriptor
 .text.USBD_HS_InterfaceStrDescriptor
                0x0000000008003534       0x1c ../../libDaisy//build/libdaisy.a(usbd_desc.o)
                0x0000000008003534                USBD_HS_InterfaceStrDescriptor
 .text.USBD_HS_ConfigStrDescriptor
                0x0000000008003550       0x1c ../../libDaisy//build/libdaisy.a(usbd_desc.o)
                0x0000000008003550                USBD_HS_ConfigStrDescriptor
 .text.HAL_HCD_SOF_Callback
                0x000000000800356c        0x8 ../../libDaisy//build/libdaisy.a(usbh_conf.o)
                0x000000000800356c                HAL_HCD_SOF_Callback
 .text.HAL_HCD_Connect_Callback
                0x0000000008003574        0x8 ../../libDaisy//build/libdaisy.a(usbh_conf.o)
                0x0000000008003574                HAL_HCD_Connect_Callback
 .text.HAL_HCD_Disconnect_Callback
                0x000000000800357c        0x8 ../../libDaisy//build/libdaisy.a(usbh_conf.o)
                0x000000000800357c                HAL_HCD_Disconnect_Callback
 .text.HAL_HCD_HC_NotifyURBChange_Callback
                0x0000000008003584        0x4 ../../libDaisy//build/libdaisy.a(usbh_conf.o)
                0x0000000008003584                HAL_HCD_HC_NotifyURBChange_Callback
 .text.HAL_HCD_PortEnabled_Callback
                0x0000000008003588        0x8 ../../libDaisy//build/libdaisy.a(usbh_conf.o)
                0x0000000008003588                HAL_HCD_PortEnabled_Callback
 .text.HAL_HCD_PortDisabled_Callback
                0x0000000008003590        0x8 ../../libDaisy//build/libdaisy.a(usbh_conf.o)
                0x0000000008003590                HAL_HCD_PortDisabled_Callback
 .text.USBH_LL_Stop
                0x0000000008003598       0x1c ../../libDaisy//build/libdaisy.a(usbh_conf.o)
                0x0000000008003598                USBH_LL_Stop
 .text.dsy_hal_map_get_port
                0x00000000080035b4       0x10 ../../libDaisy//build/libdaisy.a(hal_map.o)
                0x00000000080035b4                dsy_hal_map_get_port
 .text.dsy_hal_map_get_pin
                0x00000000080035c4       0x10 ../../libDaisy//build/libdaisy.a(hal_map.o)
                0x00000000080035c4                dsy_hal_map_get_pin
 .text.dsy_hal_map_gpio_clk_enable
                0x00000000080035d4      0x150 ../../libDaisy//build/libdaisy.a(hal_map.o)
                0x00000000080035d4                dsy_hal_map_gpio_clk_enable
 .text.HAL_MspInit
                0x0000000008003724        0x4 ../../libDaisy//build/libdaisy.a(stm32h7xx_hal.o)
                0x0000000008003724                HAL_MspInit
 .text.HAL_InitTick
                0x0000000008003728       0x4c ../../libDaisy//build/libdaisy.a(stm32h7xx_hal.o)
                0x0000000008003728                HAL_InitTick
 .text.HAL_Init
                0x0000000008003774       0x60 ../../libDaisy//build/libdaisy.a(stm32h7xx_hal.o)
                0x0000000008003774                HAL_Init
 .text.HAL_IncTick
                0x00000000080037d4       0x18 ../../libDaisy//build/libdaisy.a(stm32h7xx_hal.o)
                0x00000000080037d4                HAL_IncTick
 .text.HAL_GetTick
                0x00000000080037ec        0xc ../../libDaisy//build/libdaisy.a(stm32h7xx_hal.o)
                0x00000000080037ec                HAL_GetTick
 .text.HAL_Delay
                0x00000000080037f8       0x24 ../../libDaisy//build/libdaisy.a(stm32h7xx_hal.o)
                0x00000000080037f8                HAL_Delay
 .text.HAL_GetREVID
                0x000000000800381c        0xc ../../libDaisy//build/libdaisy.a(stm32h7xx_hal.o)
                0x000000000800381c                HAL_GetREVID
 .text.HAL_NVIC_SetPriorityGrouping
                0x0000000008003828       0x24 ../../libDaisy//build/libdaisy.a(stm32h7xx_hal_cortex.o)
                0x0000000008003828                HAL_NVIC_SetPriorityGrouping
 .text.HAL_NVIC_SetPriority
                0x000000000800384c       0x7c ../../libDaisy//build/libdaisy.a(stm32h7xx_hal_cortex.o)
                0x000000000800384c                HAL_NVIC_SetPriority
 .text.HAL_NVIC_EnableIRQ
                0x00000000080038c8       0x1c ../../libDaisy//build/libdaisy.a(stm32h7xx_hal_cortex.o)
                0x00000000080038c8                HAL_NVIC_EnableIRQ
 .text.HAL_NVIC_DisableIRQ
                0x00000000080038e4       0x28 ../../libDaisy//build/libdaisy.a(stm32h7xx_hal_cortex.o)
                0x00000000080038e4                HAL_NVIC_DisableIRQ
 .text.HAL_SYSTICK_Config
                0x000000000800390c       0x2c ../../libDaisy//build/libdaisy.a(stm32h7xx_hal_cortex.o)
                0x000000000800390c                HAL_SYSTICK_Config
 .text.HAL_MPU_Disable
                0x0000000008003938       0x1c ../../libDaisy//build/libdaisy.a(stm32h7xx_hal_cortex.o)
                0x0000000008003938                HAL_MPU_Disable
 .text.HAL_MPU_Enable
                0x0000000008003954       0x20 ../../libDaisy//build/libdaisy.a(stm32h7xx_hal_cortex.o)
                0x0000000008003954                HAL_MPU_Enable
 .text.HAL_MPU_ConfigRegion
                0x0000000008003974       0x64 ../../libDaisy//build/libdaisy.a(stm32h7xx_hal_cortex.o)
                0x0000000008003974                HAL_MPU_ConfigRegion
 .text.HAL_SYSTICK_Callback
                0x00000000080039d8        0x4 ../../libDaisy//build/libdaisy.a(stm32h7xx_hal_cortex.o)
                0x00000000080039d8                HAL_SYSTICK_Callback
 .text.HAL_SYSTICK_IRQHandler
                0x00000000080039dc        0x8 ../../libDaisy//build/libdaisy.a(stm32h7xx_hal_cortex.o)
                0x00000000080039dc                HAL_SYSTICK_IRQHandler
 .text.DMA_CalcBaseAndBitshift
                0x00000000080039e4       0xf4 ../../libDaisy//build/libdaisy.a(stm32h7xx_hal_dma.o)
 .text.DMA_CalcDMAMUXChannelBaseAndMask
                0x0000000008003ad8       0xd8 ../../libDaisy//build/libdaisy.a(stm32h7xx_hal_dma.o)
 .text.HAL_DMA_Init
                0x0000000008003bb0      0x37c ../../libDaisy//build/libdaisy.a(stm32h7xx_hal_dma.o)
                0x0000000008003bb0                HAL_DMA_Init
 .text.HAL_DMA_Start_IT
                0x0000000008003f2c      0x240 ../../libDaisy//build/libdaisy.a(stm32h7xx_hal_dma.o)
                0x0000000008003f2c                HAL_DMA_Start_IT
 .text.HAL_DMA_Abort_IT
                0x000000000800416c      0x134 ../../libDaisy//build/libdaisy.a(stm32h7xx_hal_dma.o)
                0x000000000800416c                HAL_DMA_Abort_IT
 .text.HAL_DMA_IRQHandler
                0x00000000080042a0      0x6a0 ../../libDaisy//build/libdaisy.a(stm32h7xx_hal_dma.o)
                0x00000000080042a0                HAL_DMA_IRQHandler
 .text.HAL_DMA_GetError
                0x0000000008004940        0x4 ../../libDaisy//build/libdaisy.a(stm32h7xx_hal_dma.o)
                0x0000000008004940                HAL_DMA_GetError
 .text.HAL_GPIO_Init
                0x0000000008004944      0x280 ../../libDaisy//build/libdaisy.a(stm32h7xx_hal_gpio.o)
                0x0000000008004944                HAL_GPIO_Init
 .text.HAL_GPIO_DeInit
                0x0000000008004bc4      0x190 ../../libDaisy//build/libdaisy.a(stm32h7xx_hal_gpio.o)
                0x0000000008004bc4                HAL_GPIO_DeInit
 .text.HAL_GPIO_ReadPin
                0x0000000008004d54        0xc ../../libDaisy//build/libdaisy.a(stm32h7xx_hal_gpio.o)
                0x0000000008004d54                HAL_GPIO_ReadPin
 .text.HAL_GPIO_WritePin
                0x0000000008004d60        0x8 ../../libDaisy//build/libdaisy.a(stm32h7xx_hal_gpio.o)
                0x0000000008004d60                HAL_GPIO_WritePin
 .text.HAL_HCD_IRQHandler
                0x0000000008004d68      0x780 ../../libDaisy//build/libdaisy.a(stm32h7xx_hal_hcd.o)
                0x0000000008004d68                HAL_HCD_IRQHandler
 .text.HAL_HCD_Stop
                0x00000000080054e8       0x28 ../../libDaisy//build/libdaisy.a(stm32h7xx_hal_hcd.o)
                0x00000000080054e8                HAL_HCD_Stop
 .text.I2C_WaitOnTXISFlagUntilTimeout
                0x0000000008005510       0xb8 ../../libDaisy//build/libdaisy.a(stm32h7xx_hal_i2c.o)
 .text.I2C_WaitOnSTOPFlagUntilTimeout
                0x00000000080055c8       0xac ../../libDaisy//build/libdaisy.a(stm32h7xx_hal_i2c.o)
 .text.HAL_I2C_Init
                0x0000000008005674       0xac ../../libDaisy//build/libdaisy.a(stm32h7xx_hal_i2c.o)
                0x0000000008005674                HAL_I2C_Init
 .text.HAL_I2C_Master_Transmit
                0x0000000008005720      0x1a8 ../../libDaisy//build/libdaisy.a(stm32h7xx_hal_i2c.o)
                0x0000000008005720                HAL_I2C_Master_Transmit
 .text.HAL_I2C_Slave_Transmit
                0x00000000080058c8      0x1c8 ../../libDaisy//build/libdaisy.a(stm32h7xx_hal_i2c.o)
                0x00000000080058c8                HAL_I2C_Slave_Transmit
 .text.HAL_I2C_EV_IRQHandler
                0x0000000008005a90       0x10 ../../libDaisy//build/libdaisy.a(stm32h7xx_hal_i2c.o)
                0x0000000008005a90                HAL_I2C_EV_IRQHandler
 .text.HAL_I2C_GetState
                0x0000000008005aa0        0x8 ../../libDaisy//build/libdaisy.a(stm32h7xx_hal_i2c.o)
                0x0000000008005aa0                HAL_I2C_GetState
 .text.HAL_I2CEx_ConfigAnalogFilter
                0x0000000008005aa8       0x54 ../../libDaisy//build/libdaisy.a(stm32h7xx_hal_i2c_ex.o)
                0x0000000008005aa8                HAL_I2CEx_ConfigAnalogFilter
 .text.HAL_I2CEx_ConfigDigitalFilter
                0x0000000008005afc       0x58 ../../libDaisy//build/libdaisy.a(stm32h7xx_hal_i2c_ex.o)
                0x0000000008005afc                HAL_I2CEx_ConfigDigitalFilter
 .text.HAL_PCD_Init
                0x0000000008005b54      0x12c ../../libDaisy//build/libdaisy.a(stm32h7xx_hal_pcd.o)
                0x0000000008005b54                HAL_PCD_Init
 .text.HAL_PCD_Start
                0x0000000008005c80       0x44 ../../libDaisy//build/libdaisy.a(stm32h7xx_hal_pcd.o)
                0x0000000008005c80                HAL_PCD_Start
 .text.HAL_PCD_IRQHandler
                0x0000000008005cc4      0x69c ../../libDaisy//build/libdaisy.a(stm32h7xx_hal_pcd.o)
                0x0000000008005cc4                HAL_PCD_IRQHandler
 .text.HAL_PCD_SetAddress
                0x0000000008006360       0x2c ../../libDaisy//build/libdaisy.a(stm32h7xx_hal_pcd.o)
                0x0000000008006360                HAL_PCD_SetAddress
 .text.HAL_PCD_EP_Open
                0x000000000800638c       0x7c ../../libDaisy//build/libdaisy.a(stm32h7xx_hal_pcd.o)
                0x000000000800638c                HAL_PCD_EP_Open
 .text.HAL_PCD_EP_Close
                0x0000000008006408       0x6c ../../libDaisy//build/libdaisy.a(stm32h7xx_hal_pcd.o)
                0x0000000008006408                HAL_PCD_EP_Close
 .text.HAL_PCD_EP_Receive
                0x0000000008006474       0x50 ../../libDaisy//build/libdaisy.a(stm32h7xx_hal_pcd.o)
                0x0000000008006474                HAL_PCD_EP_Receive
 .text.HAL_PCD_EP_GetRxCount
                0x00000000080064c4       0x14 ../../libDaisy//build/libdaisy.a(stm32h7xx_hal_pcd.o)
                0x00000000080064c4                HAL_PCD_EP_GetRxCount
 .text.HAL_PCD_EP_Transmit
                0x00000000080064d8       0x50 ../../libDaisy//build/libdaisy.a(stm32h7xx_hal_pcd.o)
                0x00000000080064d8                HAL_PCD_EP_Transmit
 .text.HAL_PCD_EP_SetStall
                0x0000000008006528       0x88 ../../libDaisy//build/libdaisy.a(stm32h7xx_hal_pcd.o)
                0x0000000008006528                HAL_PCD_EP_SetStall
 .text.HAL_PCD_EP_ClrStall
                0x00000000080065b0       0x78 ../../libDaisy//build/libdaisy.a(stm32h7xx_hal_pcd.o)
                0x00000000080065b0                HAL_PCD_EP_ClrStall
 .text.HAL_PCDEx_SetTxFiFo
                0x0000000008006628       0x54 ../../libDaisy//build/libdaisy.a(stm32h7xx_hal_pcd_ex.o)
                0x0000000008006628                HAL_PCDEx_SetTxFiFo
 .text.HAL_PCDEx_SetRxFiFo
                0x000000000800667c        0xc ../../libDaisy//build/libdaisy.a(stm32h7xx_hal_pcd_ex.o)
                0x000000000800667c                HAL_PCDEx_SetRxFiFo
 .text.HAL_PCDEx_ActivateLPM
                0x0000000008006688       0x30 ../../libDaisy//build/libdaisy.a(stm32h7xx_hal_pcd_ex.o)
                0x0000000008006688                HAL_PCDEx_ActivateLPM
 .text.HAL_PCDEx_LPM_Callback
                0x00000000080066b8        0x4 ../../libDaisy//build/libdaisy.a(stm32h7xx_hal_pcd_ex.o)
                0x00000000080066b8                HAL_PCDEx_LPM_Callback
 .text.HAL_PWREx_ConfigSupply
                0x00000000080066bc       0x4c ../../libDaisy//build/libdaisy.a(stm32h7xx_hal_pwr_ex.o)
                0x00000000080066bc                HAL_PWREx_ConfigSupply
 .text.HAL_PWREx_EnableUSBVoltageDetector
                0x0000000008006708       0x10 ../../libDaisy//build/libdaisy.a(stm32h7xx_hal_pwr_ex.o)
                0x0000000008006708                HAL_PWREx_EnableUSBVoltageDetector
 .text.QSPI_Config
                0x0000000008006718      0x174 ../../libDaisy//build/libdaisy.a(stm32h7xx_hal_qspi.o)
 .text.HAL_QSPI_Init
                0x000000000800688c       0xd8 ../../libDaisy//build/libdaisy.a(stm32h7xx_hal_qspi.o)
                0x000000000800688c                HAL_QSPI_Init
 .text.HAL_QSPI_DeInit
                0x0000000008006964       0x3c ../../libDaisy//build/libdaisy.a(stm32h7xx_hal_qspi.o)
                0x0000000008006964                HAL_QSPI_DeInit
 .text.HAL_QSPI_Command
                0x00000000080069a0       0xd4 ../../libDaisy//build/libdaisy.a(stm32h7xx_hal_qspi.o)
                0x00000000080069a0                HAL_QSPI_Command
 .text.HAL_QSPI_Transmit
                0x0000000008006a74       0xfc ../../libDaisy//build/libdaisy.a(stm32h7xx_hal_qspi.o)
                0x0000000008006a74                HAL_QSPI_Transmit
 .text.HAL_QSPI_Receive
                0x0000000008006b70      0x108 ../../libDaisy//build/libdaisy.a(stm32h7xx_hal_qspi.o)
                0x0000000008006b70                HAL_QSPI_Receive
 .text.HAL_QSPI_AutoPolling
                0x0000000008006c78       0xf0 ../../libDaisy//build/libdaisy.a(stm32h7xx_hal_qspi.o)
                0x0000000008006c78                HAL_QSPI_AutoPolling
 .text.HAL_QSPI_MemoryMapped
                0x0000000008006d68       0xc0 ../../libDaisy//build/libdaisy.a(stm32h7xx_hal_qspi.o)
                0x0000000008006d68                HAL_QSPI_MemoryMapped
 .text.HAL_QSPI_ErrorCallback
                0x0000000008006e28        0x4 ../../libDaisy//build/libdaisy.a(stm32h7xx_hal_qspi.o)
                0x0000000008006e28                HAL_QSPI_ErrorCallback
 .text.QSPI_DMAAbortCplt
                0x0000000008006e2c       0x38 ../../libDaisy//build/libdaisy.a(stm32h7xx_hal_qspi.o)
 .text.HAL_QSPI_AbortCpltCallback
                0x0000000008006e64        0x4 ../../libDaisy//build/libdaisy.a(stm32h7xx_hal_qspi.o)
                0x0000000008006e64                HAL_QSPI_AbortCpltCallback
 .text.HAL_QSPI_CmdCpltCallback
                0x0000000008006e68        0x4 ../../libDaisy//build/libdaisy.a(stm32h7xx_hal_qspi.o)
                0x0000000008006e68                HAL_QSPI_CmdCpltCallback
 .text.HAL_QSPI_RxCpltCallback
                0x0000000008006e6c        0x4 ../../libDaisy//build/libdaisy.a(stm32h7xx_hal_qspi.o)
                0x0000000008006e6c                HAL_QSPI_RxCpltCallback
 .text.HAL_QSPI_TxCpltCallback
                0x0000000008006e70        0x4 ../../libDaisy//build/libdaisy.a(stm32h7xx_hal_qspi.o)
                0x0000000008006e70                HAL_QSPI_TxCpltCallback
 .text.HAL_QSPI_FifoThresholdCallback
                0x0000000008006e74        0x4 ../../libDaisy//build/libdaisy.a(stm32h7xx_hal_qspi.o)
                0x0000000008006e74                HAL_QSPI_FifoThresholdCallback
 .text.HAL_QSPI_StatusMatchCallback
                0x0000000008006e78        0x4 ../../libDaisy//build/libdaisy.a(stm32h7xx_hal_qspi.o)
                0x0000000008006e78                HAL_QSPI_StatusMatchCallback
 .text.HAL_QSPI_TimeOutCallback
                0x0000000008006e7c        0x4 ../../libDaisy//build/libdaisy.a(stm32h7xx_hal_qspi.o)
                0x0000000008006e7c                HAL_QSPI_TimeOutCallback
 .text.HAL_QSPI_IRQHandler
                0x0000000008006e80      0x210 ../../libDaisy//build/libdaisy.a(stm32h7xx_hal_qspi.o)
                0x0000000008006e80                HAL_QSPI_IRQHandler
 .text.HAL_RCC_OscConfig
                0x0000000008007090      0x51c ../../libDaisy//build/libdaisy.a(stm32h7xx_hal_rcc.o)
                0x0000000008007090                HAL_RCC_OscConfig
 .text.HAL_RCC_GetSysClockFreq
                0x00000000080075ac      0x140 ../../libDaisy//build/libdaisy.a(stm32h7xx_hal_rcc.o)
                0x00000000080075ac                HAL_RCC_GetSysClockFreq
 .text.HAL_RCC_ClockConfig
                0x00000000080076ec      0x234 ../../libDaisy//build/libdaisy.a(stm32h7xx_hal_rcc.o)
                0x00000000080076ec                HAL_RCC_ClockConfig
 .text.HAL_RCC_GetHCLKFreq
                0x0000000008007920       0x2c ../../libDaisy//build/libdaisy.a(stm32h7xx_hal_rcc.o)
                0x0000000008007920                HAL_RCC_GetHCLKFreq
 .text.HAL_RCC_GetPCLK1Freq
                0x000000000800794c       0x38 ../../libDaisy//build/libdaisy.a(stm32h7xx_hal_rcc.o)
                0x000000000800794c                HAL_RCC_GetPCLK1Freq
 .text.HAL_RCC_GetPCLK2Freq
                0x0000000008007984       0x38 ../../libDaisy//build/libdaisy.a(stm32h7xx_hal_rcc.o)
                0x0000000008007984                HAL_RCC_GetPCLK2Freq
 .text.RCCEx_PLL2_Config
                0x00000000080079bc       0xf4 ../../libDaisy//build/libdaisy.a(stm32h7xx_hal_rcc_ex.o)
 .text.RCCEx_PLL3_Config
                0x0000000008007ab0       0xf4 ../../libDaisy//build/libdaisy.a(stm32h7xx_hal_rcc_ex.o)
 .text.HAL_RCCEx_PeriphCLKConfig
                0x0000000008007ba4      0xa7c ../../libDaisy//build/libdaisy.a(stm32h7xx_hal_rcc_ex.o)
                0x0000000008007ba4                HAL_RCCEx_PeriphCLKConfig
 .text.HAL_RCCEx_GetD3PCLK1Freq
                0x0000000008008620       0x24 ../../libDaisy//build/libdaisy.a(stm32h7xx_hal_rcc_ex.o)
                0x0000000008008620                HAL_RCCEx_GetD3PCLK1Freq
 .text.HAL_RCCEx_GetPLL2ClockFreq
                0x0000000008008644      0x17c ../../libDaisy//build/libdaisy.a(stm32h7xx_hal_rcc_ex.o)
                0x0000000008008644                HAL_RCCEx_GetPLL2ClockFreq
 .text.HAL_RCCEx_GetPLL3ClockFreq
                0x00000000080087c0      0x17c ../../libDaisy//build/libdaisy.a(stm32h7xx_hal_rcc_ex.o)
                0x00000000080087c0                HAL_RCCEx_GetPLL3ClockFreq
 .text.HAL_RCCEx_GetPLL1ClockFreq
                0x000000000800893c      0x17c ../../libDaisy//build/libdaisy.a(stm32h7xx_hal_rcc_ex.o)
                0x000000000800893c                HAL_RCCEx_GetPLL1ClockFreq
 .text.HAL_RCCEx_GetPeriphCLKFreq
                0x0000000008008ab8      0x198 ../../libDaisy//build/libdaisy.a(stm32h7xx_hal_rcc_ex.o)
                0x0000000008008ab8                HAL_RCCEx_GetPeriphCLKFreq
 .text.HAL_RCCEx_GetD1SysClockFreq
                0x0000000008008c50       0x2c ../../libDaisy//build/libdaisy.a(stm32h7xx_hal_rcc_ex.o)
                0x0000000008008c50                HAL_RCCEx_GetD1SysClockFreq
 .text.HAL_SAI_Init.part.0
                0x0000000008008c7c      0x348 ../../libDaisy//build/libdaisy.a(stm32h7xx_hal_sai.o)
 .text.HAL_SAI_InitProtocol
                0x0000000008008fc4      0x178 ../../libDaisy//build/libdaisy.a(stm32h7xx_hal_sai.o)
                0x0000000008008fc4                HAL_SAI_InitProtocol
 .text.HAL_SDRAM_Init
                0x000000000800913c       0x54 ../../libDaisy//build/libdaisy.a(stm32h7xx_hal_sdram.o)
                0x000000000800913c                HAL_SDRAM_Init
 .text.HAL_SDRAM_SendCommand
                0x0000000008009190       0x40 ../../libDaisy//build/libdaisy.a(stm32h7xx_hal_sdram.o)
                0x0000000008009190                HAL_SDRAM_SendCommand
 .text.HAL_SDRAM_ProgramRefreshRate
                0x00000000080091d0       0x30 ../../libDaisy//build/libdaisy.a(stm32h7xx_hal_sdram.o)
                0x00000000080091d0                HAL_SDRAM_ProgramRefreshRate
 .text.FMC_SDRAM_Init
                0x0000000008009200       0x7c ../../libDaisy//build/libdaisy.a(stm32h7xx_ll_fmc.o)
                0x0000000008009200                FMC_SDRAM_Init
 .text.FMC_SDRAM_Timing_Init
                0x000000000800927c       0x98 ../../libDaisy//build/libdaisy.a(stm32h7xx_ll_fmc.o)
                0x000000000800927c                FMC_SDRAM_Timing_Init
 .text.FMC_SDRAM_SendCommand
                0x0000000008009314       0x28 ../../libDaisy//build/libdaisy.a(stm32h7xx_ll_fmc.o)
                0x0000000008009314                FMC_SDRAM_SendCommand
 .text.FMC_SDRAM_ProgramRefreshRate
                0x000000000800933c       0x1c ../../libDaisy//build/libdaisy.a(stm32h7xx_ll_fmc.o)
                0x000000000800933c                FMC_SDRAM_ProgramRefreshRate
 .text.USB_CoreInit
                0x0000000008009358      0x124 ../../libDaisy//build/libdaisy.a(stm32h7xx_ll_usb.o)
                0x0000000008009358                USB_CoreInit
 .text.USB_SetTurnaroundTime
                0x000000000800947c      0x104 ../../libDaisy//build/libdaisy.a(stm32h7xx_ll_usb.o)
                0x000000000800947c                USB_SetTurnaroundTime
 .text.USB_EnableGlobalInt
                0x0000000008009580       0x10 ../../libDaisy//build/libdaisy.a(stm32h7xx_ll_usb.o)
                0x0000000008009580                USB_EnableGlobalInt
 .text.USB_DisableGlobalInt
                0x0000000008009590       0x10 ../../libDaisy//build/libdaisy.a(stm32h7xx_ll_usb.o)
                0x0000000008009590                USB_DisableGlobalInt
 .text.USB_SetCurrentMode
                0x00000000080095a0       0x30 ../../libDaisy//build/libdaisy.a(stm32h7xx_ll_usb.o)
                0x00000000080095a0                USB_SetCurrentMode
 .text.USB_DevInit
                0x00000000080095d0      0x20c ../../libDaisy//build/libdaisy.a(stm32h7xx_ll_usb.o)
                0x00000000080095d0                USB_DevInit
 .text.USB_FlushTxFifo
                0x00000000080097dc       0x34 ../../libDaisy//build/libdaisy.a(stm32h7xx_ll_usb.o)
                0x00000000080097dc                USB_FlushTxFifo
 .text.USB_GetDevSpeed
                0x0000000008009810       0x24 ../../libDaisy//build/libdaisy.a(stm32h7xx_ll_usb.o)
                0x0000000008009810                USB_GetDevSpeed
 .text.USB_ActivateEndpoint
                0x0000000008009834       0x90 ../../libDaisy//build/libdaisy.a(stm32h7xx_ll_usb.o)
                0x0000000008009834                USB_ActivateEndpoint
 .text.USB_DeactivateEndpoint
                0x00000000080098c4       0x84 ../../libDaisy//build/libdaisy.a(stm32h7xx_ll_usb.o)
                0x00000000080098c4                USB_DeactivateEndpoint
 .text.USB_EPStartXfer
                0x0000000008009948      0x230 ../../libDaisy//build/libdaisy.a(stm32h7xx_ll_usb.o)
                0x0000000008009948                USB_EPStartXfer
 .text.USB_EP0StartXfer
                0x0000000008009b78      0x174 ../../libDaisy//build/libdaisy.a(stm32h7xx_ll_usb.o)
                0x0000000008009b78                USB_EP0StartXfer
 .text.USB_WritePacket
                0x0000000008009cec       0x2c ../../libDaisy//build/libdaisy.a(stm32h7xx_ll_usb.o)
                0x0000000008009cec                USB_WritePacket
 .text.USB_ReadPacket
                0x0000000008009d18       0x20 ../../libDaisy//build/libdaisy.a(stm32h7xx_ll_usb.o)
                0x0000000008009d18                USB_ReadPacket
 .text.USB_EPSetStall
                0x0000000008009d38       0x68 ../../libDaisy//build/libdaisy.a(stm32h7xx_ll_usb.o)
                0x0000000008009d38                USB_EPSetStall
 .text.USB_EPClearStall
                0x0000000008009da0       0x58 ../../libDaisy//build/libdaisy.a(stm32h7xx_ll_usb.o)
                0x0000000008009da0                USB_EPClearStall
 .text.USB_SetDevAddress
                0x0000000008009df8       0x24 ../../libDaisy//build/libdaisy.a(stm32h7xx_ll_usb.o)
                0x0000000008009df8                USB_SetDevAddress
 .text.USB_DevConnect
                0x0000000008009e1c       0x1c ../../libDaisy//build/libdaisy.a(stm32h7xx_ll_usb.o)
                0x0000000008009e1c                USB_DevConnect
 .text.USB_DevDisconnect
                0x0000000008009e38       0x1c ../../libDaisy//build/libdaisy.a(stm32h7xx_ll_usb.o)
                0x0000000008009e38                USB_DevDisconnect
 .text.USB_ReadInterrupts
                0x0000000008009e54       0x14 ../../libDaisy//build/libdaisy.a(stm32h7xx_ll_usb.o)
                0x0000000008009e54                USB_ReadInterrupts
 .text.USB_ReadDevAllOutEpInterrupt
                0x0000000008009e68       0x1c ../../libDaisy//build/libdaisy.a(stm32h7xx_ll_usb.o)
                0x0000000008009e68                USB_ReadDevAllOutEpInterrupt
 .text.USB_ReadDevAllInEpInterrupt
                0x0000000008009e84       0x1c ../../libDaisy//build/libdaisy.a(stm32h7xx_ll_usb.o)
                0x0000000008009e84                USB_ReadDevAllInEpInterrupt
 .text.USB_ReadDevOutEPInterrupt
                0x0000000008009ea0       0x1c ../../libDaisy//build/libdaisy.a(stm32h7xx_ll_usb.o)
                0x0000000008009ea0                USB_ReadDevOutEPInterrupt
 .text.USB_ReadDevInEPInterrupt
                0x0000000008009ebc       0x38 ../../libDaisy//build/libdaisy.a(stm32h7xx_ll_usb.o)
                0x0000000008009ebc                USB_ReadDevInEPInterrupt
 .text.USB_GetMode
                0x0000000008009ef4        0x8 ../../libDaisy//build/libdaisy.a(stm32h7xx_ll_usb.o)
                0x0000000008009ef4                USB_GetMode
 .text.USB_ActivateSetup
                0x0000000008009efc       0x38 ../../libDaisy//build/libdaisy.a(stm32h7xx_ll_usb.o)
                0x0000000008009efc                USB_ActivateSetup
 .text.USB_EP0_OutStart
                0x0000000008009f34       0x58 ../../libDaisy//build/libdaisy.a(stm32h7xx_ll_usb.o)
                0x0000000008009f34                USB_EP0_OutStart
 .text.USB_InitFSLSPClkSel
                0x0000000008009f8c       0x44 ../../libDaisy//build/libdaisy.a(stm32h7xx_ll_usb.o)
                0x0000000008009f8c                USB_InitFSLSPClkSel
 .text.USB_HC_ReadInterrupt
                0x0000000008009fd0        0x8 ../../libDaisy//build/libdaisy.a(stm32h7xx_ll_usb.o)
                0x0000000008009fd0                USB_HC_ReadInterrupt
 .text.USB_HC_Halt
                0x0000000008009fd8       0xc0 ../../libDaisy//build/libdaisy.a(stm32h7xx_ll_usb.o)
                0x0000000008009fd8                USB_HC_Halt
 .text.USB_StopHost
                0x000000000800a098      0x2ec ../../libDaisy//build/libdaisy.a(stm32h7xx_ll_usb.o)
                0x000000000800a098                USB_StopHost
 .text.USBD_CDC_EP0_RxReady
                0x000000000800a384       0x2c ../../libDaisy//build/libdaisy.a(usbd_cdc.o)
 .text.USBD_CDC_GetFSCfgDesc
                0x000000000800a3b0       0x24 ../../libDaisy//build/libdaisy.a(usbd_cdc.o)
 .text.USBD_CDC_GetHSCfgDesc
                0x000000000800a3d4       0x24 ../../libDaisy//build/libdaisy.a(usbd_cdc.o)
 .text.USBD_CDC_GetOtherSpeedCfgDesc
                0x000000000800a3f8       0x24 ../../libDaisy//build/libdaisy.a(usbd_cdc.o)
 .text.USBD_CDC_GetDeviceQualifierDescriptor
                0x000000000800a41c       0x10 ../../libDaisy//build/libdaisy.a(usbd_cdc.o)
                0x000000000800a41c                USBD_CDC_GetDeviceQualifierDescriptor
 .text.USBD_CDC_DataOut
                0x000000000800a42c       0x30 ../../libDaisy//build/libdaisy.a(usbd_cdc.o)
 .text.USBD_CDC_DataIn
                0x000000000800a45c       0x50 ../../libDaisy//build/libdaisy.a(usbd_cdc.o)
 .text.USBD_CDC_Setup
                0x000000000800a4ac       0xcc ../../libDaisy//build/libdaisy.a(usbd_cdc.o)
 .text.USBD_CDC_DeInit
                0x000000000800a578       0x44 ../../libDaisy//build/libdaisy.a(usbd_cdc.o)
 .text.USBD_CDC_Init
                0x000000000800a5bc       0x94 ../../libDaisy//build/libdaisy.a(usbd_cdc.o)
 .text.USBD_CDC_RegisterInterface
                0x000000000800a650       0x10 ../../libDaisy//build/libdaisy.a(usbd_cdc.o)
                0x000000000800a650                USBD_CDC_RegisterInterface
 .text.USBD_CDC_SetTxBuffer
                0x000000000800a660       0x14 ../../libDaisy//build/libdaisy.a(usbd_cdc.o)
                0x000000000800a660                USBD_CDC_SetTxBuffer
 .text.USBD_CDC_SetRxBuffer
                0x000000000800a674       0x10 ../../libDaisy//build/libdaisy.a(usbd_cdc.o)
                0x000000000800a674                USBD_CDC_SetRxBuffer
 .text.USBD_CDC_TransmitPacket
                0x000000000800a684       0x34 ../../libDaisy//build/libdaisy.a(usbd_cdc.o)
                0x000000000800a684                USBD_CDC_TransmitPacket
 .text.USBD_CDC_ReceivePacket
                0x000000000800a6b8       0x38 ../../libDaisy//build/libdaisy.a(usbd_cdc.o)
                0x000000000800a6b8                USBD_CDC_ReceivePacket
 .text.USBD_Init
                0x000000000800a6f0       0x44 ../../libDaisy//build/libdaisy.a(usbd_core.o)
                0x000000000800a6f0                USBD_Init
 .text.USBD_RegisterClass
                0x000000000800a734       0x2c ../../libDaisy//build/libdaisy.a(usbd_core.o)
                0x000000000800a734                USBD_RegisterClass
 .text.USBD_Start
                0x000000000800a760        0xc ../../libDaisy//build/libdaisy.a(usbd_core.o)
                0x000000000800a760                USBD_Start
 .text.USBD_SetClassConfig
                0x000000000800a76c       0x14 ../../libDaisy//build/libdaisy.a(usbd_core.o)
                0x000000000800a76c                USBD_SetClassConfig
 .text.USBD_ClrClassConfig
                0x000000000800a780       0x10 ../../libDaisy//build/libdaisy.a(usbd_core.o)
                0x000000000800a780                USBD_ClrClassConfig
 .text.USBD_LL_SetupStage
                0x000000000800a790       0x5c ../../libDaisy//build/libdaisy.a(usbd_core.o)
                0x000000000800a790                USBD_LL_SetupStage
 .text.USBD_LL_DataOutStage
                0x000000000800a7ec       0x7c ../../libDaisy//build/libdaisy.a(usbd_core.o)
                0x000000000800a7ec                USBD_LL_DataOutStage
 .text.USBD_LL_DataInStage
                0x000000000800a868       0xcc ../../libDaisy//build/libdaisy.a(usbd_core.o)
                0x000000000800a868                USBD_LL_DataInStage
 .text.USBD_LL_Reset
                0x000000000800a934       0x50 ../../libDaisy//build/libdaisy.a(usbd_core.o)
                0x000000000800a934                USBD_LL_Reset
 .text.USBD_LL_SetSpeed
                0x000000000800a984        0x8 ../../libDaisy//build/libdaisy.a(usbd_core.o)
                0x000000000800a984                USBD_LL_SetSpeed
 .text.USBD_LL_Suspend
                0x000000000800a98c       0x14 ../../libDaisy//build/libdaisy.a(usbd_core.o)
                0x000000000800a98c                USBD_LL_Suspend
 .text.USBD_LL_Resume
                0x000000000800a9a0       0x10 ../../libDaisy//build/libdaisy.a(usbd_core.o)
                0x000000000800a9a0                USBD_LL_Resume
 .text.USBD_LL_SOF
                0x000000000800a9b0       0x1c ../../libDaisy//build/libdaisy.a(usbd_core.o)
                0x000000000800a9b0                USBD_LL_SOF
 .text.USBD_LL_IsoINIncomplete
                0x000000000800a9cc        0x4 ../../libDaisy//build/libdaisy.a(usbd_core.o)
                0x000000000800a9cc                USBD_LL_IsoINIncomplete
 .text.USBD_LL_IsoOUTIncomplete
                0x000000000800a9d0        0x4 ../../libDaisy//build/libdaisy.a(usbd_core.o)
                0x000000000800a9d0                USBD_LL_IsoOUTIncomplete
 .text.USBD_LL_DevConnected
                0x000000000800a9d4        0x4 ../../libDaisy//build/libdaisy.a(usbd_core.o)
                0x000000000800a9d4                USBD_LL_DevConnected
 .text.USBD_LL_DevDisconnected
                0x000000000800a9d8       0x18 ../../libDaisy//build/libdaisy.a(usbd_core.o)
                0x000000000800a9d8                USBD_LL_DevDisconnected
 .text.USBD_StdDevReq
                0x000000000800a9f0      0x304 ../../libDaisy//build/libdaisy.a(usbd_ctlreq.o)
                0x000000000800a9f0                USBD_StdDevReq
 .text.USBD_StdItfReq
                0x000000000800acf4       0x68 ../../libDaisy//build/libdaisy.a(usbd_ctlreq.o)
                0x000000000800acf4                USBD_StdItfReq
 .text.USBD_StdEPReq
                0x000000000800ad5c      0x13c ../../libDaisy//build/libdaisy.a(usbd_ctlreq.o)
                0x000000000800ad5c                USBD_StdEPReq
 .text.USBD_ParseSetupRequest
                0x000000000800ae98       0x28 ../../libDaisy//build/libdaisy.a(usbd_ctlreq.o)
                0x000000000800ae98                USBD_ParseSetupRequest
 .text.USBD_CtlError
                0x000000000800aec0       0x18 ../../libDaisy//build/libdaisy.a(usbd_ctlreq.o)
                0x000000000800aec0                USBD_CtlError
 .text.USBD_GetString
                0x000000000800aed8       0x54 ../../libDaisy//build/libdaisy.a(usbd_ctlreq.o)
                0x000000000800aed8                USBD_GetString
 .text.USBD_CtlSendData
                0x000000000800af2c       0x1c ../../libDaisy//build/libdaisy.a(usbd_ioreq.o)
                0x000000000800af2c                USBD_CtlSendData
 .text.USBD_CtlContinueSendData
                0x000000000800af48       0x14 ../../libDaisy//build/libdaisy.a(usbd_ioreq.o)
                0x000000000800af48                USBD_CtlContinueSendData
 .text.USBD_CtlPrepareRx
                0x000000000800af5c       0x1c ../../libDaisy//build/libdaisy.a(usbd_ioreq.o)
                0x000000000800af5c                USBD_CtlPrepareRx
 .text.USBD_CtlContinueRx
                0x000000000800af78       0x14 ../../libDaisy//build/libdaisy.a(usbd_ioreq.o)
                0x000000000800af78                USBD_CtlContinueRx
 .text.USBD_CtlSendStatus
                0x000000000800af8c       0x18 ../../libDaisy//build/libdaisy.a(usbd_ioreq.o)
                0x000000000800af8c                USBD_CtlSendStatus
 .text.USBD_CtlReceiveStatus
                0x000000000800afa4       0x18 ../../libDaisy//build/libdaisy.a(usbd_ioreq.o)
                0x000000000800afa4                USBD_CtlReceiveStatus
 .text.USBH_LL_IncTimer
                0x000000000800afbc       0x20 ../../libDaisy//build/libdaisy.a(usbh_core.o)
                0x000000000800afbc                USBH_LL_IncTimer
 .text.USBH_LL_PortEnabled
                0x000000000800afdc        0x8 ../../libDaisy//build/libdaisy.a(usbh_core.o)
                0x000000000800afdc                USBH_LL_PortEnabled
 .text.USBH_LL_PortDisabled
                0x000000000800afe4        0x8 ../../libDaisy//build/libdaisy.a(usbh_core.o)
                0x000000000800afe4                USBH_LL_PortDisabled
 .text.USBH_LL_Connect
                0x000000000800afec       0x18 ../../libDaisy//build/libdaisy.a(usbh_core.o)
                0x000000000800afec                USBH_LL_Connect
 .text.USBH_LL_Disconnect
                0x000000000800b004       0x2c ../../libDaisy//build/libdaisy.a(usbh_core.o)
                0x000000000800b004                USBH_LL_Disconnect
 .text.USBH_FreePipe
                0x000000000800b030       0x18 ../../libDaisy//build/libdaisy.a(usbh_pipes.o)
                0x000000000800b030                USBH_FreePipe
 .text._ZN5daisy6Random4InitEv
                0x000000000800b048       0x3c ../../libDaisy//build/libdaisy.a(rng.o)
                0x000000000800b048                daisy::Random::Init()
 .text._ZN5daisy9SpiHandle4Impl7InitDmaEv
                0x000000000800b084       0xec ../../libDaisy//build/libdaisy.a(spi.o)
                0x000000000800b084                daisy::SpiHandle::Impl::InitDma()
 .text._ZN5daisy9SpiHandle4Impl10StartDmaTxEPhjPFvPvEPFvS3_NS0_6ResultEES3_
                0x000000000800b170       0xc8 ../../libDaisy//build/libdaisy.a(spi.o)
                0x000000000800b170                daisy::SpiHandle::Impl::StartDmaTx(unsigned char*, unsigned int, void (*)(void*), void (*)(void*, daisy::SpiHandle::Result), void*)
 .text._ZN5daisy9SpiHandle4Impl10StartDmaRxEPhjPFvPvEPFvS3_NS0_6ResultEES3_
                0x000000000800b238       0xc8 ../../libDaisy//build/libdaisy.a(spi.o)
                0x000000000800b238                daisy::SpiHandle::Impl::StartDmaRx(unsigned char*, unsigned int, void (*)(void*), void (*)(void*, daisy::SpiHandle::Result), void*)
 .text._ZN5daisy9SpiHandle4Impl12StartDmaRxTxEPhS2_jPFvPvEPFvS3_NS0_6ResultEES3_
                0x000000000800b300       0xcc ../../libDaisy//build/libdaisy.a(spi.o)
                0x000000000800b300                daisy::SpiHandle::Impl::StartDmaRxTx(unsigned char*, unsigned char*, unsigned int, void (*)(void*), void (*)(void*, daisy::SpiHandle::Result), void*)
 .text._ZN5daisy9SpiHandle4Impl8InitPinsEv
                0x000000000800b3cc      0x274 ../../libDaisy//build/libdaisy.a(spi.o)
                0x000000000800b3cc                daisy::SpiHandle::Impl::InitPins()
 .text.HAL_SPI_MspInit
                0x000000000800b640      0x1a8 ../../libDaisy//build/libdaisy.a(spi.o)
                0x000000000800b640                HAL_SPI_MspInit
 .text.dsy_spi_global_init
                0x000000000800b7e8       0x80 ../../libDaisy//build/libdaisy.a(spi.o)
                0x000000000800b7e8                dsy_spi_global_init
 .text.SPI1_IRQHandler
                0x000000000800b868        0xc ../../libDaisy//build/libdaisy.a(spi.o)
                0x000000000800b868                SPI1_IRQHandler
 .text.SPI2_IRQHandler
                0x000000000800b874        0xc ../../libDaisy//build/libdaisy.a(spi.o)
                0x000000000800b874                SPI2_IRQHandler
 .text.SPI3_IRQHandler
                0x000000000800b880        0xc ../../libDaisy//build/libdaisy.a(spi.o)
                0x000000000800b880                SPI3_IRQHandler
 .text.SPI4_IRQHandler
                0x000000000800b88c        0xc ../../libDaisy//build/libdaisy.a(spi.o)
                0x000000000800b88c                SPI4_IRQHandler
 .text.SPI5_IRQHandler
                0x000000000800b898        0xc ../../libDaisy//build/libdaisy.a(spi.o)
                0x000000000800b898                SPI5_IRQHandler
 .text.DMA2_Stream2_IRQHandler
                0x000000000800b8a4       0x34 ../../libDaisy//build/libdaisy.a(spi.o)
                0x000000000800b8a4                DMA2_Stream2_IRQHandler
 .text.DMA2_Stream3_IRQHandler
                0x000000000800b8d8       0x38 ../../libDaisy//build/libdaisy.a(spi.o)
                0x000000000800b8d8                DMA2_Stream3_IRQHandler
 .text.HAL_SPI_TxCpltCallback
                0x000000000800b910       0xc4 ../../libDaisy//build/libdaisy.a(spi.o)
                0x000000000800b910                HAL_SPI_TxCpltCallback
 .text.HAL_SPI_RxCpltCallback
                0x000000000800b9d4       0xc4 ../../libDaisy//build/libdaisy.a(spi.o)
                0x000000000800b9d4                HAL_SPI_RxCpltCallback
 .text.HAL_SPI_TxRxCpltCallback
                0x000000000800ba98       0xc4 ../../libDaisy//build/libdaisy.a(spi.o)
                0x000000000800ba98                HAL_SPI_TxRxCpltCallback
 .text.HAL_SPI_ErrorCallback
                0x000000000800bb5c       0xc8 ../../libDaisy//build/libdaisy.a(spi.o)
                0x000000000800bb5c                HAL_SPI_ErrorCallback
 .text.startup._GLOBAL__sub_I__Z19MapInstanceToHandleP11SPI_TypeDef
                0x000000000800bc24      0x1b0 ../../libDaisy//build/libdaisy.a(spi.o)
 .text.HAL_TIM_Base_MspInit
                0x000000000800bdd4      0x1e0 ../../libDaisy//build/libdaisy.a(tim.o)
                0x000000000800bdd4                HAL_TIM_Base_MspInit
 .text.HAL_TIM_PeriodElapsedCallback
                0x000000000800bfb4       0x44 ../../libDaisy//build/libdaisy.a(tim.o)
                0x000000000800bfb4                HAL_TIM_PeriodElapsedCallback
 .text.TIM2_IRQHandler
                0x000000000800bff8        0xc ../../libDaisy//build/libdaisy.a(tim.o)
                0x000000000800bff8                TIM2_IRQHandler
 .text.TIM3_IRQHandler
                0x000000000800c004        0xc ../../libDaisy//build/libdaisy.a(tim.o)
                0x000000000800c004                TIM3_IRQHandler
 .text.TIM4_IRQHandler
                0x000000000800c010        0xc ../../libDaisy//build/libdaisy.a(tim.o)
                0x000000000800c010                TIM4_IRQHandler
 .text.TIM5_IRQHandler
                0x000000000800c01c        0xc ../../libDaisy//build/libdaisy.a(tim.o)
                0x000000000800c01c                TIM5_IRQHandler
 .text._ZN5daisy11TimerHandle4InitERKNS0_6ConfigE
                0x000000000800c028       0xd0 ../../libDaisy//build/libdaisy.a(tim.o)
                0x000000000800c028                daisy::TimerHandle::Init(daisy::TimerHandle::Config const&)
 .text._ZN5daisy11TimerHandle5StartEv
                0x000000000800c0f8       0x24 ../../libDaisy//build/libdaisy.a(tim.o)
                0x000000000800c0f8                daisy::TimerHandle::Start()
 .text.startup._GLOBAL__sub_I__ZN5daisy11TimerHandle4Impl4InitERKNS0_6ConfigE
                0x000000000800c11c       0x38 ../../libDaisy//build/libdaisy.a(tim.o)
 .text._ZN5daisy11UartHandler4Impl7InitDmaEbb
                0x000000000800c154      0x164 ../../libDaisy//build/libdaisy.a(uart.o)
                0x000000000800c154                daisy::UartHandler::Impl::InitDma(bool, bool)
 .text._ZN5daisy11UartHandler4Impl10HandleFifoEv
                0x000000000800c2b8       0xec ../../libDaisy//build/libdaisy.a(uart.o)
                0x000000000800c2b8                daisy::UartHandler::Impl::HandleFifo()
 .text._ZN5daisy11UartHandler4Impl10StartDmaTxEPhjPFvPvEPFvS3_NS0_6ResultEES3_
                0x000000000800c3a4       0xcc ../../libDaisy//build/libdaisy.a(uart.o)
                0x000000000800c3a4                daisy::UartHandler::Impl::StartDmaTx(unsigned char*, unsigned int, void (*)(void*), void (*)(void*, daisy::UartHandler::Result), void*)
 .text._ZN5daisy11UartHandler4Impl10StartDmaRxEPhjPFvPvEPFvS3_NS0_6ResultEES3_
                0x000000000800c470       0xcc ../../libDaisy//build/libdaisy.a(uart.o)
                0x000000000800c470                daisy::UartHandler::Impl::StartDmaRx(unsigned char*, unsigned int, void (*)(void*), void (*)(void*, daisy::UartHandler::Result), void*)
 .text._ZN5daisy11UartHandler4Impl19DmaTransferFinishedEP20__UART_HandleTypeDefNS0_6ResultE
                0x000000000800c53c       0xc0 ../../libDaisy//build/libdaisy.a(uart.o)
                0x000000000800c53c                daisy::UartHandler::Impl::DmaTransferFinished(__UART_HandleTypeDef*, daisy::UartHandler::Result)
 .text._ZN5daisy11UartHandler4Impl8InitPinsEv
                0x000000000800c5fc      0x150 ../../libDaisy//build/libdaisy.a(uart.o)
                0x000000000800c5fc                daisy::UartHandler::Impl::InitPins()
 .text.HAL_UART_MspInit
                0x000000000800c74c      0x210 ../../libDaisy//build/libdaisy.a(uart.o)
                0x000000000800c74c                HAL_UART_MspInit
 .text.dsy_uart_global_init
                0x000000000800c95c       0xfc ../../libDaisy//build/libdaisy.a(uart.o)
                0x000000000800c95c                dsy_uart_global_init
 .text.USART1_IRQHandler
                0x000000000800ca58       0x30 ../../libDaisy//build/libdaisy.a(uart.o)
                0x000000000800ca58                USART1_IRQHandler
 .text.USART2_IRQHandler
                0x000000000800ca88       0x34 ../../libDaisy//build/libdaisy.a(uart.o)
                0x000000000800ca88                USART2_IRQHandler
 .text.USART3_IRQHandler
                0x000000000800cabc       0x34 ../../libDaisy//build/libdaisy.a(uart.o)
                0x000000000800cabc                USART3_IRQHandler
 .text.UART4_IRQHandler
                0x000000000800caf0       0x34 ../../libDaisy//build/libdaisy.a(uart.o)
                0x000000000800caf0                UART4_IRQHandler
 .text.UART5_IRQHandler
                0x000000000800cb24       0x34 ../../libDaisy//build/libdaisy.a(uart.o)
                0x000000000800cb24                UART5_IRQHandler
 .text.USART6_IRQHandler
                0x000000000800cb58       0x34 ../../libDaisy//build/libdaisy.a(uart.o)
                0x000000000800cb58                USART6_IRQHandler
 .text.UART7_IRQHandler
                0x000000000800cb8c       0x30 ../../libDaisy//build/libdaisy.a(uart.o)
                0x000000000800cb8c                UART7_IRQHandler
 .text.UART8_IRQHandler
                0x000000000800cbbc       0x34 ../../libDaisy//build/libdaisy.a(uart.o)
                0x000000000800cbbc                UART8_IRQHandler
 .text.LPUART1_IRQHandler
                0x000000000800cbf0       0x34 ../../libDaisy//build/libdaisy.a(uart.o)
                0x000000000800cbf0                LPUART1_IRQHandler
 .text.DMA1_Stream5_IRQHandler
                0x000000000800cc24       0x34 ../../libDaisy//build/libdaisy.a(uart.o)
                0x000000000800cc24                DMA1_Stream5_IRQHandler
 .text.DMA2_Stream4_IRQHandler
                0x000000000800cc58       0x34 ../../libDaisy//build/libdaisy.a(uart.o)
                0x000000000800cc58                DMA2_Stream4_IRQHandler
 .text.HAL_UART_TxCpltCallback
                0x000000000800cc8c        0x8 ../../libDaisy//build/libdaisy.a(uart.o)
                0x000000000800cc8c                HAL_UART_TxCpltCallback
 .text.HAL_UART_RxCpltCallback
                0x000000000800cc94        0x8 ../../libDaisy//build/libdaisy.a(uart.o)
                0x000000000800cc94                HAL_UART_RxCpltCallback
 .text.HAL_UART_ErrorCallback
                0x000000000800cc9c        0x8 ../../libDaisy//build/libdaisy.a(uart.o)
                0x000000000800cc9c                HAL_UART_ErrorCallback
 .text.startup._GLOBAL__sub_I__Z19MapInstanceToHandleP13USART_TypeDef
                0x000000000800cca4      0x190 ../../libDaisy//build/libdaisy.a(uart.o)
 .text.dsy_dma_init
                0x000000000800ce34      0x100 ../../libDaisy//build/libdaisy.a(dma.o)
                0x000000000800ce34                dsy_dma_init
 .text.HAL_MDMA_Abort_IT
                0x000000000800cf34       0x2c ../../libDaisy//build/libdaisy.a(stm32h7xx_hal_mdma.o)
                0x000000000800cf34                HAL_MDMA_Abort_IT
 .text.SPI_CloseTransfer
                0x000000000800cf60       0xb8 ../../libDaisy//build/libdaisy.a(stm32h7xx_hal_spi.o)
 .text.HAL_SPI_Init
                0x000000000800d018      0x15c ../../libDaisy//build/libdaisy.a(stm32h7xx_hal_spi.o)
                0x000000000800d018                HAL_SPI_Init
 .text.HAL_SPI_Transmit_DMA
                0x000000000800d174      0x170 ../../libDaisy//build/libdaisy.a(stm32h7xx_hal_spi.o)
                0x000000000800d174                HAL_SPI_Transmit_DMA
 .text.HAL_SPI_TransmitReceive_DMA
                0x000000000800d2e4      0x218 ../../libDaisy//build/libdaisy.a(stm32h7xx_hal_spi.o)
                0x000000000800d2e4                HAL_SPI_TransmitReceive_DMA
 .text.HAL_SPI_Receive_DMA
                0x000000000800d4fc      0x1b4 ../../libDaisy//build/libdaisy.a(stm32h7xx_hal_spi.o)
                0x000000000800d4fc                HAL_SPI_Receive_DMA
 .text.SPI_DMATransmitCplt
                0x000000000800d6b0       0x28 ../../libDaisy//build/libdaisy.a(stm32h7xx_hal_spi.o)
 .text.SPI_DMAReceiveCplt
                0x000000000800d6d8       0x28 ../../libDaisy//build/libdaisy.a(stm32h7xx_hal_spi.o)
 .text.SPI_DMATransmitReceiveCplt
                0x000000000800d700       0x28 ../../libDaisy//build/libdaisy.a(stm32h7xx_hal_spi.o)
 .text.HAL_SPI_TxHalfCpltCallback
                0x000000000800d728        0x4 ../../libDaisy//build/libdaisy.a(stm32h7xx_hal_spi.o)
                0x000000000800d728                HAL_SPI_TxHalfCpltCallback
 .text.SPI_DMAHalfTransmitCplt
                0x000000000800d72c        0xc ../../libDaisy//build/libdaisy.a(stm32h7xx_hal_spi.o)
 .text.HAL_SPI_RxHalfCpltCallback
                0x000000000800d738        0x4 ../../libDaisy//build/libdaisy.a(stm32h7xx_hal_spi.o)
                0x000000000800d738                HAL_SPI_RxHalfCpltCallback
 .text.SPI_DMAHalfReceiveCplt
                0x000000000800d73c        0xc ../../libDaisy//build/libdaisy.a(stm32h7xx_hal_spi.o)
 .text.HAL_SPI_TxRxHalfCpltCallback
                0x000000000800d748        0x4 ../../libDaisy//build/libdaisy.a(stm32h7xx_hal_spi.o)
                0x000000000800d748                HAL_SPI_TxRxHalfCpltCallback
 .text.SPI_DMAHalfTransmitReceiveCplt
                0x000000000800d74c        0xc ../../libDaisy//build/libdaisy.a(stm32h7xx_hal_spi.o)
 .text.SPI_DMAError
                0x000000000800d758       0xd8 ../../libDaisy//build/libdaisy.a(stm32h7xx_hal_spi.o)
 .text.HAL_SPI_IRQHandler
                0x000000000800d830      0x23c ../../libDaisy//build/libdaisy.a(stm32h7xx_hal_spi.o)
                0x000000000800d830                HAL_SPI_IRQHandler
 .text.SPI_DMAAbortOnError
                0x000000000800da6c       0x1c ../../libDaisy//build/libdaisy.a(stm32h7xx_hal_spi.o)
 .text.HAL_SPI_GetState
                0x000000000800da88        0x8 ../../libDaisy//build/libdaisy.a(stm32h7xx_hal_spi.o)
                0x000000000800da88                HAL_SPI_GetState
 .text.HAL_TIM_Base_Init
                0x000000000800da90      0x140 ../../libDaisy//build/libdaisy.a(stm32h7xx_hal_tim.o)
                0x000000000800da90                HAL_TIM_Base_Init
 .text.HAL_TIM_Base_Start
                0x000000000800dbd0       0x34 ../../libDaisy//build/libdaisy.a(stm32h7xx_hal_tim.o)
                0x000000000800dbd0                HAL_TIM_Base_Start
 .text.HAL_TIM_Base_Start_IT
                0x000000000800dc04       0x2c ../../libDaisy//build/libdaisy.a(stm32h7xx_hal_tim.o)
                0x000000000800dc04                HAL_TIM_Base_Start_IT
 .text.HAL_TIM_ConfigClockSource
                0x000000000800dc30      0x17c ../../libDaisy//build/libdaisy.a(stm32h7xx_hal_tim.o)
                0x000000000800dc30                HAL_TIM_ConfigClockSource
 .text.HAL_TIM_OC_DelayElapsedCallback
                0x000000000800ddac        0x4 ../../libDaisy//build/libdaisy.a(stm32h7xx_hal_tim.o)
                0x000000000800ddac                HAL_TIM_OC_DelayElapsedCallback
 .text.HAL_TIM_IC_CaptureCallback
                0x000000000800ddb0        0x4 ../../libDaisy//build/libdaisy.a(stm32h7xx_hal_tim.o)
                0x000000000800ddb0                HAL_TIM_IC_CaptureCallback
 .text.HAL_TIM_PWM_PulseFinishedCallback
                0x000000000800ddb4        0x4 ../../libDaisy//build/libdaisy.a(stm32h7xx_hal_tim.o)
                0x000000000800ddb4                HAL_TIM_PWM_PulseFinishedCallback
 .text.HAL_TIM_TriggerCallback
                0x000000000800ddb8        0x4 ../../libDaisy//build/libdaisy.a(stm32h7xx_hal_tim.o)
                0x000000000800ddb8                HAL_TIM_TriggerCallback
 .text.HAL_TIM_IRQHandler
                0x000000000800ddbc      0x170 ../../libDaisy//build/libdaisy.a(stm32h7xx_hal_tim.o)
                0x000000000800ddbc                HAL_TIM_IRQHandler
 .text.HAL_TIMEx_MasterConfigSynchronization
                0x000000000800df2c       0x64 ../../libDaisy//build/libdaisy.a(stm32h7xx_hal_tim_ex.o)
                0x000000000800df2c                HAL_TIMEx_MasterConfigSynchronization
 .text.HAL_TIMEx_CommutCallback
                0x000000000800df90        0x4 ../../libDaisy//build/libdaisy.a(stm32h7xx_hal_tim_ex.o)
                0x000000000800df90                HAL_TIMEx_CommutCallback
 .text.HAL_TIMEx_BreakCallback
                0x000000000800df94        0x4 ../../libDaisy//build/libdaisy.a(stm32h7xx_hal_tim_ex.o)
                0x000000000800df94                HAL_TIMEx_BreakCallback
 .text.HAL_TIMEx_Break2Callback
                0x000000000800df98        0x4 ../../libDaisy//build/libdaisy.a(stm32h7xx_hal_tim_ex.o)
                0x000000000800df98                HAL_TIMEx_Break2Callback
 .text.HAL_UART_Transmit_DMA
                0x000000000800df9c       0xa4 ../../libDaisy//build/libdaisy.a(stm32h7xx_hal_uart.o)
                0x000000000800df9c                HAL_UART_Transmit_DMA
 .text.HAL_UART_Receive_DMA
                0x000000000800e040       0xac ../../libDaisy//build/libdaisy.a(stm32h7xx_hal_uart.o)
                0x000000000800e040                HAL_UART_Receive_DMA
 .text.UART_DMATransmitCplt
                0x000000000800e0ec       0x2c ../../libDaisy//build/libdaisy.a(stm32h7xx_hal_uart.o)
 .text.HAL_UART_TxHalfCpltCallback
                0x000000000800e118        0x4 ../../libDaisy//build/libdaisy.a(stm32h7xx_hal_uart.o)
                0x000000000800e118                HAL_UART_TxHalfCpltCallback
 .text.UART_DMATxHalfCplt
                0x000000000800e11c        0xc ../../libDaisy//build/libdaisy.a(stm32h7xx_hal_uart.o)
 .text.UART_DMAReceiveCplt
                0x000000000800e128       0x38 ../../libDaisy//build/libdaisy.a(stm32h7xx_hal_uart.o)
 .text.HAL_UART_RxHalfCpltCallback
                0x000000000800e160        0x4 ../../libDaisy//build/libdaisy.a(stm32h7xx_hal_uart.o)
                0x000000000800e160                HAL_UART_RxHalfCpltCallback
 .text.UART_DMARxHalfCplt
                0x000000000800e164        0xc ../../libDaisy//build/libdaisy.a(stm32h7xx_hal_uart.o)
 .text.UART_DMAError
                0x000000000800e170       0x78 ../../libDaisy//build/libdaisy.a(stm32h7xx_hal_uart.o)
 .text.HAL_UART_IRQHandler
                0x000000000800e1e8      0x1d0 ../../libDaisy//build/libdaisy.a(stm32h7xx_hal_uart.o)
                0x000000000800e1e8                HAL_UART_IRQHandler
 .text.UART_DMAAbortOnError
                0x000000000800e3b8       0x14 ../../libDaisy//build/libdaisy.a(stm32h7xx_hal_uart.o)
 .text.HAL_UART_GetState
                0x000000000800e3cc        0xc ../../libDaisy//build/libdaisy.a(stm32h7xx_hal_uart.o)
                0x000000000800e3cc                HAL_UART_GetState
 .text.UART_SetConfig
                0x000000000800e3d8     0x14b8 ../../libDaisy//build/libdaisy.a(stm32h7xx_hal_uart.o)
                0x000000000800e3d8                UART_SetConfig
 .text.UART_AdvFeatureConfig
                0x000000000800f890       0xb0 ../../libDaisy//build/libdaisy.a(stm32h7xx_hal_uart.o)
                0x000000000800f890                UART_AdvFeatureConfig
 .text.UART_CheckIdleState
                0x000000000800f940       0x84 ../../libDaisy//build/libdaisy.a(stm32h7xx_hal_uart.o)
                0x000000000800f940                UART_CheckIdleState
 .text.HAL_UART_Init
                0x000000000800f9c4       0x68 ../../libDaisy//build/libdaisy.a(stm32h7xx_hal_uart.o)
                0x000000000800f9c4                HAL_UART_Init
 .text.HAL_UARTEx_WakeupCallback
                0x000000000800fa2c        0x4 ../../libDaisy//build/libdaisy.a(stm32h7xx_hal_uart_ex.o)
                0x000000000800fa2c                HAL_UARTEx_WakeupCallback
 .text.HAL_UARTEx_RxFifoFullCallback
                0x000000000800fa30        0x4 ../../libDaisy//build/libdaisy.a(stm32h7xx_hal_uart_ex.o)
                0x000000000800fa30                HAL_UARTEx_RxFifoFullCallback
 .text.HAL_UARTEx_TxFifoEmptyCallback
                0x000000000800fa34        0x4 ../../libDaisy//build/libdaisy.a(stm32h7xx_hal_uart_ex.o)
                0x000000000800fa34                HAL_UARTEx_TxFifoEmptyCallback
 .text.__aeabi_atexit
                0x000000000800fa38        0xa /opt/homebrew/Cellar/arm-none-eabi-gcc/10.3-2021.07/gcc/bin/../lib/gcc/arm-none-eabi/10.3.1/../../../../arm-none-eabi/lib/thumb/v7e-m+dp/hard/libstdc++_nano.a(atexit_arm.o)
                0x000000000800fa38                __aeabi_atexit
 *fill*         0x000000000800fa42        0x2 
 .text.calloc   0x000000000800fa44       0x10 /opt/homebrew/Cellar/arm-none-eabi-gcc/10.3-2021.07/gcc/bin/../lib/gcc/arm-none-eabi/10.3.1/../../../../arm-none-eabi/lib/thumb/v7e-m+dp/hard/libc_nano.a(lib_a-calloc.o)
                0x000000000800fa44                calloc
 .text.__cxa_atexit
                0x000000000800fa54       0x1c /opt/homebrew/Cellar/arm-none-eabi-gcc/10.3-2021.07/gcc/bin/../lib/gcc/arm-none-eabi/10.3.1/../../../../arm-none-eabi/lib/thumb/v7e-m+dp/hard/libc_nano.a(lib_a-cxa_atexit.o)
                0x000000000800fa54                __cxa_atexit
 .text.__libc_init_array
                0x000000000800fa70       0x48 /opt/homebrew/Cellar/arm-none-eabi-gcc/10.3-2021.07/gcc/bin/../lib/gcc/arm-none-eabi/10.3.1/../../../../arm-none-eabi/lib/thumb/v7e-m+dp/hard/libc_nano.a(lib_a-init.o)
                0x000000000800fa70                __libc_init_array
 .text.free     0x000000000800fab8       0x10 /opt/homebrew/Cellar/arm-none-eabi-gcc/10.3-2021.07/gcc/bin/../lib/gcc/arm-none-eabi/10.3.1/../../../../arm-none-eabi/lib/thumb/v7e-m+dp/hard/libc_nano.a(lib_a-malloc.o)
                0x000000000800fab8                free